Archive member included to satisfy reference by file (symbol)

d:/design/nucleistudio/toolchain/gcc/bin/../lib/gcc/riscv-nuclei-elf/10.2.0/rv32imac/ilp32\libgcc.a(_divdi3.o)
                              ./nuclei_sdk/SoC/gd32vf103/Common/Source/Stubs/newlib/gettimeofday.o (__divdi3)
d:/design/nucleistudio/toolchain/gcc/bin/../lib/gcc/riscv-nuclei-elf/10.2.0/rv32imac/ilp32\libgcc.a(_udivdi3.o)
                              ./nuclei_sdk/SoC/gd32vf103/Common/Source/Stubs/newlib/gettimeofday.o (__udivdi3)
d:/design/nucleistudio/toolchain/gcc/bin/../lib/gcc/riscv-nuclei-elf/10.2.0/rv32imac/ilp32\libgcc.a(_umoddi3.o)
                              ./nuclei_sdk/SoC/gd32vf103/Common/Source/Stubs/newlib/gettimeofday.o (__umoddi3)
d:/design/nucleistudio/toolchain/gcc/bin/../lib/gcc/riscv-nuclei-elf/10.2.0/rv32imac/ilp32\libgcc.a(_clz.o)
                              d:/design/nucleistudio/toolchain/gcc/bin/../lib/gcc/riscv-nuclei-elf/10.2.0/rv32imac/ilp32\libgcc.a(_divdi3.o) (__clz_tab)
d:/design/nucleistudio/toolchain/gcc/bin/../lib/gcc/riscv-nuclei-elf/10.2.0/../../../../riscv-nuclei-elf/lib/rv32imac/ilp32\libg_nano.a(lib_a-atexit.o)
                              ./nuclei_sdk/SoC/gd32vf103/Common/Source/GCC/startup_gd32vf103.o (atexit)
d:/design/nucleistudio/toolchain/gcc/bin/../lib/gcc/riscv-nuclei-elf/10.2.0/../../../../riscv-nuclei-elf/lib/rv32imac/ilp32\libg_nano.a(lib_a-fini.o)
                              ./nuclei_sdk/SoC/gd32vf103/Common/Source/GCC/startup_gd32vf103.o (__libc_fini_array)
d:/design/nucleistudio/toolchain/gcc/bin/../lib/gcc/riscv-nuclei-elf/10.2.0/../../../../riscv-nuclei-elf/lib/rv32imac/ilp32\libg_nano.a(lib_a-init.o)
                              ./nuclei_sdk/SoC/gd32vf103/Common/Source/GCC/startup_gd32vf103.o (__libc_init_array)
d:/design/nucleistudio/toolchain/gcc/bin/../lib/gcc/riscv-nuclei-elf/10.2.0/../../../../riscv-nuclei-elf/lib/rv32imac/ilp32\libg_nano.a(lib_a-memcmp.o)
                              ./rt-thread/components/finsh/shell.o (memcmp)
d:/design/nucleistudio/toolchain/gcc/bin/../lib/gcc/riscv-nuclei-elf/10.2.0/../../../../riscv-nuclei-elf/lib/rv32imac/ilp32\libg_nano.a(lib_a-memcpy.o)
                              ./rt-thread/components/finsh/shell.o (memcpy)
d:/design/nucleistudio/toolchain/gcc/bin/../lib/gcc/riscv-nuclei-elf/10.2.0/../../../../riscv-nuclei-elf/lib/rv32imac/ilp32\libg_nano.a(lib_a-memset.o)
                              ./rt-thread/components/finsh/shell.o (memset)
d:/design/nucleistudio/toolchain/gcc/bin/../lib/gcc/riscv-nuclei-elf/10.2.0/../../../../riscv-nuclei-elf/lib/rv32imac/ilp32\libg_nano.a(lib_a-nano-vfprintf_float.o)
                              (_printf_float)
d:/design/nucleistudio/toolchain/gcc/bin/../lib/gcc/riscv-nuclei-elf/10.2.0/../../../../riscv-nuclei-elf/lib/rv32imac/ilp32\libg_nano.a(lib_a-nano-vfprintf_i.o)
                              d:/design/nucleistudio/toolchain/gcc/bin/../lib/gcc/riscv-nuclei-elf/10.2.0/../../../../riscv-nuclei-elf/lib/rv32imac/ilp32\libg_nano.a(lib_a-nano-vfprintf_float.o) (_printf_common)
d:/design/nucleistudio/toolchain/gcc/bin/../lib/gcc/riscv-nuclei-elf/10.2.0/../../../../riscv-nuclei-elf/lib/rv32imac/ilp32\libg_nano.a(lib_a-printf.o)
                              ./rt-thread/src/kservice.o (printf)
d:/design/nucleistudio/toolchain/gcc/bin/../lib/gcc/riscv-nuclei-elf/10.2.0/../../../../riscv-nuclei-elf/lib/rv32imac/ilp32\libg_nano.a(lib_a-reent.o)
                              ./nuclei_sdk/SoC/gd32vf103/Common/Source/Stubs/newlib/close.o (errno)
d:/design/nucleistudio/toolchain/gcc/bin/../lib/gcc/riscv-nuclei-elf/10.2.0/../../../../riscv-nuclei-elf/lib/rv32imac/ilp32\libg_nano.a(lib_a-strlen.o)
                              ./rt-thread/components/finsh/msh.o (strlen)
d:/design/nucleistudio/toolchain/gcc/bin/../lib/gcc/riscv-nuclei-elf/10.2.0/../../../../riscv-nuclei-elf/lib/rv32imac/ilp32\libg_nano.a(lib_a-strncmp.o)
                              ./rt-thread/components/finsh/msh.o (strncmp)
d:/design/nucleistudio/toolchain/gcc/bin/../lib/gcc/riscv-nuclei-elf/10.2.0/../../../../riscv-nuclei-elf/lib/rv32imac/ilp32\libg_nano.a(lib_a-sysisatty.o)
                              ./nuclei_sdk/SoC/gd32vf103/Common/Source/Stubs/newlib/write.o (isatty)
d:/design/nucleistudio/toolchain/gcc/bin/../lib/gcc/riscv-nuclei-elf/10.2.0/../../../../riscv-nuclei-elf/lib/rv32imac/ilp32\libg_nano.a(lib_a-__atexit.o)
                              d:/design/nucleistudio/toolchain/gcc/bin/../lib/gcc/riscv-nuclei-elf/10.2.0/../../../../riscv-nuclei-elf/lib/rv32imac/ilp32\libg_nano.a(lib_a-atexit.o) (__register_exitproc)
d:/design/nucleistudio/toolchain/gcc/bin/../lib/gcc/riscv-nuclei-elf/10.2.0/../../../../riscv-nuclei-elf/lib/rv32imac/ilp32\libg_nano.a(lib_a-__call_atexit.o)
                              d:/design/nucleistudio/toolchain/gcc/bin/../lib/gcc/riscv-nuclei-elf/10.2.0/../../../../riscv-nuclei-elf/lib/rv32imac/ilp32\libg_nano.a(lib_a-__atexit.o) (__call_exitprocs)
[...]
Memory Configuration

Name             Origin             Length             Attributes
flash            0x0000000008000000 0x0000000000020000 axr !w
ram              0x0000000020000000 0x0000000000005000 axw !r
*default*        0x0000000000000000 0xffffffffffffffff

Linker script and memory map

LOAD ./test/test.o
LOAD ./test/test_1.o
LOAD ./rt-thread/src/clock.o
LOAD ./rt-thread/src/components.o
LOAD ./rt-thread/src/device.o
LOAD ./rt-thread/src/idle.o
LOAD ./rt-thread/src/ipc.o
LOAD ./rt-thread/src/irq.o
LOAD ./rt-thread/src/kservice.o
LOAD ./rt-thread/src/mem.o
LOAD ./rt-thread/src/memheap.o
LOAD ./rt-thread/src/mempool.o
LOAD ./rt-thread/src/object.o
LOAD ./rt-thread/src/scheduler.o
LOAD ./rt-thread/src/signal.o
LOAD ./rt-thread/src/thread.o
LOAD ./rt-thread/src/timer.o
LOAD ./rt-thread/libcpu/risc-v/nuclei/context_gcc.o
LOAD ./rt-thread/libcpu/risc-v/nuclei/cpuport.o
LOAD ./rt-thread/libcpu/risc-v/nuclei/interrupt_gcc.o
LOAD ./rt-thread/components/finsh/cmd.o
LOAD ./rt-thread/components/finsh/msh.o
LOAD ./rt-thread/components/finsh/msh_cmd.o
LOAD ./rt-thread/components/finsh/msh_file.o
LOAD ./rt-thread/components/finsh/shell.o
LOAD ./rt-thread/components/finsh/symbol.o
LOAD ./rt-thread/components/drivers/serial/serial.o
LOAD ./rt-thread/components/drivers/misc/pin.o
LOAD ./nuclei_sdk/SoC/gd32vf103/Common/Source/Stubs/newlib/clock_getres.o
LOAD ./nuclei_sdk/SoC/gd32vf103/Common/Source/Stubs/newlib/clock_gettime.o
LOAD ./nuclei_sdk/SoC/gd32vf103/Common/Source/Stubs/newlib/clock_settime.o
LOAD ./nuclei_sdk/SoC/gd32vf103/Common/Source/Stubs/newlib/close.o
LOAD ./nuclei_sdk/SoC/gd32vf103/Common/Source/Stubs/newlib/execve.o
LOAD ./nuclei_sdk/SoC/gd32vf103/Common/Source/Stubs/newlib/exit.o
LOAD ./nuclei_sdk/SoC/gd32vf103/Common/Source/Stubs/newlib/fork.o
LOAD ./nuclei_sdk/SoC/gd32vf103/Common/Source/Stubs/newlib/fstat.o
LOAD ./nuclei_sdk/SoC/gd32vf103/Common/Source/Stubs/newlib/getpid.o
LOAD ./nuclei_sdk/SoC/gd32vf103/Common/Source/Stubs/newlib/gettimeofday.o
LOAD ./nuclei_sdk/SoC/gd32vf103/Common/Source/Stubs/newlib/isatty.o
LOAD ./nuclei_sdk/SoC/gd32vf103/Common/Source/Stubs/newlib/kill.o
LOAD ./nuclei_sdk/SoC/gd32vf103/Common/Source/Stubs/newlib/link.o
LOAD ./nuclei_sdk/SoC/gd32vf103/Common/Source/Stubs/newlib/lseek.o
LOAD ./nuclei_sdk/SoC/gd32vf103/Common/Source/Stubs/newlib/open.o
LOAD ./nuclei_sdk/SoC/gd32vf103/Common/Source/Stubs/newlib/read.o
LOAD ./nuclei_sdk/SoC/gd32vf103/Common/Source/Stubs/newlib/sbrk.o
LOAD ./nuclei_sdk/SoC/gd32vf103/Common/Source/Stubs/newlib/stat.o
LOAD ./nuclei_sdk/SoC/gd32vf103/Common/Source/Stubs/newlib/times.o
LOAD ./nuclei_sdk/SoC/gd32vf103/Common/Source/Stubs/newlib/unlink.o
LOAD ./nuclei_sdk/SoC/gd32vf103/Common/Source/Stubs/newlib/wait.o
LOAD ./nuclei_sdk/SoC/gd32vf103/Common/Source/Stubs/newlib/write.o
LOAD ./nuclei_sdk/SoC/gd32vf103/Common/Source/GCC/intexc_gd32vf103.o
LOAD ./nuclei_sdk/SoC/gd32vf103/Common/Source/GCC/startup_gd32vf103.o
LOAD ./nuclei_sdk/SoC/gd32vf103/Common/Source/Drivers/gd32vf103_adc.o
LOAD ./nuclei_sdk/SoC/gd32vf103/Common/Source/Drivers/gd32vf103_bkp.o
LOAD ./nuclei_sdk/SoC/gd32vf103/Common/Source/Drivers/gd32vf103_can.o
LOAD ./nuclei_sdk/SoC/gd32vf103/Common/Source/Drivers/gd32vf103_crc.o
LOAD ./nuclei_sdk/SoC/gd32vf103/Common/Source/Drivers/gd32vf103_dac.o
LOAD ./nuclei_sdk/SoC/gd32vf103/Common/Source/Drivers/gd32vf103_dbg.o
LOAD ./nuclei_sdk/SoC/gd32vf103/Common/Source/Drivers/gd32vf103_dma.o
LOAD ./nuclei_sdk/SoC/gd32vf103/Common/Source/Drivers/gd32vf103_exmc.o
LOAD ./nuclei_sdk/SoC/gd32vf103/Common/Source/Drivers/gd32vf103_exti.o
LOAD ./nuclei_sdk/SoC/gd32vf103/Common/Source/Drivers/gd32vf103_fmc.o
LOAD ./nuclei_sdk/SoC/gd32vf103/Common/Source/Drivers/gd32vf103_fwdgt.o
LOAD ./nuclei_sdk/SoC/gd32vf103/Common/Source/Drivers/gd32vf103_gpio.o
LOAD ./nuclei_sdk/SoC/gd32vf103/Common/Source/Drivers/gd32vf103_i2c.o
LOAD ./nuclei_sdk/SoC/gd32vf103/Common/Source/Drivers/gd32vf103_pmu.o
LOAD ./nuclei_sdk/SoC/gd32vf103/Common/Source/Drivers/gd32vf103_rcu.o
LOAD ./nuclei_sdk/SoC/gd32vf103/Common/Source/Drivers/gd32vf103_rtc.o
LOAD ./nuclei_sdk/SoC/gd32vf103/Common/Source/Drivers/gd32vf103_spi.o
LOAD ./nuclei_sdk/SoC/gd32vf103/Common/Source/Drivers/gd32vf103_timer.o
LOAD ./nuclei_sdk/SoC/gd32vf103/Common/Source/Drivers/gd32vf103_usart.o
LOAD ./nuclei_sdk/SoC/gd32vf103/Common/Source/Drivers/gd32vf103_wwdgt.o
LOAD ./nuclei_sdk/SoC/gd32vf103/Common/Source/gd32vf103_soc.o
LOAD ./nuclei_sdk/SoC/gd32vf103/Common/Source/system_gd32vf103.o
LOAD ./nuclei_sdk/SoC/gd32vf103/Board/gd32vf103v_rvstar/Source/gd32vf103v_rvstar.o
LOAD ./libraries/gd32vf103/HAL_Drivers/drv_gpio.o
LOAD ./libraries/gd32vf103/HAL_Drivers/drv_usart.o
LOAD ./board/board.o
LOAD ./application/mailbox_example.o
LOAD ./application/main.o
LOAD ./application/semaphore_example.o
LOAD ./application/thread_example.o
LOAD ./application/timer_example.o
LOAD d:/design/nucleistudio/toolchain/gcc/bin/../lib/gcc/riscv-nuclei-elf/10.2.0/../../../../riscv-nuclei-elf/lib/rv32imac/ilp32\libstdc++.a
LOAD d:/design/nucleistudio/toolchain/gcc/bin/../lib/gcc/riscv-nuclei-elf/10.2.0/../../../../riscv-nuclei-elf/lib/rv32imac/ilp32\libstdc++.a
LOAD d:/design/nucleistudio/toolchain/gcc/bin/../lib/gcc/riscv-nuclei-elf/10.2.0/../../../../riscv-nuclei-elf/lib/rv32imac/ilp32\libm_nano.a
LOAD d:/design/nucleistudio/toolchain/gcc/bin/../lib/gcc/riscv-nuclei-elf/10.2.0/rv32imac/ilp32\libgcc.a
LOAD d:/design/nucleistudio/toolchain/gcc/bin/../lib/gcc/riscv-nuclei-elf/10.2.0/../../../../riscv-nuclei-elf/lib/rv32imac/ilp32\libg_nano.a
LOAD d:/design/nucleistudio/toolchain/gcc/bin/../lib/gcc/riscv-nuclei-elf/10.2.0/../../../../riscv-nuclei-elf/lib/rv32imac/ilp32\libc_nano.a
LOAD d:/design/nucleistudio/toolchain/gcc/bin/../lib/gcc/riscv-nuclei-elf/10.2.0/rv32imac/ilp32\libgcc.a
START GROUP
LOAD d:/design/nucleistudio/toolchain/gcc/bin/../lib/gcc/riscv-nuclei-elf/10.2.0/rv32imac/ilp32\libgcc.a
LOAD d:/design/nucleistudio/toolchain/gcc/bin/../lib/gcc/riscv-nuclei-elf/10.2.0/../../../../riscv-nuclei-elf/lib/rv32imac/ilp32\libc_nano.a
LOAD d:/design/nucleistudio/toolchain/gcc/bin/../lib/gcc/riscv-nuclei-elf/10.2.0/../../../../riscv-nuclei-elf/lib/rv32imac/ilp32\libnosys.a
END GROUP
START GROUP
LOAD d:/design/nucleistudio/toolchain/gcc/bin/../lib/gcc/riscv-nuclei-elf/10.2.0/rv32imac/ilp32\libgcc.a
LOAD d:/design/nucleistudio/toolchain/gcc/bin/../lib/gcc/riscv-nuclei-elf/10.2.0/../../../../riscv-nuclei-elf/lib/rv32imac/ilp32\libc_nano.a
LOAD d:/design/nucleistudio/toolchain/gcc/bin/../lib/gcc/riscv-nuclei-elf/10.2.0/../../../../riscv-nuclei-elf/lib/rv32imac/ilp32\libnosys.a
END GROUP
                0x0000000008000000                __ROM_BASE = 0x8000000
                0x0000000000020000                __ROM_SIZE = 0x20000
                0x0000000080000000                __ILM_RAM_BASE = 0x80000000
                0x0000000000010000                __ILM_RAM_SIZE = 0x10000
                0x0000000020000000                __RAM_BASE = 0x20000000
                0x0000000000005000                __RAM_SIZE = 0x5000
                0x0000000000000800                __STACK_SIZE = 0x800
                0x0000000000000800                __HEAP_SIZE = 0x800

.init           0x0000000008000000      0x2f4
 *(.vtable)
 .vtable        0x0000000008000000      0x15c ./nuclei_sdk/SoC/gd32vf103/Common/Source/GCC/startup_gd32vf103.o
                0x0000000008000000                vector_base
 *(SORT_NONE(.init))
 *fill*         0x000000000800015c       0x24 
 .init          0x0000000008000180      0x174 ./nuclei_sdk/SoC/gd32vf103/Common/Source/GCC/startup_gd32vf103.o
                0x0000000008000180                _start
                0x00000000080002c0                early_exc_entry

.ilalign        0x00000000080002f4        0x0
                0x00000000080002f4                . = ALIGN (0x4)
 *fill*         0x00000000080002f4        0x0 
                0x00000000080002f4                PROVIDE (_ilm_lma = .)

.ialign         0x00000000080002f4        0x0
                0x00000000080002f4                . = ALIGN (0x4)
                0x00000000080002f4                PROVIDE (_ilm = .)

.text           0x0000000008000300     0xfa30
 *(.text.unlikely .text.unlikely.*)
 *(.text.startup .text.startup.*)
 .text.startup.main
                0x0000000008000300       0x42 ./application/main.o
                0x0000000008000300                main
 *(.text .text.*)
 *fill*         0x0000000008000342        0x2 
 .text.rt_tick_get
                0x0000000008000344        0xa ./rt-thread/src/clock.o
                0x0000000008000344                rt_tick_get
 *fill*         0x000000000800034e        0x2 
 .text.rt_tick_increase
                0x0000000008000350       0x3a ./rt-thread/src/clock.o
                0x0000000008000350                rt_tick_increase
 *fill*         0x000000000800038a        0x2 
 .text.rti_start
                0x000000000800038c        0x6 ./rt-thread/src/components.o
 *fill*         0x0000000008000392        0x2 
 .text.rti_board_start
                0x0000000008000394        0x6 ./rt-thread/src/components.o
 *fill*         0x000000000800039a        0x2 
 .text.rti_board_end
                0x000000000800039c        0x6 ./rt-thread/src/components.o
 *fill*         0x00000000080003a2        0x2 
 .text.rti_end  0x00000000080003a4        0x6 ./rt-thread/src/components.o
 *fill*         0x00000000080003aa        0x2 
 .text.main_thread_entry
                0x00000000080003ac       0xf2 ./rt-thread/src/components.o
                0x00000000080003ac                main_thread_entry
 *fill*         0x000000000800049e        0x2 
 .text.rt_components_board_init
                0x00000000080004a0       0xf2 ./rt-thread/src/components.o
                0x00000000080004a0                rt_components_board_init
 *fill*         0x0000000008000592        0x2 
 .text.entry    0x0000000008000594       0x7c ./rt-thread/src/components.o
                0x0000000008000594                entry
 *fill*         0x0000000008000610        0x0 
 .text.rt_device_register
                0x0000000008000610       0xb2 ./rt-thread/src/device.o
                0x0000000008000610                rt_device_register
 *fill*         0x00000000080006c2        0x2 
 .text.rt_device_find
                0x00000000080006c4       0x88 ./rt-thread/src/device.o
                0x00000000080006c4                rt_device_find
 .text.rt_device_open
                0x000000000800074c       0xfa ./rt-thread/src/device.o
                0x000000000800074c                rt_device_open
 *fill*         0x0000000008000846        0x2 
 .text.rt_device_close
                0x0000000008000848       0x88 ./rt-thread/src/device.o
                0x0000000008000848                rt_device_close
 .text.rt_device_read
                0x00000000080008d0       0x8e ./rt-thread/src/device.o
                0x00000000080008d0                rt_device_read
 *fill*         0x000000000800095e        0x2 
 .text.rt_device_write
                0x0000000008000960       0x8e ./rt-thread/src/device.o
                0x0000000008000960                rt_device_write
 *fill*         0x00000000080009ee        0x2 
 .text.rt_device_set_rx_indicate
                0x00000000080009f0       0x5a ./rt-thread/src/device.o
                0x00000000080009f0                rt_device_set_rx_indicate
 *fill*         0x0000000008000a4a        0x2 
 .text.rt_thread_idle_entry
                0x0000000008000a4c       0xf2 ./rt-thread/src/idle.o
 *fill*         0x0000000008000b3e        0x2 
 .text.rt_thread_idle_init
                0x0000000008000b40       0x3e ./rt-thread/src/idle.o
                0x0000000008000b40                rt_thread_idle_init
 *fill*         0x0000000008000b7e        0x2 
 .text.rt_sem_init
                0x0000000008000b80       0x5a ./rt-thread/src/ipc.o
                0x0000000008000b80                rt_sem_init
 *fill*         0x0000000008000bda        0x2 
 .text.rt_sem_take
                0x0000000008000bdc      0x1c6 ./rt-thread/src/ipc.o
                0x0000000008000bdc                rt_sem_take
 *fill*         0x0000000008000da2        0x2 
 .text.rt_sem_release
                0x0000000008000da4       0x9c ./rt-thread/src/ipc.o
                0x0000000008000da4                rt_sem_release
 .text.rt_interrupt_enter
                0x0000000008000e40       0x36 ./rt-thread/src/irq.o
                0x0000000008000e40                rt_interrupt_enter
 *fill*         0x0000000008000e76        0x2 
 .text.rt_interrupt_leave
                0x0000000008000e78       0x36 ./rt-thread/src/irq.o
                0x0000000008000e78                rt_interrupt_leave
 *fill*         0x0000000008000eae        0x2 
 .text.rt_interrupt_get_nest
                0x0000000008000eb0        0xa ./rt-thread/src/irq.o
                0x0000000008000eb0                rt_interrupt_get_nest
 *fill*         0x0000000008000eba        0x2 
 .text.rt_set_errno
                0x0000000008000ebc       0x2e ./rt-thread/src/kservice.o
                0x0000000008000ebc                rt_set_errno
 *fill*         0x0000000008000eea        0x2 
 .text.rt_memset
                0x0000000008000eec      0x1c4 ./rt-thread/src/kservice.o
                0x0000000008000eec                rt_memset
 .text.rt_memmove
                0x00000000080010b0      0x1be ./rt-thread/src/kservice.o
                0x00000000080010b0                rt_memmove
 *fill*         0x000000000800126e        0x2 
 .text.rt_strncpy
                0x0000000008001270      0x204 ./rt-thread/src/kservice.o
                0x0000000008001270                rt_strncpy
 .text.rt_strncmp
                0x0000000008001474      0x1a4 ./rt-thread/src/kservice.o
                0x0000000008001474                rt_strncmp
 .text.rt_strlen
                0x0000000008001618       0x62 ./rt-thread/src/kservice.o
                0x0000000008001618                rt_strlen
 *fill*         0x000000000800167a        0x2 
 .text.rt_vsnprintf
                0x000000000800167c     0x1760 ./rt-thread/src/kservice.o
                0x000000000800167c                rt_vsnprintf
 .text.rt_console_get_device
                0x0000000008002ddc        0xa ./rt-thread/src/kservice.o
                0x0000000008002ddc                rt_console_get_device
 *fill*         0x0000000008002de6        0x2 
 .text.rt_console_set_device
                0x0000000008002de8       0x42 ./rt-thread/src/kservice.o
                0x0000000008002de8                rt_console_set_device
 *fill*         0x0000000008002e2a        0x2 
 .text.rt_hw_console_output
                0x0000000008002e2c        0x6 ./rt-thread/src/kservice.o
                0x0000000008002e2c                rt_hw_console_output
 *fill*         0x0000000008002e32        0x2 
 .text.rt_kprintf
                0x0000000008002e34       0x84 ./rt-thread/src/kservice.o
                0x0000000008002e34                rt_kprintf
 *fill*         0x0000000008002eb8        0x0 
 .text.rt_show_version
                0x0000000008002eb8       0x3e ./rt-thread/src/kservice.o
                0x0000000008002eb8                rt_show_version
 *fill*         0x0000000008002ef6        0x2 
 .text.__rt_ffs
                0x0000000008002ef8       0x74 ./rt-thread/src/kservice.o
                0x0000000008002ef8                __rt_ffs
 .text.rt_assert_handler
                0x0000000008002f6c       0x80 ./rt-thread/src/kservice.o
                0x0000000008002f6c                rt_assert_handler
 *fill*         0x0000000008002fec        0x0 
 .text.list_mem
                0x0000000008002fec       0x3c ./rt-thread/src/mem.o
                0x0000000008002fec                list_mem
 *fill*         0x0000000008003028        0x0 
 .text.rt_system_heap_init
                0x0000000008003028       0xf6 ./rt-thread/src/mem.o
                0x0000000008003028                rt_system_heap_init
 *fill*         0x000000000800311e        0x2 
 .text.rt_malloc
                0x0000000008003120      0x244 ./rt-thread/src/mem.o
                0x0000000008003120                rt_malloc
 *fill*         0x0000000008003364        0x0 
 .text.rt_calloc
                0x0000000008003364       0x72 ./rt-thread/src/mem.o
                0x0000000008003364                rt_calloc
 *fill*         0x00000000080033d6        0x2 
 .text.rt_free  0x00000000080033d8      0x28a ./rt-thread/src/mem.o
                0x00000000080033d8                rt_free
 *fill*         0x0000000008003662        0x2 
 .text.rt_mp_create
                0x0000000008003664      0x166 ./rt-thread/src/mempool.o
                0x0000000008003664                rt_mp_create
 *fill*         0x00000000080037ca        0x2 
 .text.rt_mp_free
                0x00000000080037cc       0x6e ./rt-thread/src/mempool.o
                0x00000000080037cc                rt_mp_free
 *fill*         0x000000000800383a        0x2 
 .text.rt_object_get_information
                0x000000000800383c       0x7a ./rt-thread/src/object.o
                0x000000000800383c                rt_object_get_information
 *fill*         0x00000000080038b6        0x2 
 .text.rt_object_init
                0x00000000080038b8       0xe8 ./rt-thread/src/object.o
                0x00000000080038b8                rt_object_init
 .text.rt_object_detach
                0x00000000080039a0       0x52 ./rt-thread/src/object.o
                0x00000000080039a0                rt_object_detach
 *fill*         0x00000000080039f2        0x2 
 .text.rt_object_allocate
                0x00000000080039f4      0x13a ./rt-thread/src/object.o
                0x00000000080039f4                rt_object_allocate
 *fill*         0x0000000008003b2e        0x2 
 .text.rt_object_delete
                0x0000000008003b30       0x78 ./rt-thread/src/object.o
                0x0000000008003b30                rt_object_delete
 .text.rt_object_is_systemobject
                0x0000000008003ba8       0x32 ./rt-thread/src/object.o
                0x0000000008003ba8                rt_object_is_systemobject
 *fill*         0x0000000008003bda        0x2 
 .text.rt_object_get_type
                0x0000000008003bdc       0x36 ./rt-thread/src/object.o
                0x0000000008003bdc                rt_object_get_type
 *fill*         0x0000000008003c12        0x2 
 .text.rt_system_scheduler_init
                0x0000000008003c14       0x6a ./rt-thread/src/scheduler.o
                0x0000000008003c14                rt_system_scheduler_init
 *fill*         0x0000000008003c7e        0x2 
 .text.rt_system_scheduler_start
                0x0000000008003c80       0x2a ./rt-thread/src/scheduler.o
                0x0000000008003c80                rt_system_scheduler_start
 *fill*         0x0000000008003caa        0x2 
 .text.rt_schedule
                0x0000000008003cac      0x104 ./rt-thread/src/scheduler.o
                0x0000000008003cac                rt_schedule
 *fill*         0x0000000008003db0        0x0 
 .text.rt_schedule_insert_thread
                0x0000000008003db0       0x6e ./rt-thread/src/scheduler.o
                0x0000000008003db0                rt_schedule_insert_thread
 *fill*         0x0000000008003e1e        0x2 
 .text.rt_schedule_remove_thread
                0x0000000008003e20       0x70 ./rt-thread/src/scheduler.o
                0x0000000008003e20                rt_schedule_remove_thread
 .text.rt_enter_critical
                0x0000000008003e90       0x1e ./rt-thread/src/scheduler.o
                0x0000000008003e90                rt_enter_critical
 *fill*         0x0000000008003eae        0x2 
 .text.rt_exit_critical
                0x0000000008003eb0      0x128 ./rt-thread/src/scheduler.o
                0x0000000008003eb0                rt_exit_critical
 *fill*         0x0000000008003fd8        0x0 
 .text.rt_thread_handle_sig
                0x0000000008003fd8       0xbe ./rt-thread/src/signal.o
                0x0000000008003fd8                rt_thread_handle_sig
 *fill*         0x0000000008004096        0x2 
 .text.rt_thread_free_sig
                0x0000000008004098       0xa8 ./rt-thread/src/signal.o
                0x0000000008004098                rt_thread_free_sig
 .text.rt_system_signal_init
                0x0000000008004140       0x3e ./rt-thread/src/signal.o
                0x0000000008004140                rt_system_signal_init
 *fill*         0x000000000800417e        0x2 
 .text.rt_thread_exit
                0x0000000008004180       0x62 ./rt-thread/src/thread.o
                0x0000000008004180                rt_thread_exit
 *fill*         0x00000000080041e2        0x2 
 .text.rt_thread_timeout
                0x00000000080041e4       0x92 ./rt-thread/src/thread.o
                0x00000000080041e4                rt_thread_timeout
 *fill*         0x0000000008004276        0x2 
 .text.rt_thread_init
                0x0000000008004278      0x13a ./rt-thread/src/thread.o
                0x0000000008004278                rt_thread_init
 *fill*         0x00000000080043b2        0x2 
 .text.rt_thread_self
                0x00000000080043b4        0x6 ./rt-thread/src/thread.o
                0x00000000080043b4                rt_thread_self
 *fill*         0x00000000080043ba        0x2 
 .text.rt_thread_startup
                0x00000000080043bc      0x134 ./rt-thread/src/thread.o
                0x00000000080043bc                rt_thread_startup
 *fill*         0x00000000080044f0        0x0 
 .text.rt_thread_create
                0x00000000080044f0      0x100 ./rt-thread/src/thread.o
                0x00000000080044f0                rt_thread_create
 *fill*         0x00000000080045f0        0x0 
 .text.rt_thread_yield
                0x00000000080045f0       0x5e ./rt-thread/src/thread.o
                0x00000000080045f0                rt_thread_yield
 *fill*         0x000000000800464e        0x2 
 .text.rt_thread_suspend
                0x0000000008004650       0xa2 ./rt-thread/src/thread.o
                0x0000000008004650                rt_thread_suspend
 *fill*         0x00000000080046f2        0x2 
 .text.rt_thread_resume
                0x00000000080046f4       0xa8 ./rt-thread/src/thread.o
                0x00000000080046f4                rt_thread_resume
 *fill*         0x000000000800479c        0x0 
 .text.rt_timer_init
                0x000000000800479c       0x72 ./rt-thread/src/timer.o
                0x000000000800479c                rt_timer_init
 *fill*         0x000000000800480e        0x2 
 .text.rt_timer_detach
                0x0000000008004810       0x96 ./rt-thread/src/timer.o
                0x0000000008004810                rt_timer_detach
 *fill*         0x00000000080048a6        0x2 
 .text.rt_timer_start
                0x00000000080048a8      0x112 ./rt-thread/src/timer.o
                0x00000000080048a8                rt_timer_start
 *fill*         0x00000000080049ba        0x2 
 .text.rt_timer_stop
                0x00000000080049bc       0x8a ./rt-thread/src/timer.o
                0x00000000080049bc                rt_timer_stop
 *fill*         0x0000000008004a46        0x2 
 .text.rt_timer_control
                0x0000000008004a48       0xa0 ./rt-thread/src/timer.o
                0x0000000008004a48                rt_timer_control
 .text.rt_timer_check
                0x0000000008004ae8      0x1a0 ./rt-thread/src/timer.o
                0x0000000008004ae8                rt_timer_check
 .text.rt_system_timer_init
                0x0000000008004c88        0xa ./rt-thread/src/timer.o
                0x0000000008004c88                rt_system_timer_init
 *fill*         0x0000000008004c92        0x2 
 .text.rt_system_timer_thread_init
                0x0000000008004c94        0x2 ./rt-thread/src/timer.o
                0x0000000008004c94                rt_system_timer_thread_init
 *fill*         0x0000000008004c96        0x2 
 .text          0x0000000008004c98      0x108 ./rt-thread/libcpu/risc-v/nuclei/context_gcc.o
                0x0000000008004c98                rt_hw_context_switch_to
                0x0000000008004cf4                eclic_msip_handler
 .text.rt_hw_stack_init
                0x0000000008004da0       0x4a ./rt-thread/libcpu/risc-v/nuclei/cpuport.o
                0x0000000008004da0                rt_hw_stack_init
 *fill*         0x0000000008004dea        0x2 
 .text.rt_hw_context_switch_interrupt
                0x0000000008004dec       0x48 ./rt-thread/libcpu/risc-v/nuclei/cpuport.o
                0x0000000008004dec                rt_hw_context_switch_interrupt
 .text.rt_hw_context_switch
                0x0000000008004e34       0x40 ./rt-thread/libcpu/risc-v/nuclei/cpuport.o
                0x0000000008004e34                rt_hw_context_switch
 .text.rt_hw_taskswitch
                0x0000000008004e74       0x2e ./rt-thread/libcpu/risc-v/nuclei/cpuport.o
                0x0000000008004e74                rt_hw_taskswitch
 *fill*         0x0000000008004ea2        0x2 
 .text.rt_hw_ticksetup
                0x0000000008004ea4      0x1de ./rt-thread/libcpu/risc-v/nuclei/cpuport.o
                0x0000000008004ea4                rt_hw_ticksetup
 *fill*         0x0000000008005082        0x2 
 .text.eclic_mtip_handler
                0x0000000008005084       0xd8 ./rt-thread/libcpu/risc-v/nuclei/cpuport.o
                0x0000000008005084                eclic_mtip_handler
 .text.rt_hw_interrupt_disable
                0x000000000800515c        0x6 ./rt-thread/libcpu/risc-v/nuclei/cpuport.o
                0x000000000800515c                rt_hw_interrupt_disable
 *fill*         0x0000000008005162        0x2 
 .text.rt_hw_interrupt_enable
                0x0000000008005164        0x6 ./rt-thread/libcpu/risc-v/nuclei/cpuport.o
                0x0000000008005164                rt_hw_interrupt_enable
 *fill*         0x000000000800516a       0x16 
 .text.trap     0x0000000008005180       0x7e ./rt-thread/libcpu/risc-v/nuclei/interrupt_gcc.o
                0x0000000008005180                exc_entry
 *fill*         0x00000000080051fe        0x2 
 .text.irq      0x0000000008005200       0x7e ./rt-thread/libcpu/risc-v/nuclei/interrupt_gcc.o
                0x0000000008005200                irq_entry
                0x000000000800527a                default_intexc_handler
 *fill*         0x000000000800527e        0x2 
 .text.hello    0x0000000008005280       0x1a ./rt-thread/components/finsh/cmd.o
                0x0000000008005280                hello
 *fill*         0x000000000800529a        0x2 
 .text.version  0x000000000800529c       0x12 ./rt-thread/components/finsh/cmd.o
                0x000000000800529c                version
 *fill*         0x00000000080052ae        0x2 
 .text.list_device
                0x00000000080052b0      0x1fc ./rt-thread/components/finsh/cmd.o
                0x00000000080052b0                list_device
 .text.list_mempool
                0x00000000080054ac      0x218 ./rt-thread/components/finsh/cmd.o
                0x00000000080054ac                list_mempool
 .text.list_memheap
                0x00000000080056c4      0x264 ./rt-thread/components/finsh/cmd.o
                0x00000000080056c4                list_memheap
 .text.list_msgqueue
                0x0000000008005928      0x262 ./rt-thread/components/finsh/cmd.o
                0x0000000008005928                list_msgqueue
 *fill*         0x0000000008005b8a        0x2 
 .text.list_mailbox
                0x0000000008005b8c      0x272 ./rt-thread/components/finsh/cmd.o
                0x0000000008005b8c                list_mailbox
 *fill*         0x0000000008005dfe        0x2 
 .text.list_mutex
                0x0000000008005e00      0x1fa ./rt-thread/components/finsh/cmd.o
                0x0000000008005e00                list_mutex
 *fill*         0x0000000008005ffa        0x2 
 .text.list_event
                0x0000000008005ffc      0x262 ./rt-thread/components/finsh/cmd.o
                0x0000000008005ffc                list_event
 *fill*         0x000000000800625e        0x2 
 .text.list_sem
                0x0000000008006260      0x262 ./rt-thread/components/finsh/cmd.o
                0x0000000008006260                list_sem
 *fill*         0x00000000080064c2        0x2 
 .text.list_thread
                0x00000000080064c4      0x2fe ./rt-thread/components/finsh/cmd.o
                0x00000000080064c4                list_thread
 *fill*         0x00000000080067c2        0x2 
 .text.list_timer
                0x00000000080067c4      0x1fe ./rt-thread/components/finsh/cmd.o
                0x00000000080067c4                list_timer
 *fill*         0x00000000080069c2        0x2 
 .text.list     0x00000000080069c4       0x7e ./rt-thread/components/finsh/cmd.o
                0x00000000080069c4                list
 *fill*         0x0000000008006a42        0x2 
 .text.msh_help
                0x0000000008006a44       0xa6 ./rt-thread/components/finsh/msh.o
                0x0000000008006a44                msh_help
 *fill*         0x0000000008006aea        0x2 
 .text.msh_is_used
                0x0000000008006aec        0x6 ./rt-thread/components/finsh/msh.o
                0x0000000008006aec                msh_is_used
 *fill*         0x0000000008006af2        0x2 
 .text.msh_exec
                0x0000000008006af4      0x606 ./rt-thread/components/finsh/msh.o
                0x0000000008006af4                msh_exec
 *fill*         0x00000000080070fa        0x2 
 .text.msh_auto_complete
                0x00000000080070fc      0x10a ./rt-thread/components/finsh/msh.o
                0x00000000080070fc                msh_auto_complete
 *fill*         0x0000000008007206        0x2 
 .text.cmd_time
                0x0000000008007208        0x6 ./rt-thread/components/finsh/msh_cmd.o
                0x0000000008007208                cmd_time
 *fill*         0x000000000800720e        0x2 
 .text.cmd_ps   0x0000000008007210       0x12 ./rt-thread/components/finsh/msh_cmd.o
                0x0000000008007210                cmd_ps
 *fill*         0x0000000008007222        0x2 
 .text.cmd_free
                0x0000000008007224       0x12 ./rt-thread/components/finsh/msh_cmd.o
                0x0000000008007224                cmd_free
 *fill*         0x0000000008007236        0x2 
 .text.finsh_rx_ind
                0x0000000008007238       0x3a ./rt-thread/components/finsh/shell.o
 *fill*         0x0000000008007272        0x2 
 .text.finsh_system_init
                0x0000000008007274       0xae ./rt-thread/components/finsh/shell.o
                0x0000000008007274                finsh_system_init
 *fill*         0x0000000008007322        0x2 
 .text.finsh_get_prompt
                0x0000000008007324       0x7c ./rt-thread/components/finsh/shell.o
                0x0000000008007324                finsh_get_prompt
 .text.finsh_set_device
                0x00000000080073a0       0xc4 ./rt-thread/components/finsh/shell.o
                0x00000000080073a0                finsh_set_device
 .text.finsh_thread_entry
                0x0000000008007464      0x8d6 ./rt-thread/components/finsh/shell.o
                0x0000000008007464                finsh_thread_entry
 *fill*         0x0000000008007d3a        0x2 
 .text.rt_serial_control
                0x0000000008007d3c       0xe2 ./rt-thread/components/drivers/serial/serial.o
 *fill*         0x0000000008007e1e        0x2 
 .text.rt_serial_write
                0x0000000008007e20      0x366 ./rt-thread/components/drivers/serial/serial.o
 *fill*         0x0000000008008186        0x2 
 .text.rt_serial_init
                0x0000000008008188       0x4e ./rt-thread/components/drivers/serial/serial.o
 *fill*         0x00000000080081d6        0x2 
 .text.rt_serial_read
                0x00000000080081d8      0x328 ./rt-thread/components/drivers/serial/serial.o
 .text.rt_serial_close
                0x0000000008008500       0x8a ./rt-thread/components/drivers/serial/serial.o
 *fill*         0x000000000800858a        0x2 
 .text.rt_serial_open
                0x000000000800858c      0x102 ./rt-thread/components/drivers/serial/serial.o
 *fill*         0x000000000800868e        0x2 
 .text.rt_hw_serial_register
                0x0000000008008690       0x92 ./rt-thread/components/drivers/serial/serial.o
                0x0000000008008690                rt_hw_serial_register
 *fill*         0x0000000008008722        0x2 
 .text.rt_hw_serial_isr
                0x0000000008008724      0x102 ./rt-thread/components/drivers/serial/serial.o
                0x0000000008008724                rt_hw_serial_isr
 *fill*         0x0000000008008826        0x2 
 .text.rt_pin_read
                0x0000000008008828       0x42 ./rt-thread/components/drivers/misc/pin.o
                0x0000000008008828                rt_pin_read
 *fill*         0x000000000800886a        0x2 
 .text.rt_pin_write
                0x000000000800886c       0x4e ./rt-thread/components/drivers/misc/pin.o
                0x000000000800886c                rt_pin_write
 *fill*         0x00000000080088ba        0x2 
 .text.rt_pin_mode
                0x00000000080088bc       0x4e ./rt-thread/components/drivers/misc/pin.o
                0x00000000080088bc                rt_pin_mode
 *fill*         0x000000000800890a        0x2 
 .text._pin_control
                0x000000000800890c       0x4a ./rt-thread/components/drivers/misc/pin.o
 *fill*         0x0000000008008956        0x2 
 .text._pin_write
                0x0000000008008958       0x5e ./rt-thread/components/drivers/misc/pin.o
 *fill*         0x00000000080089b6        0x2 
 .text._pin_read
                0x00000000080089b8       0x62 ./rt-thread/components/drivers/misc/pin.o
 *fill*         0x0000000008008a1a        0x2 
 .text.rt_device_pin_register
                0x0000000008008a1c       0x62 ./rt-thread/components/drivers/misc/pin.o
                0x0000000008008a1c                rt_device_pin_register
 *fill*         0x0000000008008a7e        0x2 
 .text._close   0x0000000008008a80        0xa ./nuclei_sdk/SoC/gd32vf103/Common/Source/Stubs/newlib/close.o
                0x0000000008008a80                _close
 *fill*         0x0000000008008a8a        0x2 
 .text._exit    0x0000000008008a8c       0x44 ./nuclei_sdk/SoC/gd32vf103/Common/Source/Stubs/newlib/exit.o
                0x0000000008008a8c                _exit
 .text._fstat   0x0000000008008ad0       0x1a ./nuclei_sdk/SoC/gd32vf103/Common/Source/Stubs/newlib/fstat.o
                0x0000000008008ad0                _fstat
 *fill*         0x0000000008008aea        0x2 
 .text._getpid  0x0000000008008aec        0x6 ./nuclei_sdk/SoC/gd32vf103/Common/Source/Stubs/newlib/getpid.o
                0x0000000008008aec                _getpid
 *fill*         0x0000000008008af2        0x2 
 .text._isatty  0x0000000008008af4        0x6 ./nuclei_sdk/SoC/gd32vf103/Common/Source/Stubs/newlib/isatty.o
                0x0000000008008af4                _isatty
 *fill*         0x0000000008008afa        0x2 
 .text._kill    0x0000000008008afc        0xa ./nuclei_sdk/SoC/gd32vf103/Common/Source/Stubs/newlib/kill.o
                0x0000000008008afc                _kill
 *fill*         0x0000000008008b06        0x2 
 .text._lseek   0x0000000008008b08        0x6 ./nuclei_sdk/SoC/gd32vf103/Common/Source/Stubs/newlib/lseek.o
                0x0000000008008b08                _lseek
 *fill*         0x0000000008008b0e        0x2 
 .text._read    0x0000000008008b10      0x1ce ./nuclei_sdk/SoC/gd32vf103/Common/Source/Stubs/newlib/read.o
                0x0000000008008b10                _read
 *fill*         0x0000000008008cde        0x2 
 .text._sbrk    0x0000000008008ce0       0x32 ./nuclei_sdk/SoC/gd32vf103/Common/Source/Stubs/newlib/sbrk.o
                0x0000000008008ce0                _sbrk
 *fill*         0x0000000008008d12        0x2 
 .text._write   0x0000000008008d14       0x64 ./nuclei_sdk/SoC/gd32vf103/Common/Source/Stubs/newlib/write.o
                0x0000000008008d14                _write
 .text.exti_init
                0x0000000008008d78       0xb6 ./nuclei_sdk/SoC/gd32vf103/Common/Source/Drivers/gd32vf103_exti.o
                0x0000000008008d78                exti_init
 *fill*         0x0000000008008e2e        0x2 
 .text.exti_interrupt_flag_get
                0x0000000008008e30       0x1e ./nuclei_sdk/SoC/gd32vf103/Common/Source/Drivers/gd32vf103_exti.o
                0x0000000008008e30                exti_interrupt_flag_get
 *fill*         0x0000000008008e4e        0x2 
 .text.exti_interrupt_flag_clear
                0x0000000008008e50        0xa ./nuclei_sdk/SoC/gd32vf103/Common/Source/Drivers/gd32vf103_exti.o
                0x0000000008008e50                exti_interrupt_flag_clear
 *fill*         0x0000000008008e5a        0x2 
 .text.gpio_init
                0x0000000008008e5c      0x47a ./nuclei_sdk/SoC/gd32vf103/Common/Source/Drivers/gd32vf103_gpio.o
                0x0000000008008e5c                gpio_init
 *fill*         0x00000000080092d6        0x2 
 .text.gpio_bit_write
                0x00000000080092d8        0xe ./nuclei_sdk/SoC/gd32vf103/Common/Source/Drivers/gd32vf103_gpio.o
                0x00000000080092d8                gpio_bit_write
 *fill*         0x00000000080092e6        0x2 
 .text.gpio_input_bit_get
                0x00000000080092e8        0xa ./nuclei_sdk/SoC/gd32vf103/Common/Source/Drivers/gd32vf103_gpio.o
                0x00000000080092e8                gpio_input_bit_get
 *fill*         0x00000000080092f2        0x2 
 .text.gpio_exti_source_select
                0x00000000080092f4       0x86 ./nuclei_sdk/SoC/gd32vf103/Common/Source/Drivers/gd32vf103_gpio.o
                0x00000000080092f4                gpio_exti_source_select
 *fill*         0x000000000800937a        0x2 
 .text.rcu_periph_clock_enable
                0x000000000800937c       0x1a ./nuclei_sdk/SoC/gd32vf103/Common/Source/Drivers/gd32vf103_rcu.o
                0x000000000800937c                rcu_periph_clock_enable
 *fill*         0x0000000008009396        0x2 
 .text.rcu_periph_reset_enable
                0x0000000008009398       0x1a ./nuclei_sdk/SoC/gd32vf103/Common/Source/Drivers/gd32vf103_rcu.o
                0x0000000008009398                rcu_periph_reset_enable
 *fill*         0x00000000080093b2        0x2 
 .text.rcu_periph_reset_disable
                0x00000000080093b4       0x1e ./nuclei_sdk/SoC/gd32vf103/Common/Source/Drivers/gd32vf103_rcu.o
                0x00000000080093b4                rcu_periph_reset_disable
 *fill*         0x00000000080093d2        0x2 
 .text.rcu_clock_freq_get
                0x00000000080093d4      0x138 ./nuclei_sdk/SoC/gd32vf103/Common/Source/Drivers/gd32vf103_rcu.o
                0x00000000080093d4                rcu_clock_freq_get
 .text.usart_deinit
                0x000000000800950c       0xa4 ./nuclei_sdk/SoC/gd32vf103/Common/Source/Drivers/gd32vf103_usart.o
                0x000000000800950c                usart_deinit
 .text.usart_baudrate_set
                0x00000000080095b0       0x84 ./nuclei_sdk/SoC/gd32vf103/Common/Source/Drivers/gd32vf103_usart.o
                0x00000000080095b0                usart_baudrate_set
 .text.usart_parity_config
                0x0000000008009634       0x12 ./nuclei_sdk/SoC/gd32vf103/Common/Source/Drivers/gd32vf103_usart.o
                0x0000000008009634                usart_parity_config
 *fill*         0x0000000008009646        0x2 
 .text.usart_word_length_set
                0x0000000008009648       0x12 ./nuclei_sdk/SoC/gd32vf103/Common/Source/Drivers/gd32vf103_usart.o
                0x0000000008009648                usart_word_length_set
 *fill*         0x000000000800965a        0x2 
 .text.usart_stop_bit_set
                0x000000000800965c       0x12 ./nuclei_sdk/SoC/gd32vf103/Common/Source/Drivers/gd32vf103_usart.o
                0x000000000800965c                usart_stop_bit_set
 *fill*         0x000000000800966e        0x2 
 .text.usart_enable
                0x0000000008009670        0xa ./nuclei_sdk/SoC/gd32vf103/Common/Source/Drivers/gd32vf103_usart.o
                0x0000000008009670                usart_enable
 *fill*         0x000000000800967a        0x2 
 .text.usart_transmit_config
                0x000000000800967c        0xa ./nuclei_sdk/SoC/gd32vf103/Common/Source/Drivers/gd32vf103_usart.o
                0x000000000800967c                usart_transmit_config
 *fill*         0x0000000008009686        0x2 
 .text.usart_receive_config
                0x0000000008009688        0xa ./nuclei_sdk/SoC/gd32vf103/Common/Source/Drivers/gd32vf103_usart.o
                0x0000000008009688                usart_receive_config
 *fill*         0x0000000008009692        0x2 
 .text.usart_data_transmit
                0x0000000008009694        0xa ./nuclei_sdk/SoC/gd32vf103/Common/Source/Drivers/gd32vf103_usart.o
                0x0000000008009694                usart_data_transmit
 *fill*         0x000000000800969e        0x2 
 .text.usart_data_receive
                0x00000000080096a0        0xa ./nuclei_sdk/SoC/gd32vf103/Common/Source/Drivers/gd32vf103_usart.o
                0x00000000080096a0                usart_data_receive
 *fill*         0x00000000080096aa        0x2 
 .text.usart_hardware_flow_rts_config
                0x00000000080096ac        0xe ./nuclei_sdk/SoC/gd32vf103/Common/Source/Drivers/gd32vf103_usart.o
                0x00000000080096ac                usart_hardware_flow_rts_config
 *fill*         0x00000000080096ba        0x2 
 .text.usart_hardware_flow_cts_config
                0x00000000080096bc        0xe ./nuclei_sdk/SoC/gd32vf103/Common/Source/Drivers/gd32vf103_usart.o
                0x00000000080096bc                usart_hardware_flow_cts_config
 *fill*         0x00000000080096ca        0x2 
 .text.usart_flag_get
                0x00000000080096cc       0x16 ./nuclei_sdk/SoC/gd32vf103/Common/Source/Drivers/gd32vf103_usart.o
                0x00000000080096cc                usart_flag_get
 *fill*         0x00000000080096e2        0x2 
 .text.usart_flag_clear
                0x00000000080096e4       0x1e ./nuclei_sdk/SoC/gd32vf103/Common/Source/Drivers/gd32vf103_usart.o
                0x00000000080096e4                usart_flag_clear
 *fill*         0x0000000008009702        0x2 
 .text.usart_interrupt_enable
                0x0000000008009704       0x1a ./nuclei_sdk/SoC/gd32vf103/Common/Source/Drivers/gd32vf103_usart.o
                0x0000000008009704                usart_interrupt_enable
 *fill*         0x000000000800971e        0x2 
 .text.usart_interrupt_disable
                0x0000000008009720       0x1e ./nuclei_sdk/SoC/gd32vf103/Common/Source/Drivers/gd32vf103_usart.o
                0x0000000008009720                usart_interrupt_disable
 *fill*         0x000000000800973e        0x2 
 .text.usart_interrupt_flag_get
                0x0000000008009740       0x2e ./nuclei_sdk/SoC/gd32vf103/Common/Source/Drivers/gd32vf103_usart.o
                0x0000000008009740                usart_interrupt_flag_get
 *fill*         0x000000000800976e        0x2 
 .text.usart_interrupt_flag_clear
                0x0000000008009770       0x1a ./nuclei_sdk/SoC/gd32vf103/Common/Source/Drivers/gd32vf103_usart.o
                0x0000000008009770                usart_interrupt_flag_clear
 *fill*         0x000000000800978a        0x2 
 .text.usart_write
                0x000000000800978c       0x4e ./nuclei_sdk/SoC/gd32vf103/Common/Source/Drivers/gd32vf103_usart.o
                0x000000000800978c                usart_write
 *fill*         0x00000000080097da        0x2 
 .text.usart_read
                0x00000000080097dc       0x4c ./nuclei_sdk/SoC/gd32vf103/Common/Source/Drivers/gd32vf103_usart.o
                0x00000000080097dc                usart_read
 .text.get_cpu_freq
                0x0000000008009828      0x148 ./nuclei_sdk/SoC/gd32vf103/Common/Source/gd32vf103_soc.o
                0x0000000008009828                get_cpu_freq
 .text.SystemInit
                0x0000000008009970      0x222 ./nuclei_sdk/SoC/gd32vf103/Common/Source/system_gd32vf103.o
                0x0000000008009970                SystemInit
 *fill*         0x0000000008009b92        0x2 
 .text.core_exception_handler
                0x0000000008009b94       0x50 ./nuclei_sdk/SoC/gd32vf103/Common/Source/system_gd32vf103.o
                0x0000000008009b94                core_exception_handler
 .text.Exception_DumpFrame
                0x0000000008009be4       0x76 ./nuclei_sdk/SoC/gd32vf103/Common/Source/system_gd32vf103.o
                0x0000000008009be4                Exception_DumpFrame
 *fill*         0x0000000008009c5a        0x2 
 .text.system_default_exception_handler
                0x0000000008009c5c       0x42 ./nuclei_sdk/SoC/gd32vf103/Common/Source/system_gd32vf103.o
 *fill*         0x0000000008009c9e        0x2 
 .text._premain_init
                0x0000000008009ca0       0xa4 ./nuclei_sdk/SoC/gd32vf103/Common/Source/system_gd32vf103.o
                0x0000000008009ca0                _premain_init
 *fill*         0x0000000008009d44        0x0 
 .text._postmain_fini
                0x0000000008009d44        0x2 ./nuclei_sdk/SoC/gd32vf103/Common/Source/system_gd32vf103.o
                0x0000000008009d44                _postmain_fini
 *fill*         0x0000000008009d46        0x2 
 .text._init    0x0000000008009d48        0x2 ./nuclei_sdk/SoC/gd32vf103/Common/Source/system_gd32vf103.o
                0x0000000008009d48                _init
 *fill*         0x0000000008009d4a        0x2 
 .text._fini    0x0000000008009d4c        0x2 ./nuclei_sdk/SoC/gd32vf103/Common/Source/system_gd32vf103.o
                0x0000000008009d4c                _fini
 *fill*         0x0000000008009d4e        0x2 
 .text.gd_com_init
                0x0000000008009d50       0x96 ./nuclei_sdk/SoC/gd32vf103/Board/gd32vf103v_rvstar/Source/gd32vf103v_rvstar.o
                0x0000000008009d50                gd_com_init
 *fill*         0x0000000008009de6        0x2 
 .text.rt_hw_pin_init
                0x0000000008009de8       0x4e ./libraries/gd32vf103/HAL_Drivers/drv_gpio.o
                0x0000000008009de8                rt_hw_pin_init
 *fill*         0x0000000008009e36        0x2 
 .text.gd32_pin_dettach_irq
                0x0000000008009e38       0xf0 ./libraries/gd32vf103/HAL_Drivers/drv_gpio.o
 .text.gd32_pin_attach_irq
                0x0000000008009f28      0x138 ./libraries/gd32vf103/HAL_Drivers/drv_gpio.o
 .text.gd32_pin_irq_enable
                0x000000000800a060      0x2c2 ./libraries/gd32vf103/HAL_Drivers/drv_gpio.o
 *fill*         0x000000000800a322        0x2 
 .text.gd32_pin_read
                0x000000000800a324       0x3a ./libraries/gd32vf103/HAL_Drivers/drv_gpio.o
 *fill*         0x000000000800a35e        0x2 
 .text.gd32_pin_write
                0x000000000800a360       0x36 ./libraries/gd32vf103/HAL_Drivers/drv_gpio.o
 *fill*         0x000000000800a396        0x2 
 .text.gd32_pin_mode
                0x000000000800a398       0x6a ./libraries/gd32vf103/HAL_Drivers/drv_gpio.o
 *fill*         0x000000000800a402        0x2 
 .text.EXTI0_IRQHandler
                0x000000000800a404       0x2e ./libraries/gd32vf103/HAL_Drivers/drv_gpio.o
                0x000000000800a404                EXTI0_IRQHandler
 *fill*         0x000000000800a432        0x2 
 .text.EXTI1_IRQHandler
                0x000000000800a434       0x2e ./libraries/gd32vf103/HAL_Drivers/drv_gpio.o
                0x000000000800a434                EXTI1_IRQHandler
 *fill*         0x000000000800a462        0x2 
 .text.EXTI2_IRQHandler
                0x000000000800a464       0x2e ./libraries/gd32vf103/HAL_Drivers/drv_gpio.o
                0x000000000800a464                EXTI2_IRQHandler
 *fill*         0x000000000800a492        0x2 
 .text.EXTI3_IRQHandler
                0x000000000800a494       0x2e ./libraries/gd32vf103/HAL_Drivers/drv_gpio.o
                0x000000000800a494                EXTI3_IRQHandler
 *fill*         0x000000000800a4c2        0x2 
 .text.EXTI4_IRQHandler
                0x000000000800a4c4       0x2e ./libraries/gd32vf103/HAL_Drivers/drv_gpio.o
                0x000000000800a4c4                EXTI4_IRQHandler
 *fill*         0x000000000800a4f2        0x2 
 .text.EXTI5_9_IRQHandler
                0x000000000800a4f4       0xba ./libraries/gd32vf103/HAL_Drivers/drv_gpio.o
                0x000000000800a4f4                EXTI5_9_IRQHandler
 *fill*         0x000000000800a5ae        0x2 
 .text.EXTI10_15_IRQHandler
                0x000000000800a5b0       0xe6 ./libraries/gd32vf103/HAL_Drivers/drv_gpio.o
                0x000000000800a5b0                EXTI10_15_IRQHandler
 *fill*         0x000000000800a696        0x2 
 .text.gd32_getc
                0x000000000800a698       0x66 ./libraries/gd32vf103/HAL_Drivers/drv_usart.o
 *fill*         0x000000000800a6fe        0x2 
 .text.gd32_putc
                0x000000000800a700       0xae ./libraries/gd32vf103/HAL_Drivers/drv_usart.o
 *fill*         0x000000000800a7ae        0x2 
 .text.gd32_control
                0x000000000800a7b0       0xb0 ./libraries/gd32vf103/HAL_Drivers/drv_usart.o
 .text.gd32_configure
                0x000000000800a860      0x12e ./libraries/gd32vf103/HAL_Drivers/drv_usart.o
 *fill*         0x000000000800a98e        0x2 
 .text.USART0_IRQHandler
                0x000000000800a990       0xba ./libraries/gd32vf103/HAL_Drivers/drv_usart.o
                0x000000000800a990                USART0_IRQHandler
 *fill*         0x000000000800aa4a        0x2 
 .text.rt_hw_usart_init
                0x000000000800aa4c       0x6e ./libraries/gd32vf103/HAL_Drivers/drv_usart.o
                0x000000000800aa4c                rt_hw_usart_init
 *fill*         0x000000000800aaba        0x2 
 .text.rt_heap_begin_get
                0x000000000800aabc        0xa ./board/board.o
                0x000000000800aabc                rt_heap_begin_get
 *fill*         0x000000000800aac6        0x2 
 .text.rt_heap_end_get
                0x000000000800aac8        0xa ./board/board.o
                0x000000000800aac8                rt_heap_end_get
 *fill*         0x000000000800aad2        0x2 
 .text.rt_hw_board_init
                0x000000000800aad4       0x3a ./board/board.o
                0x000000000800aad4                rt_hw_board_init
 *fill*         0x000000000800ab0e        0x2 
 .text.thread1_entry
                0x000000000800ab10      0x19e ./application/main.o
 .text          0x000000000800acae      0x360 d:/design/nucleistudio/toolchain/gcc/bin/../lib/gcc/riscv-nuclei-elf/10.2.0/rv32imac/ilp32\libgcc.a(_udivdi3.o)
                0x000000000800acae                __udivdi3
 .text.atexit   0x000000000800b00e        0xc d:/design/nucleistudio/toolchain/gcc/bin/../lib/gcc/riscv-nuclei-elf/10.2.0/../../../../riscv-nuclei-elf/lib/rv32imac/ilp32\libg_nano.a(lib_a-atexit.o)
                0x000000000800b00e                atexit
 .text.__libc_fini_array
                0x000000000800b01a       0x36 d:/design/nucleistudio/toolchain/gcc/bin/../lib/gcc/riscv-nuclei-elf/10.2.0/../../../../riscv-nuclei-elf/lib/rv32imac/ilp32\libg_nano.a(lib_a-fini.o)
                0x000000000800b01a                __libc_fini_array
 .text.__libc_init_array
                0x000000000800b050       0x5e d:/design/nucleistudio/toolchain/gcc/bin/../lib/gcc/riscv-nuclei-elf/10.2.0/../../../../riscv-nuclei-elf/lib/rv32imac/ilp32\libg_nano.a(lib_a-init.o)
                0x000000000800b050                __libc_init_array
 .text.memcmp   0x000000000800b0ae       0x26 d:/design/nucleistudio/toolchain/gcc/bin/../lib/gcc/riscv-nuclei-elf/10.2.0/../../../../riscv-nuclei-elf/lib/rv32imac/ilp32\libg_nano.a(lib_a-memcmp.o)
                0x000000000800b0ae                memcmp
 .text.memcpy   0x000000000800b0d4       0xdc d:/design/nucleistudio/toolchain/gcc/bin/../lib/gcc/riscv-nuclei-elf/10.2.0/../../../../riscv-nuclei-elf/lib/rv32imac/ilp32\libg_nano.a(lib_a-memcpy.o)
                0x000000000800b0d4                memcpy
 .text          0x000000000800b1b0       0xa8 d:/design/nucleistudio/toolchain/gcc/bin/../lib/gcc/riscv-nuclei-elf/10.2.0/../../../../riscv-nuclei-elf/lib/rv32imac/ilp32\libg_nano.a(lib_a-memset.o)
                0x000000000800b1b0                memset
 .text.__cvt    0x000000000800b258       0xec d:/design/nucleistudio/toolchain/gcc/bin/../lib/gcc/riscv-nuclei-elf/10.2.0/../../../../riscv-nuclei-elf/lib/rv32imac/ilp32\libg_nano.a(lib_a-nano-vfprintf_float.o)
                0x000000000800b258                __cvt
 .text.__exponent
                0x000000000800b344       0x9c d:/design/nucleistudio/toolchain/gcc/bin/../lib/gcc/riscv-nuclei-elf/10.2.0/../../../../riscv-nuclei-elf/lib/rv32imac/ilp32\libg_nano.a(lib_a-nano-vfprintf_float.o)
                0x000000000800b344                __exponent
 .text._printf_float
                0x000000000800b3e0      0x4d8 d:/design/nucleistudio/toolchain/gcc/bin/../lib/gcc/riscv-nuclei-elf/10.2.0/../../../../riscv-nuclei-elf/lib/rv32imac/ilp32\libg_nano.a(lib_a-nano-vfprintf_float.o)
                0x000000000800b3e0                _printf_float
 .text._printf_common
                0x000000000800b8b8      0x10c d:/design/nucleistudio/toolchain/gcc/bin/../lib/gcc/riscv-nuclei-elf/10.2.0/../../../../riscv-nuclei-elf/lib/rv32imac/ilp32\libg_nano.a(lib_a-nano-vfprintf_i.o)
                0x000000000800b8b8                _printf_common
 .text._printf_i
                0x000000000800b9c4      0x274 d:/design/nucleistudio/toolchain/gcc/bin/../lib/gcc/riscv-nuclei-elf/10.2.0/../../../../riscv-nuclei-elf/lib/rv32imac/ilp32\libg_nano.a(lib_a-nano-vfprintf_i.o)
                0x000000000800b9c4                _printf_i
 .text.printf   0x000000000800bc38       0x3c d:/design/nucleistudio/toolchain/gcc/bin/../lib/gcc/riscv-nuclei-elf/10.2.0/../../../../riscv-nuclei-elf/lib/rv32imac/ilp32\libg_nano.a(lib_a-printf.o)
                0x000000000800bc38                iprintf
                0x000000000800bc38                printf
 .text.strlen   0x000000000800bc74       0x12 d:/design/nucleistudio/toolchain/gcc/bin/../lib/gcc/riscv-nuclei-elf/10.2.0/../../../../riscv-nuclei-elf/lib/rv32imac/ilp32\libg_nano.a(lib_a-strlen.o)
                0x000000000800bc74                strlen
 .text.strncmp  0x000000000800bc86       0x2e d:/design/nucleistudio/toolchain/gcc/bin/../lib/gcc/riscv-nuclei-elf/10.2.0/../../../../riscv-nuclei-elf/lib/rv32imac/ilp32\libg_nano.a(lib_a-strncmp.o)
                0x000000000800bc86                strncmp
 .text.isatty   0x000000000800bcb4        0x4 d:/design/nucleistudio/toolchain/gcc/bin/../lib/gcc/riscv-nuclei-elf/10.2.0/../../../../riscv-nuclei-elf/lib/rv32imac/ilp32\libg_nano.a(lib_a-sysisatty.o)
                0x000000000800bcb4                isatty
 .text.__register_exitproc
                0x000000000800bcb8       0x78 d:/design/nucleistudio/toolchain/gcc/bin/../lib/gcc/riscv-nuclei-elf/10.2.0/../../../../riscv-nuclei-elf/lib/rv32imac/ilp32\libg_nano.a(lib_a-__atexit.o)
                0x000000000800bcb8                __register_exitproc
 .text.quorem   0x000000000800bd30      0x12c d:/design/nucleistudio/toolchain/gcc/bin/../lib/gcc/riscv-nuclei-elf/10.2.0/../../../../riscv-nuclei-elf/lib/rv32imac/ilp32\libg_nano.a(lib_a-dtoa.o)
 .text._dtoa_r  0x000000000800be5c      0xc40 d:/design/nucleistudio/toolchain/gcc/bin/../lib/gcc/riscv-nuclei-elf/10.2.0/../../../../riscv-nuclei-elf/lib/rv32imac/ilp32\libg_nano.a(lib_a-dtoa.o)
                0x000000000800be5c                _dtoa_r
 .text.std      0x000000000800ca9c       0x6a d:/design/nucleistudio/toolchain/gcc/bin/../lib/gcc/riscv-nuclei-elf/10.2.0/../../../../riscv-nuclei-elf/lib/rv32imac/ilp32\libg_nano.a(lib_a-findfp.o)
 .text._cleanup_r
                0x000000000800cb06        0xa d:/design/nucleistudio/toolchain/gcc/bin/../lib/gcc/riscv-nuclei-elf/10.2.0/../../../../riscv-nuclei-elf/lib/rv32imac/ilp32\libg_nano.a(lib_a-findfp.o)
                0x000000000800cb06                _cleanup_r
 .text.__sfmoreglue
                0x000000000800cb10       0x48 d:/design/nucleistudio/toolchain/gcc/bin/../lib/gcc/riscv-nuclei-elf/10.2.0/../../../../riscv-nuclei-elf/lib/rv32imac/ilp32\libg_nano.a(lib_a-findfp.o)
                0x000000000800cb10                __sfmoreglue
 .text.__sinit  0x000000000800cb58       0x70 d:/design/nucleistudio/toolchain/gcc/bin/../lib/gcc/riscv-nuclei-elf/10.2.0/../../../../riscv-nuclei-elf/lib/rv32imac/ilp32\libg_nano.a(lib_a-findfp.o)
                0x000000000800cb58                __sinit
 .text.__sfp    0x000000000800cbc8       0xa2 d:/design/nucleistudio/toolchain/gcc/bin/../lib/gcc/riscv-nuclei-elf/10.2.0/../../../../riscv-nuclei-elf/lib/rv32imac/ilp32\libg_nano.a(lib_a-findfp.o)
                0x000000000800cbc8                __sfp
 .text._fwalk_reent
                0x000000000800cc6a       0x6a d:/design/nucleistudio/toolchain/gcc/bin/../lib/gcc/riscv-nuclei-elf/10.2.0/../../../../riscv-nuclei-elf/lib/rv32imac/ilp32\libg_nano.a(lib_a-fwalk.o)
                0x000000000800cc6a                _fwalk_reent
 .text._localeconv_r
                0x000000000800ccd4        0xa d:/design/nucleistudio/toolchain/gcc/bin/../lib/gcc/riscv-nuclei-elf/10.2.0/../../../../riscv-nuclei-elf/lib/rv32imac/ilp32\libg_nano.a(lib_a-localeconv.o)
                0x000000000800ccd4                _localeconv_r
 .text.malloc   0x000000000800ccde        0xa d:/design/nucleistudio/toolchain/gcc/bin/../lib/gcc/riscv-nuclei-elf/10.2.0/../../../../riscv-nuclei-elf/lib/rv32imac/ilp32\libg_nano.a(lib_a-malloc.o)
                0x000000000800ccde                malloc
 .text.memchr   0x000000000800cce8       0x1a d:/design/nucleistudio/toolchain/gcc/bin/../lib/gcc/riscv-nuclei-elf/10.2.0/../../../../riscv-nuclei-elf/lib/rv32imac/ilp32\libg_nano.a(lib_a-memchr.o)
                0x000000000800cce8                memchr
 .text._Balloc  0x000000000800cd02       0xae d:/design/nucleistudio/toolchain/gcc/bin/../lib/gcc/riscv-nuclei-elf/10.2.0/../../../../riscv-nuclei-elf/lib/rv32imac/ilp32\libg_nano.a(lib_a-mprec.o)
                0x000000000800cd02                _Balloc
 .text._Bfree   0x000000000800cdb0       0x62 d:/design/nucleistudio/toolchain/gcc/bin/../lib/gcc/riscv-nuclei-elf/10.2.0/../../../../riscv-nuclei-elf/lib/rv32imac/ilp32\libg_nano.a(lib_a-mprec.o)
                0x000000000800cdb0                _Bfree
 .text.__multadd
                0x000000000800ce12       0xc0 d:/design/nucleistudio/toolchain/gcc/bin/../lib/gcc/riscv-nuclei-elf/10.2.0/../../../../riscv-nuclei-elf/lib/rv32imac/ilp32\libg_nano.a(lib_a-mprec.o)
                0x000000000800ce12                __multadd
 .text.__hi0bits
                0x000000000800ced2       0x46 d:/design/nucleistudio/toolchain/gcc/bin/../lib/gcc/riscv-nuclei-elf/10.2.0/../../../../riscv-nuclei-elf/lib/rv32imac/ilp32\libg_nano.a(lib_a-mprec.o)
                0x000000000800ced2                __hi0bits
 .text.__lo0bits
                0x000000000800cf18       0x6a d:/design/nucleistudio/toolchain/gcc/bin/../lib/gcc/riscv-nuclei-elf/10.2.0/../../../../riscv-nuclei-elf/lib/rv32imac/ilp32\libg_nano.a(lib_a-mprec.o)
                0x000000000800cf18                __lo0bits
 .text.__i2b    0x000000000800cf82       0x38 d:/design/nucleistudio/toolchain/gcc/bin/../lib/gcc/riscv-nuclei-elf/10.2.0/../../../../riscv-nuclei-elf/lib/rv32imac/ilp32\libg_nano.a(lib_a-mprec.o)
                0x000000000800cf82                __i2b
 .text.__multiply
                0x000000000800cfba      0x180 d:/design/nucleistudio/toolchain/gcc/bin/../lib/gcc/riscv-nuclei-elf/10.2.0/../../../../riscv-nuclei-elf/lib/rv32imac/ilp32\libg_nano.a(lib_a-mprec.o)
                0x000000000800cfba                __multiply
 .text.__pow5mult
                0x000000000800d13a       0xda d:/design/nucleistudio/toolchain/gcc/bin/../lib/gcc/riscv-nuclei-elf/10.2.0/../../../../riscv-nuclei-elf/lib/rv32imac/ilp32\libg_nano.a(lib_a-mprec.o)
                0x000000000800d13a                __pow5mult
 .text.__lshift
                0x000000000800d214      0x104 d:/design/nucleistudio/toolchain/gcc/bin/../lib/gcc/riscv-nuclei-elf/10.2.0/../../../../riscv-nuclei-elf/lib/rv32imac/ilp32\libg_nano.a(lib_a-mprec.o)
                0x000000000800d214                __lshift
 .text.__mcmp   0x000000000800d318       0x36 d:/design/nucleistudio/toolchain/gcc/bin/../lib/gcc/riscv-nuclei-elf/10.2.0/../../../../riscv-nuclei-elf/lib/rv32imac/ilp32\libg_nano.a(lib_a-mprec.o)
                0x000000000800d318                __mcmp
 .text.__mdiff  0x000000000800d34e      0x15e d:/design/nucleistudio/toolchain/gcc/bin/../lib/gcc/riscv-nuclei-elf/10.2.0/../../../../riscv-nuclei-elf/lib/rv32imac/ilp32\libg_nano.a(lib_a-mprec.o)
                0x000000000800d34e                __mdiff
 .text.__d2b    0x000000000800d4ac       0xf0 d:/design/nucleistudio/toolchain/gcc/bin/../lib/gcc/riscv-nuclei-elf/10.2.0/../../../../riscv-nuclei-elf/lib/rv32imac/ilp32\libg_nano.a(lib_a-mprec.o)
                0x000000000800d4ac                __d2b
 .text._calloc_r
                0x000000000800d59c       0x36 d:/design/nucleistudio/toolchain/gcc/bin/../lib/gcc/riscv-nuclei-elf/10.2.0/../../../../riscv-nuclei-elf/lib/rv32imac/ilp32\libg_nano.a(lib_a-nano-callocr.o)
                0x000000000800d59c                _calloc_r
 .text._free_r  0x000000000800d5d2       0xa2 d:/design/nucleistudio/toolchain/gcc/bin/../lib/gcc/riscv-nuclei-elf/10.2.0/../../../../riscv-nuclei-elf/lib/rv32imac/ilp32\libg_nano.a(lib_a-nano-freer.o)
                0x000000000800d5d2                _free_r
 .text._malloc_r
                0x000000000800d674       0xd6 d:/design/nucleistudio/toolchain/gcc/bin/../lib/gcc/riscv-nuclei-elf/10.2.0/../../../../riscv-nuclei-elf/lib/rv32imac/ilp32\libg_nano.a(lib_a-nano-mallocr.o)
                0x000000000800d674                _malloc_r
 .text.__sfputc_r
                0x000000000800d74a       0x28 d:/design/nucleistudio/toolchain/gcc/bin/../lib/gcc/riscv-nuclei-elf/10.2.0/../../../../riscv-nuclei-elf/lib/rv32imac/ilp32\libg_nano.a(lib_a-nano-vfprintf.o)
 .text.__sfputs_r
                0x000000000800d772       0x44 d:/design/nucleistudio/toolchain/gcc/bin/../lib/gcc/riscv-nuclei-elf/10.2.0/../../../../riscv-nuclei-elf/lib/rv32imac/ilp32\libg_nano.a(lib_a-nano-vfprintf.o)
                0x000000000800d772                __sfputs_r
 .text._vfprintf_r
                0x000000000800d7b6      0x29e d:/design/nucleistudio/toolchain/gcc/bin/../lib/gcc/riscv-nuclei-elf/10.2.0/../../../../riscv-nuclei-elf/lib/rv32imac/ilp32\libg_nano.a(lib_a-nano-vfprintf.o)
                0x000000000800d7b6                _vfprintf_r
                0x000000000800d7b6                _vfiprintf_r
 .text._sbrk_r  0x000000000800da54       0x28 d:/design/nucleistudio/toolchain/gcc/bin/../lib/gcc/riscv-nuclei-elf/10.2.0/../../../../riscv-nuclei-elf/lib/rv32imac/ilp32\libg_nano.a(lib_a-sbrkr.o)
                0x000000000800da54                _sbrk_r
 .text.__sread  0x000000000800da7c       0x30 d:/design/nucleistudio/toolchain/gcc/bin/../lib/gcc/riscv-nuclei-elf/10.2.0/../../../../riscv-nuclei-elf/lib/rv32imac/ilp32\libg_nano.a(lib_a-stdio.o)
                0x000000000800da7c                __sread
 .text.__swrite
                0x000000000800daac       0x4e d:/design/nucleistudio/toolchain/gcc/bin/../lib/gcc/riscv-nuclei-elf/10.2.0/../../../../riscv-nuclei-elf/lib/rv32imac/ilp32\libg_nano.a(lib_a-stdio.o)
                0x000000000800daac                __swrite
 .text.__sseek  0x000000000800dafa       0x36 d:/design/nucleistudio/toolchain/gcc/bin/../lib/gcc/riscv-nuclei-elf/10.2.0/../../../../riscv-nuclei-elf/lib/rv32imac/ilp32\libg_nano.a(lib_a-stdio.o)
                0x000000000800dafa                __sseek
 .text.__sclose
                0x000000000800db30        0x6 d:/design/nucleistudio/toolchain/gcc/bin/../lib/gcc/riscv-nuclei-elf/10.2.0/../../../../riscv-nuclei-elf/lib/rv32imac/ilp32\libg_nano.a(lib_a-stdio.o)
                0x000000000800db30                __sclose
 .text.__swbuf_r
                0x000000000800db36       0xc2 d:/design/nucleistudio/toolchain/gcc/bin/../lib/gcc/riscv-nuclei-elf/10.2.0/../../../../riscv-nuclei-elf/lib/rv32imac/ilp32\libg_nano.a(lib_a-wbuf.o)
                0x000000000800db36                __swbuf_r
 .text._write_r
                0x000000000800dbf8       0x2c d:/design/nucleistudio/toolchain/gcc/bin/../lib/gcc/riscv-nuclei-elf/10.2.0/../../../../riscv-nuclei-elf/lib/rv32imac/ilp32\libg_nano.a(lib_a-writer.o)
                0x000000000800dbf8                _write_r
 .text.__swsetup_r
                0x000000000800dc24      0x10a d:/design/nucleistudio/toolchain/gcc/bin/../lib/gcc/riscv-nuclei-elf/10.2.0/../../../../riscv-nuclei-elf/lib/rv32imac/ilp32\libg_nano.a(lib_a-wsetup.o)
                0x000000000800dc24                __swsetup_r
 .text.__assert_func
                0x000000000800dd2e       0x36 d:/design/nucleistudio/toolchain/gcc/bin/../lib/gcc/riscv-nuclei-elf/10.2.0/../../../../riscv-nuclei-elf/lib/rv32imac/ilp32\libg_nano.a(lib_a-assert.o)
                0x000000000800dd2e                __assert_func
 .text._close_r
                0x000000000800dd64       0x28 d:/design/nucleistudio/toolchain/gcc/bin/../lib/gcc/riscv-nuclei-elf/10.2.0/../../../../riscv-nuclei-elf/lib/rv32imac/ilp32\libg_nano.a(lib_a-closer.o)
                0x000000000800dd64                _close_r
 .text.__sflush_r
                0x000000000800dd8c      0x148 d:/design/nucleistudio/toolchain/gcc/bin/../lib/gcc/riscv-nuclei-elf/10.2.0/../../../../riscv-nuclei-elf/lib/rv32imac/ilp32\libg_nano.a(lib_a-fflush.o)
                0x000000000800dd8c                __sflush_r
 .text._fflush_r
                0x000000000800ded4       0x68 d:/design/nucleistudio/toolchain/gcc/bin/../lib/gcc/riscv-nuclei-elf/10.2.0/../../../../riscv-nuclei-elf/lib/rv32imac/ilp32\libg_nano.a(lib_a-fflush.o)
                0x000000000800ded4                _fflush_r
 .text.fprintf  0x000000000800df3c       0x26 d:/design/nucleistudio/toolchain/gcc/bin/../lib/gcc/riscv-nuclei-elf/10.2.0/../../../../riscv-nuclei-elf/lib/rv32imac/ilp32\libg_nano.a(lib_a-fprintf.o)
                0x000000000800df3c                fiprintf
                0x000000000800df3c                fprintf
 .text._lseek_r
                0x000000000800df62       0x2c d:/design/nucleistudio/toolchain/gcc/bin/../lib/gcc/riscv-nuclei-elf/10.2.0/../../../../riscv-nuclei-elf/lib/rv32imac/ilp32\libg_nano.a(lib_a-lseekr.o)
                0x000000000800df62                _lseek_r
 .text.__swhatbuf_r
                0x000000000800df8e       0x5a d:/design/nucleistudio/toolchain/gcc/bin/../lib/gcc/riscv-nuclei-elf/10.2.0/../../../../riscv-nuclei-elf/lib/rv32imac/ilp32\libg_nano.a(lib_a-makebuf.o)
                0x000000000800df8e                __swhatbuf_r
 .text.__smakebuf_r
                0x000000000800dfe8       0xa0 d:/design/nucleistudio/toolchain/gcc/bin/../lib/gcc/riscv-nuclei-elf/10.2.0/../../../../riscv-nuclei-elf/lib/rv32imac/ilp32\libg_nano.a(lib_a-makebuf.o)
                0x000000000800dfe8                __smakebuf_r
 .text.__ascii_mbtowc
                0x000000000800e088       0x3a d:/design/nucleistudio/toolchain/gcc/bin/../lib/gcc/riscv-nuclei-elf/10.2.0/../../../../riscv-nuclei-elf/lib/rv32imac/ilp32\libg_nano.a(lib_a-mbtowc_r.o)
                0x000000000800e088                __ascii_mbtowc
 .text.__malloc_lock
                0x000000000800e0c2        0x2 d:/design/nucleistudio/toolchain/gcc/bin/../lib/gcc/riscv-nuclei-elf/10.2.0/../../../../riscv-nuclei-elf/lib/rv32imac/ilp32\libg_nano.a(lib_a-mlock.o)
                0x000000000800e0c2                __malloc_lock
 .text.__malloc_unlock
                0x000000000800e0c4        0x2 d:/design/nucleistudio/toolchain/gcc/bin/../lib/gcc/riscv-nuclei-elf/10.2.0/../../../../riscv-nuclei-elf/lib/rv32imac/ilp32\libg_nano.a(lib_a-mlock.o)
                0x000000000800e0c4                __malloc_unlock
 .text._read_r  0x000000000800e0c6       0x2c d:/design/nucleistudio/toolchain/gcc/bin/../lib/gcc/riscv-nuclei-elf/10.2.0/../../../../riscv-nuclei-elf/lib/rv32imac/ilp32\libg_nano.a(lib_a-readr.o)
                0x000000000800e0c6                _read_r
 .text.__ascii_wctomb
                0x000000000800e0f2       0x20 d:/design/nucleistudio/toolchain/gcc/bin/../lib/gcc/riscv-nuclei-elf/10.2.0/../../../../riscv-nuclei-elf/lib/rv32imac/ilp32\libg_nano.a(lib_a-wctomb_r.o)
                0x000000000800e0f2                __ascii_wctomb
 .text.abort    0x000000000800e112        0xe d:/design/nucleistudio/toolchain/gcc/bin/../lib/gcc/riscv-nuclei-elf/10.2.0/../../../../riscv-nuclei-elf/lib/rv32imac/ilp32\libg_nano.a(lib_a-abort.o)
                0x000000000800e112                abort
 .text._fstat_r
                0x000000000800e120       0x2a d:/design/nucleistudio/toolchain/gcc/bin/../lib/gcc/riscv-nuclei-elf/10.2.0/../../../../riscv-nuclei-elf/lib/rv32imac/ilp32\libg_nano.a(lib_a-fstatr.o)
                0x000000000800e120                _fstat_r
 .text._isatty_r
                0x000000000800e14a       0x28 d:/design/nucleistudio/toolchain/gcc/bin/../lib/gcc/riscv-nuclei-elf/10.2.0/../../../../riscv-nuclei-elf/lib/rv32imac/ilp32\libg_nano.a(lib_a-isattyr.o)
                0x000000000800e14a                _isatty_r
 .text._raise_r
                0x000000000800e172       0x62 d:/design/nucleistudio/toolchain/gcc/bin/../lib/gcc/riscv-nuclei-elf/10.2.0/../../../../riscv-nuclei-elf/lib/rv32imac/ilp32\libg_nano.a(lib_a-signal.o)
                0x000000000800e172                _raise_r
 .text.raise    0x000000000800e1d4        0xa d:/design/nucleistudio/toolchain/gcc/bin/../lib/gcc/riscv-nuclei-elf/10.2.0/../../../../riscv-nuclei-elf/lib/rv32imac/ilp32\libg_nano.a(lib_a-signal.o)
                0x000000000800e1d4                raise
 .text._kill_r  0x000000000800e1de       0x2a d:/design/nucleistudio/toolchain/gcc/bin/../lib/gcc/riscv-nuclei-elf/10.2.0/../../../../riscv-nuclei-elf/lib/rv32imac/ilp32\libg_nano.a(lib_a-signalr.o)
                0x000000000800e1de                _kill_r
 .text._getpid_r
                0x000000000800e208        0x4 d:/design/nucleistudio/toolchain/gcc/bin/../lib/gcc/riscv-nuclei-elf/10.2.0/../../../../riscv-nuclei-elf/lib/rv32imac/ilp32\libg_nano.a(lib_a-signalr.o)
                0x000000000800e208                _getpid_r
 .text          0x000000000800e20c      0x60a d:/design/nucleistudio/toolchain/gcc/bin/../lib/gcc/riscv-nuclei-elf/10.2.0/rv32imac/ilp32\libgcc.a(adddf3.o)
                0x000000000800e20c                __adddf3
 .text          0x000000000800e816      0x540 d:/design/nucleistudio/toolchain/gcc/bin/../lib/gcc/riscv-nuclei-elf/10.2.0/rv32imac/ilp32\libgcc.a(divdf3.o)
                0x000000000800e816                __divdf3
 .text          0x000000000800ed56       0x6a d:/design/nucleistudio/toolchain/gcc/bin/../lib/gcc/riscv-nuclei-elf/10.2.0/rv32imac/ilp32\libgcc.a(eqdf2.o)
                0x000000000800ed56                __nedf2
                0x000000000800ed56                __eqdf2
 .text          0x000000000800edc0       0xa6 d:/design/nucleistudio/toolchain/gcc/bin/../lib/gcc/riscv-nuclei-elf/10.2.0/rv32imac/ilp32\libgcc.a(gedf2.o)
                0x000000000800edc0                __gedf2
                0x000000000800edc0                __gtdf2
 .text          0x000000000800ee66       0xa6 d:/design/nucleistudio/toolchain/gcc/bin/../lib/gcc/riscv-nuclei-elf/10.2.0/rv32imac/ilp32\libgcc.a(ledf2.o)
                0x000000000800ee66                __ledf2
                0x000000000800ee66                __ltdf2
 .text          0x000000000800ef0c      0x442 d:/design/nucleistudio/toolchain/gcc/bin/../lib/gcc/riscv-nuclei-elf/10.2.0/rv32imac/ilp32\libgcc.a(muldf3.o)
                0x000000000800ef0c                __muldf3
 .text          0x000000000800f34e      0x618 d:/design/nucleistudio/toolchain/gcc/bin/../lib/gcc/riscv-nuclei-elf/10.2.0/rv32imac/ilp32\libgcc.a(subdf3.o)
                0x000000000800f34e                __subdf3
 .text          0x000000000800f966       0x3a d:/design/nucleistudio/toolchain/gcc/bin/../lib/gcc/riscv-nuclei-elf/10.2.0/rv32imac/ilp32\libgcc.a(unorddf2.o)
                0x000000000800f966                __unorddf2
 .text          0x000000000800f9a0       0x64 d:/design/nucleistudio/toolchain/gcc/bin/../lib/gcc/riscv-nuclei-elf/10.2.0/rv32imac/ilp32\libgcc.a(fixdfsi.o)
                0x000000000800f9a0                __fixdfsi
 .text          0x000000000800fa04       0x66 d:/design/nucleistudio/toolchain/gcc/bin/../lib/gcc/riscv-nuclei-elf/10.2.0/rv32imac/ilp32\libgcc.a(floatsidf.o)
                0x000000000800fa04                __floatsidf
 .text          0x000000000800fa6a       0x4e d:/design/nucleistudio/toolchain/gcc/bin/../lib/gcc/riscv-nuclei-elf/10.2.0/rv32imac/ilp32\libgcc.a(floatunsidf.o)
                0x000000000800fa6a                __floatunsidf
 .text          0x000000000800fab8      0x23c d:/design/nucleistudio/toolchain/gcc/bin/../lib/gcc/riscv-nuclei-elf/10.2.0/rv32imac/ilp32\libgcc.a(trunctfdf2.o)
                0x000000000800fab8                __trunctfdf2
 .text          0x000000000800fcf4       0x3c d:/design/nucleistudio/toolchain/gcc/bin/../lib/gcc/riscv-nuclei-elf/10.2.0/rv32imac/ilp32\libgcc.a(_clzsi2.o)
                0x000000000800fcf4                __clzsi2
 *(.gnu.linkonce.t.*)

.rodata         0x000000000800fd30     0x2944
                0x000000000800fd30                . = ALIGN (0x4)
 *(.rdata)
 *(.rodata .rodata.*)
 .rodata.entry.str1.4
                0x000000000800fd30       0x17 ./rt-thread/src/components.o
 *fill*         0x000000000800fd47        0x1 
 .rodata.__FUNCTION__.0
                0x000000000800fd48       0x14 ./rt-thread/src/components.o
 .rodata.rt_device_register.str1.4
                0x000000000800fd5c       0x17 ./rt-thread/src/device.o
 *fill*         0x000000000800fd73        0x1 
 .rodata.rt_device_unregister.str1.4
                0x000000000800fd74       0x74 ./rt-thread/src/device.o
 .rodata.rt_device_init.str1.4
                0x000000000800fde8       0x36 ./rt-thread/src/device.o
 *fill*         0x000000000800fe1e        0x2 
 .rodata.rt_device_open.str1.4
                0x000000000800fe20       0x14 ./rt-thread/src/device.o
 .rodata.__FUNCTION__.1
                0x000000000800fe34       0x1a ./rt-thread/src/device.o
 *fill*         0x000000000800fe4e        0x2 
 .rodata.__FUNCTION__.3
                0x000000000800fe50       0x10 ./rt-thread/src/device.o
 .rodata.__FUNCTION__.4
                0x000000000800fe60        0xf ./rt-thread/src/device.o
 *fill*         0x000000000800fe6f        0x1 
 .rodata.__FUNCTION__.5
                0x000000000800fe70       0x10 ./rt-thread/src/device.o
 .rodata.__FUNCTION__.6
                0x000000000800fe80        0xf ./rt-thread/src/device.o
 *fill*         0x000000000800fe8f        0x1 
 .rodata.__FUNCTION__.9
                0x000000000800fe90        0xf ./rt-thread/src/device.o
 *fill*         0x000000000800fe9f        0x1 
 .rodata.rt_thread_idle_entry.str1.4
                0x000000000800fea0       0x27 ./rt-thread/src/idle.o
                                         0x2a (size before relaxing)
 *fill*         0x000000000800fec7        0x1 
 .rodata.rt_thread_idle_init.str1.4
                0x000000000800fec8        0x6 ./rt-thread/src/idle.o
 *fill*         0x000000000800fece        0x2 
 .rodata.__FUNCTION__.0
                0x000000000800fed0       0x16 ./rt-thread/src/idle.o
 *fill*         0x000000000800fee6        0x2 
 .rodata.rt_sem_init.str1.4
                0x000000000800fee8        0xf ./rt-thread/src/ipc.o
 *fill*         0x000000000800fef7        0x1 
 .rodata.rt_sem_detach.str1.4
                0x000000000800fef8       0x77 ./rt-thread/src/ipc.o
 .rodata.rt_sem_create.str1.4
                0x000000000800ff6f       0x2a ./rt-thread/src/ipc.o
 *fill*         0x000000000800ff6f        0x1 
 .rodata.rt_sem_take.str1.4
                0x000000000800ff70       0x37 ./rt-thread/src/ipc.o
 *fill*         0x000000000800ffa7        0x1 
 .rodata.__FUNCTION__.30
                0x000000000800ffa8        0xf ./rt-thread/src/ipc.o
 *fill*         0x000000000800ffb7        0x1 
 .rodata.__FUNCTION__.31
                0x000000000800ffb8        0xc ./rt-thread/src/ipc.o
 .rodata.__FUNCTION__.35
                0x000000000800ffc4        0xc ./rt-thread/src/ipc.o
 .rodata.rt_vsnprintf.str1.4
                0x000000000800ffd0        0x7 ./rt-thread/src/kservice.o
 *fill*         0x000000000800ffd7        0x1 
 .rodata.rt_vsnprintf
                0x000000000800ffd8       0x84 ./rt-thread/src/kservice.o
 .rodata.rt_show_version.str1.4
                0x000000000801005c       0x86 ./rt-thread/src/kservice.o
 *fill*         0x00000000080100e2        0x2 
 .rodata.rt_assert_handler.str1.4
                0x00000000080100e4       0x37 ./rt-thread/src/kservice.o
 *fill*         0x000000000801011b        0x1 
 .rodata.__lowest_bit_bitmap
                0x000000000801011c      0x100 ./rt-thread/src/kservice.o
                0x000000000801011c                __lowest_bit_bitmap
 .rodata.large_digits.2
                0x000000000801021c       0x11 ./rt-thread/src/kservice.o
 *fill*         0x000000000801022d        0x3 
 .rodata.small_digits.1
                0x0000000008010230       0x11 ./rt-thread/src/kservice.o
 *fill*         0x0000000008010241        0x3 
 .rodata.list_mem.str1.4
                0x0000000008010244       0x46 ./rt-thread/src/mem.o
 *fill*         0x000000000801028a        0x2 
 .rodata.rt_system_heap_init.str1.4
                0x000000000801028c       0x42 ./rt-thread/src/mem.o
                                         0x6e (size before relaxing)
 *fill*         0x00000000080102ce        0x2 
 .rodata.rt_malloc.str1.4
                0x00000000080102d0       0xc4 ./rt-thread/src/mem.o
 .rodata.rt_free.str1.4
                0x0000000008010394      0x15f ./rt-thread/src/mem.o
 *fill*         0x00000000080104f3        0x1 
 .rodata.__FUNCTION__.1
                0x00000000080104f4        0xa ./rt-thread/src/mem.o
 *fill*         0x00000000080104fe        0x2 
 .rodata.__FUNCTION__.2
                0x0000000008010500        0xb ./rt-thread/src/mem.o
 *fill*         0x000000000801050b        0x1 
 .rodata.__FUNCTION__.4
                0x000000000801050c        0xa ./rt-thread/src/mem.o
 *fill*         0x0000000008010516        0x2 
 .rodata.__FUNCTION__.5
                0x0000000008010518       0x14 ./rt-thread/src/mem.o
 .rodata.name   0x000000000801052c       0x29 ./rt-thread/src/mem.o
                0x000000000801052c                __fsym_list_mem_desc
                0x000000000801054c                __fsym_list_mem_name
 .rodata.rt_mp_create.str1.4
                0x0000000008010555       0x2a ./rt-thread/src/mempool.o
 *fill*         0x0000000008010555        0x3 
 .rodata.__FUNCTION__.2
                0x0000000008010558        0xd ./rt-thread/src/mempool.o
 .rodata.rt_object_init.str1.4
                0x0000000008010565       0x17 ./rt-thread/src/object.o
 *fill*         0x0000000008010565        0x3 
 .rodata.rt_object_detach.str1.4
                0x0000000008010568       0x12 ./rt-thread/src/object.o
 .rodata.rt_object_allocate.str1.4
                0x000000000801057a       0x2a ./rt-thread/src/object.o
 *fill*         0x000000000801057a        0x2 
 .rodata.rt_object_delete.str1.4
                0x000000000801057c       0x29 ./rt-thread/src/object.o
 *fill*         0x00000000080105a5        0x3 
 .rodata.__FUNCTION__.1
                0x00000000080105a8       0x13 ./rt-thread/src/object.o
 *fill*         0x00000000080105bb        0x1 
 .rodata.__FUNCTION__.2
                0x00000000080105bc       0x1a ./rt-thread/src/object.o
 *fill*         0x00000000080105d6        0x2 
 .rodata.__FUNCTION__.3
                0x00000000080105d8       0x11 ./rt-thread/src/object.o
 *fill*         0x00000000080105e9        0x3 
 .rodata.__FUNCTION__.4
                0x00000000080105ec       0x13 ./rt-thread/src/object.o
 *fill*         0x00000000080105ff        0x1 
 .rodata.__FUNCTION__.5
                0x0000000008010600       0x11 ./rt-thread/src/object.o
 *fill*         0x0000000008010611        0x3 
 .rodata.__FUNCTION__.6
                0x0000000008010614        0xf ./rt-thread/src/object.o
 *fill*         0x0000000008010623        0x1 
 .rodata.rt_schedule.str1.4
                0x0000000008010624       0x65 ./rt-thread/src/scheduler.o
 *fill*         0x0000000008010689        0x3 
 .rodata.__FUNCTION__.0
                0x000000000801068c       0x1a ./rt-thread/src/scheduler.o
 *fill*         0x00000000080106a6        0x2 
 .rodata.__FUNCTION__.1
                0x00000000080106a8       0x1a ./rt-thread/src/scheduler.o
 *fill*         0x00000000080106c2        0x2 
 .rodata.__FUNCTION__.2
                0x00000000080106c4       0x1a ./rt-thread/src/scheduler.o
 .rodata.rt_signal_wait.str1.4
                0x00000000080106de       0x63 ./rt-thread/src/signal.o
 *fill*         0x00000000080106de        0x2 
 .rodata.rt_system_signal_init.str1.4
                0x00000000080106e0        0x7 ./rt-thread/src/signal.o
 *fill*         0x00000000080106e7        0x1 
 .rodata.__FUNCTION__.0
                0x00000000080106e8       0x16 ./rt-thread/src/signal.o
 *fill*         0x00000000080106fe        0x2 
 .rodata.rt_thread_timeout.str1.4
                0x0000000008010700       0x7e ./rt-thread/src/thread.o
                                         0x92 (size before relaxing)
 *fill*         0x000000000801077e        0x2 
 .rodata.rt_thread_init.str1.4
                0x0000000008010780       0x3a ./rt-thread/src/thread.o
 *fill*         0x00000000080107ba        0x2 
 .rodata.rt_thread_startup.str1.4
                0x00000000080107bc       0x37 ./rt-thread/src/thread.o
 *fill*         0x00000000080107f3        0x1 
 .rodata.__FUNCTION__.1
                0x00000000080107f4       0x12 ./rt-thread/src/thread.o
 *fill*         0x0000000008010806        0x2 
 .rodata.__FUNCTION__.10
                0x0000000008010808        0xf ./rt-thread/src/thread.o
 *fill*         0x0000000008010817        0x1 
 .rodata.__FUNCTION__.2
                0x0000000008010818       0x11 ./rt-thread/src/thread.o
 *fill*         0x0000000008010829        0x3 
 .rodata.__FUNCTION__.3
                0x000000000801082c       0x12 ./rt-thread/src/thread.o
 *fill*         0x000000000801083e        0x2 
 .rodata.__FUNCTION__.8
                0x0000000008010840       0x12 ./rt-thread/src/thread.o
 *fill*         0x0000000008010852        0x2 
 .rodata.__FUNCTION__.9
                0x0000000008010854       0x10 ./rt-thread/src/thread.o
 .rodata.rt_timer_init.str1.4
                0x0000000008010864       0x11 ./rt-thread/src/timer.o
 *fill*         0x0000000008010875        0x3 
 .rodata.rt_timer_detach.str1.4
                0x0000000008010878       0x66 ./rt-thread/src/timer.o
 *fill*         0x00000000080108de        0x2 
 .rodata.rt_timer_start.str1.4
                0x00000000080108e0       0x23 ./rt-thread/src/timer.o
 *fill*         0x0000000008010903        0x1 
 .rodata.__FUNCTION__.0
                0x0000000008010904       0x11 ./rt-thread/src/timer.o
 *fill*         0x0000000008010915        0x3 
 .rodata.__FUNCTION__.1
                0x0000000008010918        0xe ./rt-thread/src/timer.o
 *fill*         0x0000000008010926        0x2 
 .rodata.__FUNCTION__.3
                0x0000000008010928        0xf ./rt-thread/src/timer.o
 *fill*         0x0000000008010937        0x1 
 .rodata.__FUNCTION__.5
                0x0000000008010938       0x10 ./rt-thread/src/timer.o
 .rodata.__FUNCTION__.6
                0x0000000008010948        0xe ./rt-thread/src/timer.o
 *fill*         0x0000000008010956        0x2 
 .rodata.str1.4
                0x0000000008010958      0x11c ./rt-thread/components/finsh/cmd.o
 .rodata.hello.str1.4
                0x0000000008010a74       0x12 ./rt-thread/components/finsh/cmd.o
 *fill*         0x0000000008010a86        0x2 
 .rodata.list_device.str1.4
                0x0000000008010a88       0x6b ./rt-thread/components/finsh/cmd.o
 *fill*         0x0000000008010af3        0x1 
 .rodata.list_mempool.str1.4
                0x0000000008010af4       0x94 ./rt-thread/components/finsh/cmd.o
                                         0x98 (size before relaxing)
 .rodata.list_memheap.str1.4
                0x0000000008010b88       0x80 ./rt-thread/components/finsh/cmd.o
 .rodata.list_msgqueue.str1.4
                0x0000000008010c08       0x65 ./rt-thread/components/finsh/cmd.o
 *fill*         0x0000000008010c6d        0x3 
 .rodata.list_mailbox.str1.4
                0x0000000008010c70       0x76 ./rt-thread/components/finsh/cmd.o
 *fill*         0x0000000008010ce6        0x2 
 .rodata.list_mutex.str1.4
                0x0000000008010ce8       0x63 ./rt-thread/components/finsh/cmd.o
 *fill*         0x0000000008010d4b        0x1 
 .rodata.list_event.str1.4
                0x0000000008010d4c       0x76 ./rt-thread/components/finsh/cmd.o
 *fill*         0x0000000008010dc2        0x2 
 .rodata.list_sem.str1.4
                0x0000000008010dc4       0x60 ./rt-thread/components/finsh/cmd.o
 .rodata.list_thread.str1.4
                0x0000000008010e24       0xf0 ./rt-thread/components/finsh/cmd.o
 .rodata.list_timer.str1.4
                0x0000000008010f14       0x9d ./rt-thread/components/finsh/cmd.o
 *fill*         0x0000000008010fb1        0x3 
 .rodata.list.str1.4
                0x0000000008010fb4       0x21 ./rt-thread/components/finsh/cmd.o
 *fill*         0x0000000008010fd5        0x3 
 .rodata        0x0000000008010fd8       0x50 ./rt-thread/components/finsh/cmd.o
 .rodata.name   0x0000000008011028      0x3d6 ./rt-thread/components/finsh/cmd.o
                0x0000000008011028                __fsym_list_desc
                0x0000000008011044                __fsym_list_name
                0x000000000801104c                __fsym___cmd_list_device_desc
                0x0000000008011064                __fsym___cmd_list_device_name
                0x0000000008011078                __fsym_list_device_desc
                0x0000000008011090                __fsym_list_device_name
                0x000000000801109c                __fsym___cmd_list_timer_desc
                0x00000000080110b4                __fsym___cmd_list_timer_name
                0x00000000080110c8                __fsym_list_timer_desc
                0x00000000080110e0                __fsym_list_timer_name
                0x00000000080110ec                __fsym___cmd_list_mempool_desc
                0x0000000008011108                __fsym___cmd_list_mempool_name
                0x000000000801111c                __fsym_list_mempool_desc
                0x0000000008011138                __fsym_list_mempool_name
                0x0000000008011148                __fsym___cmd_list_memheap_desc
                0x0000000008011164                __fsym___cmd_list_memheap_name
                0x0000000008011178                __fsym_list_memheap_desc
                0x0000000008011194                __fsym_list_memheap_name
                0x00000000080111a4                __fsym___cmd_list_msgqueue_desc
                0x00000000080111c4                __fsym___cmd_list_msgqueue_name
                0x00000000080111d8                __fsym_list_msgqueue_desc
                0x00000000080111f8                __fsym_list_msgqueue_name
                0x0000000008011208                __fsym___cmd_list_mailbox_desc
                0x0000000008011220                __fsym___cmd_list_mailbox_name
                0x0000000008011234                __fsym_list_mailbox_desc
                0x000000000801124c                __fsym_list_mailbox_name
                0x000000000801125c                __fsym___cmd_list_mutex_desc
                0x0000000008011274                __fsym___cmd_list_mutex_name
                0x0000000008011288                __fsym_list_mutex_desc
                0x00000000080112a0                __fsym_list_mutex_name
                0x00000000080112ac                __fsym___cmd_list_event_desc
                0x00000000080112c4                __fsym___cmd_list_event_name
                0x00000000080112d8                __fsym_list_event_desc
                0x00000000080112f0                __fsym_list_event_name
                0x00000000080112fc                __fsym___cmd_list_sem_desc
                0x0000000008011318                __fsym___cmd_list_sem_name
                0x0000000008011328                __fsym_list_sem_desc
                0x0000000008011344                __fsym_list_sem_name
                0x0000000008011350                __fsym___cmd_list_thread_desc
                0x000000000801135c                __fsym___cmd_list_thread_name
                0x0000000008011370                __fsym_list_thread_desc
                0x000000000801137c                __fsym_list_thread_name
                0x0000000008011388                __fsym___cmd_version_desc
                0x00000000080113ac                __fsym___cmd_version_name
                0x00000000080113bc                __fsym_version_desc
                0x00000000080113e0                __fsym_version_name
                0x00000000080113e8                __fsym_hello_desc
                0x00000000080113f8                __fsym_hello_name
 *fill*         0x00000000080113fe        0x2 
 .rodata.msh_help.str1.4
                0x0000000008011400       0x30 ./rt-thread/components/finsh/msh.o
                                         0x34 (size before relaxing)
 .rodata.msh_exec.str1.4
                0x0000000008011430       0x40 ./rt-thread/components/finsh/msh.o
 .rodata.msh_auto_complete.str1.4
                0x0000000008011470       0x40 ./rt-thread/components/finsh/msh.o
                                          0x4 (size before relaxing)
 .rodata.__FUNCTION__.0
                0x0000000008011470        0xe ./rt-thread/components/finsh/msh.o
 *fill*         0x000000000801147e        0x2 
 .rodata.name   0x0000000008011480       0x23 ./rt-thread/components/finsh/msh.o
                0x0000000008011480                __fsym___cmd_help_desc
                0x0000000008011498                __fsym___cmd_help_name
 *fill*         0x00000000080114a3        0x1 
 .rodata.name   0x00000000080114a4       0x81 ./rt-thread/components/finsh/msh_cmd.o
                0x00000000080114a4                __fsym___cmd_free_desc
                0x00000000080114cc                __fsym___cmd_free_name
                0x00000000080114d8                __fsym___cmd_time_desc
                0x00000000080114f4                __fsym___cmd_time_name
                0x0000000008011500                __fsym___cmd_ps_desc
                0x000000000801151c                __fsym___cmd_ps_name
 *fill*         0x0000000008011525        0x3 
 .rodata.finsh_rx_ind.str1.4
                0x0000000008011528       0x11 ./rt-thread/components/finsh/shell.o
 *fill*         0x0000000008011539        0x3 
 .rodata.finsh_system_init.str1.4
                0x000000000801153c       0x25 ./rt-thread/components/finsh/shell.o
 *fill*         0x0000000008011561        0x3 
 .rodata.finsh_set_device.str1.4
                0x0000000008011564       0x20 ./rt-thread/components/finsh/shell.o
 .rodata.finsh_thread_entry.str1.4
                0x0000000008011584       0x24 ./rt-thread/components/finsh/shell.o
                                         0x2b (size before relaxing)
 .rodata.__FUNCTION__.0
                0x00000000080115a8        0xe ./rt-thread/components/finsh/shell.o
 *fill*         0x00000000080115b6        0x2 
 .rodata.__FUNCTION__.4
                0x00000000080115b8        0xd ./rt-thread/components/finsh/shell.o
 *fill*         0x00000000080115c5        0x3 
 .rodata.__FUNCTION__.5
                0x00000000080115c8       0x11 ./rt-thread/components/finsh/shell.o
 .rodata.rt_serial_control.str1.4
                0x00000000080115d9        0xf ./rt-thread/components/drivers/serial/serial.o
 *fill*         0x00000000080115d9        0x3 
 .rodata.rt_serial_write.str1.4
                0x00000000080115dc       0x12 ./rt-thread/components/drivers/serial/serial.o
 *fill*         0x00000000080115ee        0x2 
 .rodata.rt_serial_read.str1.4
                0x00000000080115f0       0x13 ./rt-thread/components/drivers/serial/serial.o
 *fill*         0x0000000008011603        0x1 
 .rodata.__FUNCTION__.0
                0x0000000008011604       0x11 ./rt-thread/components/drivers/serial/serial.o
 *fill*         0x0000000008011615        0x3 
 .rodata.__FUNCTION__.1
                0x0000000008011618        0xf ./rt-thread/components/drivers/serial/serial.o
 *fill*         0x0000000008011627        0x1 
 .rodata.__FUNCTION__.10
                0x0000000008011628       0x16 ./rt-thread/components/drivers/serial/serial.o
 *fill*         0x000000000801163e        0x2 
 .rodata.__FUNCTION__.2
                0x0000000008011640        0xf ./rt-thread/components/drivers/serial/serial.o
 *fill*         0x000000000801164f        0x1 
 .rodata.__FUNCTION__.3
                0x0000000008011650       0x10 ./rt-thread/components/drivers/serial/serial.o
 .rodata.__FUNCTION__.4
                0x0000000008011660       0x10 ./rt-thread/components/drivers/serial/serial.o
 .rodata.__FUNCTION__.5
                0x0000000008011670        0xf ./rt-thread/components/drivers/serial/serial.o
 *fill*         0x000000000801167f        0x1 
 .rodata.__FUNCTION__.6
                0x0000000008011680        0xf ./rt-thread/components/drivers/serial/serial.o
 *fill*         0x000000000801168f        0x1 
 .rodata.__FUNCTION__.7
                0x0000000008011690       0x10 ./rt-thread/components/drivers/serial/serial.o
 .rodata.__FUNCTION__.8
                0x00000000080116a0       0x10 ./rt-thread/components/drivers/serial/serial.o
 .rodata.__FUNCTION__.9
                0x00000000080116b0       0x12 ./rt-thread/components/drivers/serial/serial.o
 *fill*         0x00000000080116c2        0x2 
 .rodata.rt_pin_read.str1.4
                0x00000000080116c4       0x17 ./rt-thread/components/drivers/misc/pin.o
 *fill*         0x00000000080116db        0x1 
 .rodata._pin_control.str1.4
                0x00000000080116dc        0xf ./rt-thread/components/drivers/misc/pin.o
 *fill*         0x00000000080116eb        0x1 
 .rodata.__FUNCTION__.0
                0x00000000080116ec        0xc ./rt-thread/components/drivers/misc/pin.o
 .rodata.__FUNCTION__.1
                0x00000000080116f8        0xd ./rt-thread/components/drivers/misc/pin.o
 *fill*         0x0000000008011705        0x3 
 .rodata.__FUNCTION__.2
                0x0000000008011708        0xc ./rt-thread/components/drivers/misc/pin.o
 .rodata.__FUNCTION__.6
                0x0000000008011714        0xa ./rt-thread/components/drivers/misc/pin.o
 *fill*         0x000000000801171e        0x2 