Archive member included to satisfy reference by file (symbol)

d:/design/nucleistudio/toolchain/gcc/bin/../lib/gcc/riscv-nuclei-elf/10.2.0/rv32imac/ilp32\libgcc.a(_divdi3.o)
                              ./nuclei_sdk/SoC/gd32vf103/Common/Source/Stubs/newlib/gettimeofday.o (__divdi3)
d:/design/nucleistudio/toolchain/gcc/bin/../lib/gcc/riscv-nuclei-elf/10.2.0/rv32imac/ilp32\libgcc.a(_udivdi3.o)
                              ./nuclei_sdk/SoC/gd32vf103/Common/Source/Stubs/newlib/gettimeofday.o (__udivdi3)
d:/design/nucleistudio/toolchain/gcc/bin/../lib/gcc/riscv-nuclei-elf/10.2.0/rv32imac/ilp32\libgcc.a(_umoddi3.o)
                              ./nuclei_sdk/SoC/gd32vf103/Common/Source/Stubs/newlib/gettimeofday.o (__umoddi3)
d:/design/nucleistudio/toolchain/gcc/bin/../lib/gcc/riscv-nuclei-elf/10.2.0/rv32imac/ilp32\libgcc.a(_clz.o)
                              d:/design/nucleistudio/toolchain/gcc/bin/../lib/gcc/riscv-nuclei-elf/10.2.0/rv32imac/ilp32\libgcc.a(_divdi3.o) (__clz_tab)
d:/design/nucleistudio/toolchain/gcc/bin/../lib/gcc/riscv-nuclei-elf/10.2.0/../../../../riscv-nuclei-elf/lib/rv32imac/ilp32\libg_nano.a(lib_a-atexit.o)
                              ./nuclei_sdk/SoC/gd32vf103/Common/Source/GCC/startup_gd32vf103.o (atexit)
d:/design/nucleistudio/toolchain/gcc/bin/../lib/gcc/riscv-nuclei-elf/10.2.0/../../../../riscv-nuclei-elf/lib/rv32imac/ilp32\libg_nano.a(lib_a-fini.o)
                              ./nuclei_sdk/SoC/gd32vf103/Common/Source/GCC/startup_gd32vf103.o (__libc_fini_array)
d:/design/nucleistudio/toolchain/gcc/bin/../lib/gcc/riscv-nuclei-elf/10.2.0/../../../../riscv-nuclei-elf/lib/rv32imac/ilp32\libg_nano.a(lib_a-init.o)
                              ./nuclei_sdk/SoC/gd32vf103/Common/Source/GCC/startup_gd32vf103.o (__libc_init_array)
d:/design/nucleistudio/toolchain/gcc/bin/../lib/gcc/riscv-nuclei-elf/10.2.0/../../../../riscv-nuclei-elf/lib/rv32imac/ilp32\libg_nano.a(lib_a-memcmp.o)
                              ./rt-thread/components/finsh/shell.o (memcmp)
d:/design/nucleistudio/toolchain/gcc/bin/../lib/gcc/riscv-nuclei-elf/10.2.0/../../../../riscv-nuclei-elf/lib/rv32imac/ilp32\libg_nano.a(lib_a-memcpy.o)
                              ./rt-thread/components/finsh/shell.o (memcpy)
d:/design/nucleistudio/toolchain/gcc/bin/../lib/gcc/riscv-nuclei-elf/10.2.0/../../../../riscv-nuclei-elf/lib/rv32imac/ilp32\libg_nano.a(lib_a-memset.o)
                              ./rt-thread/components/finsh/shell.o (memset)
d:/design/nucleistudio/toolchain/gcc/bin/../lib/gcc/riscv-nuclei-elf/10.2.0/../../../../riscv-nuclei-elf/lib/rv32imac/ilp32\libg_nano.a(lib_a-nano-vfprintf_float.o)
                              (_printf_float)
d:/design/nucleistudio/toolchain/gcc/bin/../lib/gcc/riscv-nuclei-elf/10.2.0/../../../../riscv-nuclei-elf/lib/rv32imac/ilp32\libg_nano.a(lib_a-nano-vfprintf_i.o)
                              d:/design/nucleistudio/toolchain/gcc/bin/../lib/gcc/riscv-nuclei-elf/10.2.0/../../../../riscv-nuclei-elf/lib/rv32imac/ilp32\libg_nano.a(lib_a-nano-vfprintf_float.o) (_printf_common)
d:/design/nucleistudio/toolchain/gcc/bin/../lib/gcc/riscv-nuclei-elf/10.2.0/../../../../riscv-nuclei-elf/lib/rv32imac/ilp32\libg_nano.a(lib_a-printf.o)
                              ./rt-thread/src/kservice.o (printf)
d:/design/nucleistudio/toolchain/gcc/bin/../lib/gcc/riscv-nuclei-elf/10.2.0/../../../../riscv-nuclei-elf/lib/rv32imac/ilp32\libg_nano.a(lib_a-reent.o)
                              ./nuclei_sdk/SoC/gd32vf103/Common/Source/Stubs/newlib/close.o (errno)
d:/design/nucleistudio/toolchain/gcc/bin/../lib/gcc/riscv-nuclei-elf/10.2.0/../../../../riscv-nuclei-elf/lib/rv32imac/ilp32\libg_nano.a(lib_a-strlen.o)
                              ./rt-thread/components/finsh/msh.o (strlen)
d:/design/nucleistudio/toolchain/gcc/bin/../lib/gcc/riscv-nuclei-elf/10.2.0/../../../../riscv-nuclei-elf/lib/rv32imac/ilp32\libg_nano.a(lib_a-strncmp.o)
                              ./rt-thread/components/finsh/msh.o (strncmp)
d:/design/nucleistudio/toolchain/gcc/bin/../lib/gcc/riscv-nuclei-elf/10.2.0/../../../../riscv-nuclei-elf/lib/rv32imac/ilp32\libg_nano.a(lib_a-sysisatty.o)
                              ./nuclei_sdk/SoC/gd32vf103/Common/Source/Stubs/newlib/write.o (isatty)
d:/design/nucleistudio/toolchain/gcc/bin/../lib/gcc/riscv-nuclei-elf/10.2.0/../../../../riscv-nuclei-elf/lib/rv32imac/ilp32\libg_nano.a(lib_a-__atexit.o)
                              d:/design/nucleistudio/toolchain/gcc/bin/../lib/gcc/riscv-nuclei-elf/10.2.0/../../../../riscv-nuclei-elf/lib/rv32imac/ilp32\libg_nano.a(lib_a-atexit.o) (__register_exitproc)
d:/design/nucleistudio/toolchain/gcc/bin/../lib/gcc/riscv-nuclei-elf/10.2.0/../../../../riscv-nuclei-elf/lib/rv32imac/ilp32\libg_nano.a(lib_a-__call_atexit.o)
                              d:/design/nucleistudio/toolchain/gcc/bin/../lib/gcc/riscv-nuclei-elf/10.2.0/../../../../riscv-nuclei-elf/lib/rv32imac/ilp32\libg_nano.a(lib_a-__atexit.o) (__call_exitprocs)
[...]
Memory Configuration

Name             Origin             Length             Attributes
flash            0x0000000008000000 0x0000000000020000 axr !w
ram              0x0000000020000000 0x0000000000005000 axw !r
*default*        0x0000000000000000 0xffffffffffffffff

Linker script and memory map

LOAD ./test/test.o
LOAD ./rt-thread/src/clock.o
LOAD ./rt-thread/src/components.o
LOAD ./rt-thread/src/device.o
LOAD ./rt-thread/src/idle.o
LOAD ./rt-thread/src/ipc.o
LOAD ./rt-thread/src/irq.o
LOAD ./rt-thread/src/kservice.o
LOAD ./rt-thread/src/mem.o
LOAD ./rt-thread/src/memheap.o
LOAD ./rt-thread/src/mempool.o
LOAD ./rt-thread/src/object.o
LOAD ./rt-thread/src/scheduler.o
LOAD ./rt-thread/src/signal.o
LOAD ./rt-thread/src/thread.o
LOAD ./rt-thread/src/timer.o
LOAD ./rt-thread/libcpu/risc-v/nuclei/context_gcc.o
LOAD ./rt-thread/libcpu/risc-v/nuclei/cpuport.o
LOAD ./rt-thread/libcpu/risc-v/nuclei/interrupt_gcc.o
LOAD ./rt-thread/components/finsh/cmd.o
LOAD ./rt-thread/components/finsh/msh.o
LOAD ./rt-thread/components/finsh/msh_cmd.o
LOAD ./rt-thread/components/finsh/msh_file.o
LOAD ./rt-thread/components/finsh/shell.o
LOAD ./rt-thread/components/finsh/symbol.o
LOAD ./rt-thread/components/drivers/serial/serial.o
LOAD ./rt-thread/components/drivers/misc/pin.o
LOAD ./nuclei_sdk/SoC/gd32vf103/Common/Source/Stubs/newlib/clock_getres.o
LOAD ./nuclei_sdk/SoC/gd32vf103/Common/Source/Stubs/newlib/clock_gettime.o
LOAD ./nuclei_sdk/SoC/gd32vf103/Common/Source/Stubs/newlib/clock_settime.o
LOAD ./nuclei_sdk/SoC/gd32vf103/Common/Source/Stubs/newlib/close.o
LOAD ./nuclei_sdk/SoC/gd32vf103/Common/Source/Stubs/newlib/execve.o
LOAD ./nuclei_sdk/SoC/gd32vf103/Common/Source/Stubs/newlib/exit.o
LOAD ./nuclei_sdk/SoC/gd32vf103/Common/Source/Stubs/newlib/fork.o
LOAD ./nuclei_sdk/SoC/gd32vf103/Common/Source/Stubs/newlib/fstat.o
LOAD ./nuclei_sdk/SoC/gd32vf103/Common/Source/Stubs/newlib/getpid.o
LOAD ./nuclei_sdk/SoC/gd32vf103/Common/Source/Stubs/newlib/gettimeofday.o
LOAD ./nuclei_sdk/SoC/gd32vf103/Common/Source/Stubs/newlib/isatty.o
LOAD ./nuclei_sdk/SoC/gd32vf103/Common/Source/Stubs/newlib/kill.o
LOAD ./nuclei_sdk/SoC/gd32vf103/Common/Source/Stubs/newlib/link.o
LOAD ./nuclei_sdk/SoC/gd32vf103/Common/Source/Stubs/newlib/lseek.o
LOAD ./nuclei_sdk/SoC/gd32vf103/Common/Source/Stubs/newlib/open.o
LOAD ./nuclei_sdk/SoC/gd32vf103/Common/Source/Stubs/newlib/read.o
LOAD ./nuclei_sdk/SoC/gd32vf103/Common/Source/Stubs/newlib/sbrk.o
LOAD ./nuclei_sdk/SoC/gd32vf103/Common/Source/Stubs/newlib/stat.o
LOAD ./nuclei_sdk/SoC/gd32vf103/Common/Source/Stubs/newlib/times.o
LOAD ./nuclei_sdk/SoC/gd32vf103/Common/Source/Stubs/newlib/unlink.o
LOAD ./nuclei_sdk/SoC/gd32vf103/Common/Source/Stubs/newlib/wait.o
LOAD ./nuclei_sdk/SoC/gd32vf103/Common/Source/Stubs/newlib/write.o
LOAD ./nuclei_sdk/SoC/gd32vf103/Common/Source/GCC/intexc_gd32vf103.o
LOAD ./nuclei_sdk/SoC/gd32vf103/Common/Source/GCC/startup_gd32vf103.o
LOAD ./nuclei_sdk/SoC/gd32vf103/Common/Source/Drivers/gd32vf103_adc.o
LOAD ./nuclei_sdk/SoC/gd32vf103/Common/Source/Drivers/gd32vf103_bkp.o
LOAD ./nuclei_sdk/SoC/gd32vf103/Common/Source/Drivers/gd32vf103_can.o
LOAD ./nuclei_sdk/SoC/gd32vf103/Common/Source/Drivers/gd32vf103_crc.o
LOAD ./nuclei_sdk/SoC/gd32vf103/Common/Source/Drivers/gd32vf103_dac.o
LOAD ./nuclei_sdk/SoC/gd32vf103/Common/Source/Drivers/gd32vf103_dbg.o
LOAD ./nuclei_sdk/SoC/gd32vf103/Common/Source/Drivers/gd32vf103_dma.o
LOAD ./nuclei_sdk/SoC/gd32vf103/Common/Source/Drivers/gd32vf103_exmc.o
LOAD ./nuclei_sdk/SoC/gd32vf103/Common/Source/Drivers/gd32vf103_exti.o
LOAD ./nuclei_sdk/SoC/gd32vf103/Common/Source/Drivers/gd32vf103_fmc.o
LOAD ./nuclei_sdk/SoC/gd32vf103/Common/Source/Drivers/gd32vf103_fwdgt.o
LOAD ./nuclei_sdk/SoC/gd32vf103/Common/Source/Drivers/gd32vf103_gpio.o
LOAD ./nuclei_sdk/SoC/gd32vf103/Common/Source/Drivers/gd32vf103_i2c.o
LOAD ./nuclei_sdk/SoC/gd32vf103/Common/Source/Drivers/gd32vf103_pmu.o
LOAD ./nuclei_sdk/SoC/gd32vf103/Common/Source/Drivers/gd32vf103_rcu.o
LOAD ./nuclei_sdk/SoC/gd32vf103/Common/Source/Drivers/gd32vf103_rtc.o
LOAD ./nuclei_sdk/SoC/gd32vf103/Common/Source/Drivers/gd32vf103_spi.o
LOAD ./nuclei_sdk/SoC/gd32vf103/Common/Source/Drivers/gd32vf103_timer.o
LOAD ./nuclei_sdk/SoC/gd32vf103/Common/Source/Drivers/gd32vf103_usart.o
LOAD ./nuclei_sdk/SoC/gd32vf103/Common/Source/Drivers/gd32vf103_wwdgt.o
LOAD ./nuclei_sdk/SoC/gd32vf103/Common/Source/gd32vf103_soc.o
LOAD ./nuclei_sdk/SoC/gd32vf103/Common/Source/system_gd32vf103.o
LOAD ./nuclei_sdk/SoC/gd32vf103/Board/gd32vf103v_rvstar/Source/gd32vf103v_rvstar.o
LOAD ./libraries/gd32vf103/HAL_Drivers/drv_gpio.o
LOAD ./libraries/gd32vf103/HAL_Drivers/drv_usart.o
LOAD ./board/board.o
LOAD ./application/main.o
LOAD d:/design/nucleistudio/toolchain/gcc/bin/../lib/gcc/riscv-nuclei-elf/10.2.0/../../../../riscv-nuclei-elf/lib/rv32imac/ilp32\libstdc++.a
LOAD d:/design/nucleistudio/toolchain/gcc/bin/../lib/gcc/riscv-nuclei-elf/10.2.0/../../../../riscv-nuclei-elf/lib/rv32imac/ilp32\libstdc++.a
LOAD d:/design/nucleistudio/toolchain/gcc/bin/../lib/gcc/riscv-nuclei-elf/10.2.0/../../../../riscv-nuclei-elf/lib/rv32imac/ilp32\libm_nano.a
LOAD d:/design/nucleistudio/toolchain/gcc/bin/../lib/gcc/riscv-nuclei-elf/10.2.0/rv32imac/ilp32\libgcc.a
LOAD d:/design/nucleistudio/toolchain/gcc/bin/../lib/gcc/riscv-nuclei-elf/10.2.0/../../../../riscv-nuclei-elf/lib/rv32imac/ilp32\libg_nano.a
LOAD d:/design/nucleistudio/toolchain/gcc/bin/../lib/gcc/riscv-nuclei-elf/10.2.0/../../../../riscv-nuclei-elf/lib/rv32imac/ilp32\libc_nano.a
LOAD d:/design/nucleistudio/toolchain/gcc/bin/../lib/gcc/riscv-nuclei-elf/10.2.0/rv32imac/ilp32\libgcc.a
START GROUP
LOAD d:/design/nucleistudio/toolchain/gcc/bin/../lib/gcc/riscv-nuclei-elf/10.2.0/rv32imac/ilp32\libgcc.a
LOAD d:/design/nucleistudio/toolchain/gcc/bin/../lib/gcc/riscv-nuclei-elf/10.2.0/../../../../riscv-nuclei-elf/lib/rv32imac/ilp32\libc_nano.a
LOAD d:/design/nucleistudio/toolchain/gcc/bin/../lib/gcc/riscv-nuclei-elf/10.2.0/../../../../riscv-nuclei-elf/lib/rv32imac/ilp32\libnosys.a
END GROUP
START GROUP
LOAD d:/design/nucleistudio/toolchain/gcc/bin/../lib/gcc/riscv-nuclei-elf/10.2.0/rv32imac/ilp32\libgcc.a
LOAD d:/design/nucleistudio/toolchain/gcc/bin/../lib/gcc/riscv-nuclei-elf/10.2.0/../../../../riscv-nuclei-elf/lib/rv32imac/ilp32\libc_nano.a
LOAD d:/design/nucleistudio/toolchain/gcc/bin/../lib/gcc/riscv-nuclei-elf/10.2.0/../../../../riscv-nuclei-elf/lib/rv32imac/ilp32\libnosys.a
END GROUP
                0x0000000008000000                __ROM_BASE = 0x8000000
                0x0000000000020000                __ROM_SIZE = 0x20000
                0x0000000080000000                __ILM_RAM_BASE = 0x80000000
                0x0000000000010000                __ILM_RAM_SIZE = 0x10000
                0x0000000020000000                __RAM_BASE = 0x20000000
                0x0000000000005000                __RAM_SIZE = 0x5000
                0x0000000000000800                __STACK_SIZE = 0x800
                0x0000000000000800                __HEAP_SIZE = 0x800

.init           0x0000000008000000      0x2f4
 *(.vtable)
 .vtable        0x0000000008000000      0x15c ./nuclei_sdk/SoC/gd32vf103/Common/Source/GCC/startup_gd32vf103.o
                0x0000000008000000                vector_base
 *(SORT_NONE(.init))
 *fill*         0x000000000800015c       0x24 
 .init          0x0000000008000180      0x174 ./nuclei_sdk/SoC/gd32vf103/Common/Source/GCC/startup_gd32vf103.o
                0x0000000008000180                _start
                0x00000000080002c0                early_exc_entry

.ilalign        0x00000000080002f4        0x0
                0x00000000080002f4                . = ALIGN (0x4)
 *fill*         0x00000000080002f4        0x0 
                0x00000000080002f4                PROVIDE (_ilm_lma = .)

.ialign         0x00000000080002f4        0x0
                0x00000000080002f4                . = ALIGN (0x4)
                0x00000000080002f4                PROVIDE (_ilm = .)

.text           0x0000000008000300     0xe17a
 *(.text.unlikely .text.unlikely.*)
 *(.text.startup .text.startup.*)
 .text.startup.main
                0x0000000008000300       0x32 ./application/main.o
                0x0000000008000300                main
 *(.text .text.*)
 *fill*         0x0000000008000332        0x2 
 .text.rt_tick_get
                0x0000000008000334        0xa ./rt-thread/src/clock.o
                0x0000000008000334                rt_tick_get
 *fill*         0x000000000800033e        0x2 
 .text.rt_tick_increase
                0x0000000008000340       0x3a ./rt-thread/src/clock.o
                0x0000000008000340                rt_tick_increase
 *fill*         0x000000000800037a        0x2 
 .text.rt_tick_from_millisecond
                0x000000000800037c       0x1e ./rt-thread/src/clock.o
                0x000000000800037c                rt_tick_from_millisecond
 *fill*         0x000000000800039a        0x2 
 .text.rti_start
                0x000000000800039c        0x6 ./rt-thread/src/components.o
 *fill*         0x00000000080003a2        0x2 
 .text.rti_board_start
                0x00000000080003a4        0x6 ./rt-thread/src/components.o
 *fill*         0x00000000080003aa        0x2 
 .text.rti_board_end
                0x00000000080003ac        0x6 ./rt-thread/src/components.o
 *fill*         0x00000000080003b2        0x2 
 .text.rti_end  0x00000000080003b4        0x6 ./rt-thread/src/components.o
 *fill*         0x00000000080003ba        0x2 
 .text.rt_device_register
                0x00000000080003bc       0xb2 ./rt-thread/src/device.o
                0x00000000080003bc                rt_device_register
 *fill*         0x000000000800046e        0x2 
 .text.rt_device_find
                0x0000000008000470       0x88 ./rt-thread/src/device.o
                0x0000000008000470                rt_device_find
 .text.rt_device_open
                0x00000000080004f8       0xfa ./rt-thread/src/device.o
                0x00000000080004f8                rt_device_open
 *fill*         0x00000000080005f2        0x2 
 .text.rt_device_close
                0x00000000080005f4       0x88 ./rt-thread/src/device.o
                0x00000000080005f4                rt_device_close
 .text.rt_device_read
                0x000000000800067c       0x8e ./rt-thread/src/device.o
                0x000000000800067c                rt_device_read
 *fill*         0x000000000800070a        0x2 
 .text.rt_device_write
                0x000000000800070c       0x8e ./rt-thread/src/device.o
                0x000000000800070c                rt_device_write
 *fill*         0x000000000800079a        0x2 
 .text.rt_device_set_rx_indicate
                0x000000000800079c       0x5a ./rt-thread/src/device.o
                0x000000000800079c                rt_device_set_rx_indicate
 *fill*         0x00000000080007f6        0x2 
 .text.rt_sem_init
                0x00000000080007f8       0x5a ./rt-thread/src/ipc.o
                0x00000000080007f8                rt_sem_init
 *fill*         0x0000000008000852        0x2 
 .text.rt_sem_take
                0x0000000008000854      0x1c6 ./rt-thread/src/ipc.o
                0x0000000008000854                rt_sem_take
 *fill*         0x0000000008000a1a        0x2 
 .text.rt_sem_release
                0x0000000008000a1c       0x9c ./rt-thread/src/ipc.o
                0x0000000008000a1c                rt_sem_release
 .text.rt_interrupt_enter
                0x0000000008000ab8       0x36 ./rt-thread/src/irq.o
                0x0000000008000ab8                rt_interrupt_enter
 *fill*         0x0000000008000aee        0x2 
 .text.rt_interrupt_leave
                0x0000000008000af0       0x36 ./rt-thread/src/irq.o
                0x0000000008000af0                rt_interrupt_leave
 *fill*         0x0000000008000b26        0x2 
 .text.rt_interrupt_get_nest
                0x0000000008000b28        0xa ./rt-thread/src/irq.o
                0x0000000008000b28                rt_interrupt_get_nest
 *fill*         0x0000000008000b32        0x2 
 .text.rt_set_errno
                0x0000000008000b34       0x2e ./rt-thread/src/kservice.o
                0x0000000008000b34                rt_set_errno
 *fill*         0x0000000008000b62        0x2 
 .text.rt_memset
                0x0000000008000b64      0x1c4 ./rt-thread/src/kservice.o
                0x0000000008000b64                rt_memset
 .text.rt_memmove
                0x0000000008000d28      0x1be ./rt-thread/src/kservice.o
                0x0000000008000d28                rt_memmove
 *fill*         0x0000000008000ee6        0x2 
 .text.rt_strncpy
                0x0000000008000ee8      0x204 ./rt-thread/src/kservice.o
                0x0000000008000ee8                rt_strncpy
 .text.rt_strncmp
                0x00000000080010ec      0x1a4 ./rt-thread/src/kservice.o
                0x00000000080010ec                rt_strncmp
 .text.rt_strlen
                0x0000000008001290       0x62 ./rt-thread/src/kservice.o
                0x0000000008001290                rt_strlen
 *fill*         0x00000000080012f2        0x2 
 .text.rt_vsnprintf
                0x00000000080012f4     0x1760 ./rt-thread/src/kservice.o
                0x00000000080012f4                rt_vsnprintf
 .text.rt_console_get_device
                0x0000000008002a54        0xa ./rt-thread/src/kservice.o
                0x0000000008002a54                rt_console_get_device
 *fill*         0x0000000008002a5e        0x2 
 .text.rt_hw_console_output
                0x0000000008002a60        0x6 ./rt-thread/src/kservice.o
                0x0000000008002a60                rt_hw_console_output
 *fill*         0x0000000008002a66        0x2 
 .text.rt_kprintf
                0x0000000008002a68       0x84 ./rt-thread/src/kservice.o
                0x0000000008002a68                rt_kprintf
 *fill*         0x0000000008002aec        0x0 
 .text.rt_show_version
                0x0000000008002aec       0x3e ./rt-thread/src/kservice.o
                0x0000000008002aec                rt_show_version
 *fill*         0x0000000008002b2a        0x2 
 .text.__rt_ffs
                0x0000000008002b2c       0x74 ./rt-thread/src/kservice.o
                0x0000000008002b2c                __rt_ffs
 .text.rt_assert_handler
                0x0000000008002ba0       0x80 ./rt-thread/src/kservice.o
                0x0000000008002ba0                rt_assert_handler
 *fill*         0x0000000008002c20        0x0 
 .text.list_mem
                0x0000000008002c20       0x3c ./rt-thread/src/mem.o
                0x0000000008002c20                list_mem
 *fill*         0x0000000008002c5c        0x0 
 .text.rt_malloc
                0x0000000008002c5c      0x244 ./rt-thread/src/mem.o
                0x0000000008002c5c                rt_malloc
 *fill*         0x0000000008002ea0        0x0 
 .text.rt_calloc
                0x0000000008002ea0       0x70 ./rt-thread/src/mem.o
                0x0000000008002ea0                rt_calloc
 *fill*         0x0000000008002f10        0x0 
 .text.rt_free  0x0000000008002f10      0x27e ./rt-thread/src/mem.o
                0x0000000008002f10                rt_free
 *fill*         0x000000000800318e        0x2 
 .text.rt_mp_free
                0x0000000008003190       0x6e ./rt-thread/src/mempool.o
                0x0000000008003190                rt_mp_free
 *fill*         0x00000000080031fe        0x2 
 .text.rt_object_get_information
                0x0000000008003200       0x7a ./rt-thread/src/object.o
                0x0000000008003200                rt_object_get_information
 *fill*         0x000000000800327a        0x2 
 .text.rt_object_init
                0x000000000800327c       0xe8 ./rt-thread/src/object.o
                0x000000000800327c                rt_object_init
 .text.rt_object_detach
                0x0000000008003364       0x52 ./rt-thread/src/object.o
                0x0000000008003364                rt_object_detach
 *fill*         0x00000000080033b6        0x2 
 .text.rt_object_allocate
                0x00000000080033b8      0x13a ./rt-thread/src/object.o
                0x00000000080033b8                rt_object_allocate
 *fill*         0x00000000080034f2        0x2 
 .text.rt_object_delete
                0x00000000080034f4       0x78 ./rt-thread/src/object.o
                0x00000000080034f4                rt_object_delete
 .text.rt_object_is_systemobject
                0x000000000800356c       0x32 ./rt-thread/src/object.o
                0x000000000800356c                rt_object_is_systemobject
 *fill*         0x000000000800359e        0x2 
 .text.rt_object_get_type
                0x00000000080035a0       0x36 ./rt-thread/src/object.o
                0x00000000080035a0                rt_object_get_type
 *fill*         0x00000000080035d6        0x2 
 .text.rt_schedule
                0x00000000080035d8      0x104 ./rt-thread/src/scheduler.o
                0x00000000080035d8                rt_schedule
 *fill*         0x00000000080036dc        0x0 
 .text.rt_schedule_insert_thread
                0x00000000080036dc       0x6e ./rt-thread/src/scheduler.o
                0x00000000080036dc                rt_schedule_insert_thread
 *fill*         0x000000000800374a        0x2 
 .text.rt_schedule_remove_thread
                0x000000000800374c       0x70 ./rt-thread/src/scheduler.o
                0x000000000800374c                rt_schedule_remove_thread
 .text.rt_enter_critical
                0x00000000080037bc       0x1e ./rt-thread/src/scheduler.o
                0x00000000080037bc                rt_enter_critical
 *fill*         0x00000000080037da        0x2 
 .text.rt_exit_critical
                0x00000000080037dc      0x128 ./rt-thread/src/scheduler.o
                0x00000000080037dc                rt_exit_critical
 *fill*         0x0000000008003904        0x0 
 .text.rt_thread_handle_sig
                0x0000000008003904       0xbe ./rt-thread/src/signal.o
                0x0000000008003904                rt_thread_handle_sig
 *fill*         0x00000000080039c2        0x2 
 .text.rt_thread_exit
                0x00000000080039c4       0x62 ./rt-thread/src/thread.o
                0x00000000080039c4                rt_thread_exit
 *fill*         0x0000000008003a26        0x2 
 .text.rt_thread_timeout
                0x0000000008003a28       0x8e ./rt-thread/src/thread.o
                0x0000000008003a28                rt_thread_timeout
 *fill*         0x0000000008003ab6        0x2 
 .text.rt_thread_self
                0x0000000008003ab8        0x6 ./rt-thread/src/thread.o
                0x0000000008003ab8                rt_thread_self
 *fill*         0x0000000008003abe        0x2 
 .text.rt_thread_startup
                0x0000000008003ac0      0x134 ./rt-thread/src/thread.o
                0x0000000008003ac0                rt_thread_startup
 .text.rt_thread_create
                0x0000000008003bf4      0x100 ./rt-thread/src/thread.o
                0x0000000008003bf4                rt_thread_create
 *fill*         0x0000000008003cf4        0x0 
 .text.rt_thread_yield
                0x0000000008003cf4       0x5e ./rt-thread/src/thread.o
                0x0000000008003cf4                rt_thread_yield
 *fill*         0x0000000008003d52        0x2 
 .text.rt_thread_mdelay
                0x0000000008003d54      0x130 ./rt-thread/src/thread.o
                0x0000000008003d54                rt_thread_mdelay
 *fill*         0x0000000008003e84        0x0 
 .text.rt_thread_suspend
                0x0000000008003e84       0xa2 ./rt-thread/src/thread.o
                0x0000000008003e84                rt_thread_suspend
 *fill*         0x0000000008003f26        0x2 
 .text.rt_thread_resume
                0x0000000008003f28       0xa8 ./rt-thread/src/thread.o
                0x0000000008003f28                rt_thread_resume
 *fill*         0x0000000008003fd0        0x0 
 .text.rt_timer_init
                0x0000000008003fd0       0x72 ./rt-thread/src/timer.o
                0x0000000008003fd0                rt_timer_init
 *fill*         0x0000000008004042        0x2 
 .text.rt_timer_detach
                0x0000000008004044       0x96 ./rt-thread/src/timer.o
                0x0000000008004044                rt_timer_detach
 *fill*         0x00000000080040da        0x2 
 .text.rt_timer_start
                0x00000000080040dc      0x108 ./rt-thread/src/timer.o
                0x00000000080040dc                rt_timer_start
 .text.rt_timer_stop
                0x00000000080041e4       0x86 ./rt-thread/src/timer.o
                0x00000000080041e4                rt_timer_stop
 *fill*         0x000000000800426a        0x2 
 .text.rt_timer_control
                0x000000000800426c       0xa0 ./rt-thread/src/timer.o
                0x000000000800426c                rt_timer_control
 .text.rt_timer_check
                0x000000000800430c      0x1a0 ./rt-thread/src/timer.o
                0x000000000800430c                rt_timer_check
 *fill*         0x00000000080044ac        0x4 
 .text          0x00000000080044b0      0x108 ./rt-thread/libcpu/risc-v/nuclei/context_gcc.o
                0x00000000080044b0                rt_hw_context_switch_to
                0x000000000800450c                eclic_msip_handler
 .text.rt_hw_stack_init
                0x00000000080045b8       0x4a ./rt-thread/libcpu/risc-v/nuclei/cpuport.o
                0x00000000080045b8                rt_hw_stack_init
 *fill*         0x0000000008004602        0x2 
 .text.rt_hw_context_switch_interrupt
                0x0000000008004604       0x48 ./rt-thread/libcpu/risc-v/nuclei/cpuport.o
                0x0000000008004604                rt_hw_context_switch_interrupt
 .text.rt_hw_context_switch
                0x000000000800464c       0x40 ./rt-thread/libcpu/risc-v/nuclei/cpuport.o
                0x000000000800464c                rt_hw_context_switch
 .text.rt_hw_taskswitch
                0x000000000800468c       0x2e ./rt-thread/libcpu/risc-v/nuclei/cpuport.o
                0x000000000800468c                rt_hw_taskswitch
 *fill*         0x00000000080046ba        0x2 
 .text.eclic_mtip_handler
                0x00000000080046bc       0xd8 ./rt-thread/libcpu/risc-v/nuclei/cpuport.o
                0x00000000080046bc                eclic_mtip_handler
 .text.rt_hw_interrupt_disable
                0x0000000008004794        0x6 ./rt-thread/libcpu/risc-v/nuclei/cpuport.o
                0x0000000008004794                rt_hw_interrupt_disable
 *fill*         0x000000000800479a        0x2 
 .text.rt_hw_interrupt_enable
                0x000000000800479c        0x6 ./rt-thread/libcpu/risc-v/nuclei/cpuport.o
                0x000000000800479c                rt_hw_interrupt_enable
 *fill*         0x00000000080047a2       0x1e 
 .text.trap     0x00000000080047c0       0x7e ./rt-thread/libcpu/risc-v/nuclei/interrupt_gcc.o
                0x00000000080047c0                exc_entry
 *fill*         0x000000000800483e        0x2 
 .text.irq      0x0000000008004840       0x7e ./rt-thread/libcpu/risc-v/nuclei/interrupt_gcc.o
                0x0000000008004840                irq_entry
                0x00000000080048ba                default_intexc_handler
 *fill*         0x00000000080048be        0x2 
 .text.hello    0x00000000080048c0       0x1a ./rt-thread/components/finsh/cmd.o
                0x00000000080048c0                hello
 *fill*         0x00000000080048da        0x2 
 .text.version  0x00000000080048dc       0x12 ./rt-thread/components/finsh/cmd.o
                0x00000000080048dc                version
 *fill*         0x00000000080048ee        0x2 
 .text.list_device
                0x00000000080048f0      0x1fc ./rt-thread/components/finsh/cmd.o
                0x00000000080048f0                list_device
 .text.list_mempool
                0x0000000008004aec      0x218 ./rt-thread/components/finsh/cmd.o
                0x0000000008004aec                list_mempool
 .text.list_memheap
                0x0000000008004d04      0x264 ./rt-thread/components/finsh/cmd.o
                0x0000000008004d04                list_memheap
 .text.list_msgqueue
                0x0000000008004f68      0x262 ./rt-thread/components/finsh/cmd.o
                0x0000000008004f68                list_msgqueue
 *fill*         0x00000000080051ca        0x2 
 .text.list_mailbox
                0x00000000080051cc      0x272 ./rt-thread/components/finsh/cmd.o
                0x00000000080051cc                list_mailbox
 *fill*         0x000000000800543e        0x2 
 .text.list_mutex
                0x0000000008005440      0x1fa ./rt-thread/components/finsh/cmd.o
                0x0000000008005440                list_mutex
 *fill*         0x000000000800563a        0x2 
 .text.list_event
                0x000000000800563c      0x262 ./rt-thread/components/finsh/cmd.o
                0x000000000800563c                list_event
 *fill*         0x000000000800589e        0x2 
 .text.list_sem
                0x00000000080058a0      0x262 ./rt-thread/components/finsh/cmd.o
                0x00000000080058a0                list_sem
 *fill*         0x0000000008005b02        0x2 
 .text.list_thread
                0x0000000008005b04      0x2fe ./rt-thread/components/finsh/cmd.o
                0x0000000008005b04                list_thread
 *fill*         0x0000000008005e02        0x2 
 .text.list_timer
                0x0000000008005e04      0x1fe ./rt-thread/components/finsh/cmd.o
                0x0000000008005e04                list_timer
 *fill*         0x0000000008006002        0x2 
 .text.list     0x0000000008006004       0x7e ./rt-thread/components/finsh/cmd.o
                0x0000000008006004                list
 *fill*         0x0000000008006082        0x2 
 .text.msh_help
                0x0000000008006084       0xa6 ./rt-thread/components/finsh/msh.o
                0x0000000008006084                msh_help
 *fill*         0x000000000800612a        0x2 
 .text.msh_is_used
                0x000000000800612c        0x6 ./rt-thread/components/finsh/msh.o
                0x000000000800612c                msh_is_used
 *fill*         0x0000000008006132        0x2 
 .text.msh_exec
                0x0000000008006134      0x606 ./rt-thread/components/finsh/msh.o
                0x0000000008006134                msh_exec
 *fill*         0x000000000800673a        0x2 
 .text.msh_auto_complete
                0x000000000800673c      0x10a ./rt-thread/components/finsh/msh.o
                0x000000000800673c                msh_auto_complete
 *fill*         0x0000000008006846        0x2 
 .text.cmd_time
                0x0000000008006848        0x6 ./rt-thread/components/finsh/msh_cmd.o
                0x0000000008006848                cmd_time
 *fill*         0x000000000800684e        0x2 
 .text.cmd_ps   0x0000000008006850       0x12 ./rt-thread/components/finsh/msh_cmd.o
                0x0000000008006850                cmd_ps
 *fill*         0x0000000008006862        0x2 
 .text.cmd_free
                0x0000000008006864       0x12 ./rt-thread/components/finsh/msh_cmd.o
                0x0000000008006864                cmd_free
 *fill*         0x0000000008006876        0x2 
 .text.finsh_rx_ind
                0x0000000008006878       0x3a ./rt-thread/components/finsh/shell.o
 *fill*         0x00000000080068b2        0x2 
 .text.finsh_system_init
                0x00000000080068b4       0xae ./rt-thread/components/finsh/shell.o
                0x00000000080068b4                finsh_system_init
 *fill*         0x0000000008006962        0x2 
 .text.finsh_get_prompt
                0x0000000008006964       0x7c ./rt-thread/components/finsh/shell.o
                0x0000000008006964                finsh_get_prompt
 .text.finsh_set_device
                0x00000000080069e0       0xc4 ./rt-thread/components/finsh/shell.o
                0x00000000080069e0                finsh_set_device
 .text.finsh_thread_entry
                0x0000000008006aa4      0x8d6 ./rt-thread/components/finsh/shell.o
                0x0000000008006aa4                finsh_thread_entry
 *fill*         0x000000000800737a        0x2 
 .text.rt_hw_serial_isr
                0x000000000800737c      0x102 ./rt-thread/components/drivers/serial/serial.o
                0x000000000800737c                rt_hw_serial_isr
 *fill*         0x000000000800747e        0x2 
 .text.rt_pin_read
                0x0000000008007480       0x42 ./rt-thread/components/drivers/misc/pin.o
                0x0000000008007480                rt_pin_read
 *fill*         0x00000000080074c2        0x2 
 .text.rt_pin_write
                0x00000000080074c4       0x4e ./rt-thread/components/drivers/misc/pin.o
                0x00000000080074c4                rt_pin_write
 *fill*         0x0000000008007512        0x2 
 .text.rt_pin_mode
                0x0000000008007514       0x4e ./rt-thread/components/drivers/misc/pin.o
                0x0000000008007514                rt_pin_mode
 *fill*         0x0000000008007562        0x2 
 .text._pin_control
                0x0000000008007564       0x4a ./rt-thread/components/drivers/misc/pin.o
 *fill*         0x00000000080075ae        0x2 
 .text._pin_write
                0x00000000080075b0       0x5e ./rt-thread/components/drivers/misc/pin.o
 *fill*         0x000000000800760e        0x2 
 .text._pin_read
                0x0000000008007610       0x62 ./rt-thread/components/drivers/misc/pin.o
 *fill*         0x0000000008007672        0x2 
 .text.rt_device_pin_register
                0x0000000008007674       0x62 ./rt-thread/components/drivers/misc/pin.o
                0x0000000008007674                rt_device_pin_register
 *fill*         0x00000000080076d6        0x2 
 .text._close   0x00000000080076d8        0xa ./nuclei_sdk/SoC/gd32vf103/Common/Source/Stubs/newlib/close.o
                0x00000000080076d8                _close
 *fill*         0x00000000080076e2        0x2 
 .text._exit    0x00000000080076e4       0x44 ./nuclei_sdk/SoC/gd32vf103/Common/Source/Stubs/newlib/exit.o
                0x00000000080076e4                _exit
 .text._fstat   0x0000000008007728       0x1a ./nuclei_sdk/SoC/gd32vf103/Common/Source/Stubs/newlib/fstat.o
                0x0000000008007728                _fstat
 *fill*         0x0000000008007742        0x2 
 .text._getpid  0x0000000008007744        0x6 ./nuclei_sdk/SoC/gd32vf103/Common/Source/Stubs/newlib/getpid.o
                0x0000000008007744                _getpid
 *fill*         0x000000000800774a        0x2 
 .text._isatty  0x000000000800774c        0x6 ./nuclei_sdk/SoC/gd32vf103/Common/Source/Stubs/newlib/isatty.o
                0x000000000800774c                _isatty
 *fill*         0x0000000008007752        0x2 
 .text._kill    0x0000000008007754        0xa ./nuclei_sdk/SoC/gd32vf103/Common/Source/Stubs/newlib/kill.o
                0x0000000008007754                _kill
 *fill*         0x000000000800775e        0x2 
 .text._lseek   0x0000000008007760        0x6 ./nuclei_sdk/SoC/gd32vf103/Common/Source/Stubs/newlib/lseek.o
                0x0000000008007760                _lseek
 *fill*         0x0000000008007766        0x2 
 .text._read    0x0000000008007768      0x1ce ./nuclei_sdk/SoC/gd32vf103/Common/Source/Stubs/newlib/read.o
                0x0000000008007768                _read
 *fill*         0x0000000008007936        0x2 
 .text._sbrk    0x0000000008007938       0x2e ./nuclei_sdk/SoC/gd32vf103/Common/Source/Stubs/newlib/sbrk.o
                0x0000000008007938                _sbrk
 *fill*         0x0000000008007966        0x2 
 .text._write   0x0000000008007968       0x64 ./nuclei_sdk/SoC/gd32vf103/Common/Source/Stubs/newlib/write.o
                0x0000000008007968                _write
 .text.exti_init
                0x00000000080079cc       0xb6 ./nuclei_sdk/SoC/gd32vf103/Common/Source/Drivers/gd32vf103_exti.o
                0x00000000080079cc                exti_init
 *fill*         0x0000000008007a82        0x2 
 .text.exti_interrupt_flag_get
                0x0000000008007a84       0x1e ./nuclei_sdk/SoC/gd32vf103/Common/Source/Drivers/gd32vf103_exti.o
                0x0000000008007a84                exti_interrupt_flag_get
 *fill*         0x0000000008007aa2        0x2 
 .text.exti_interrupt_flag_clear
                0x0000000008007aa4        0xa ./nuclei_sdk/SoC/gd32vf103/Common/Source/Drivers/gd32vf103_exti.o
                0x0000000008007aa4                exti_interrupt_flag_clear
 *fill*         0x0000000008007aae        0x2 
 .text.gpio_init
                0x0000000008007ab0      0x47a ./nuclei_sdk/SoC/gd32vf103/Common/Source/Drivers/gd32vf103_gpio.o
                0x0000000008007ab0                gpio_init
 *fill*         0x0000000008007f2a        0x2 
 .text.gpio_bit_write
                0x0000000008007f2c        0xe ./nuclei_sdk/SoC/gd32vf103/Common/Source/Drivers/gd32vf103_gpio.o
                0x0000000008007f2c                gpio_bit_write
 *fill*         0x0000000008007f3a        0x2 
 .text.gpio_input_bit_get
                0x0000000008007f3c        0xa ./nuclei_sdk/SoC/gd32vf103/Common/Source/Drivers/gd32vf103_gpio.o
                0x0000000008007f3c                gpio_input_bit_get
 *fill*         0x0000000008007f46        0x2 
 .text.gpio_exti_source_select
                0x0000000008007f48       0x86 ./nuclei_sdk/SoC/gd32vf103/Common/Source/Drivers/gd32vf103_gpio.o
                0x0000000008007f48                gpio_exti_source_select
 *fill*         0x0000000008007fce        0x2 
 .text.rcu_periph_clock_enable
                0x0000000008007fd0       0x1a ./nuclei_sdk/SoC/gd32vf103/Common/Source/Drivers/gd32vf103_rcu.o
                0x0000000008007fd0                rcu_periph_clock_enable
 *fill*         0x0000000008007fea        0x2 
 .text.rcu_periph_reset_enable
                0x0000000008007fec       0x1a ./nuclei_sdk/SoC/gd32vf103/Common/Source/Drivers/gd32vf103_rcu.o
                0x0000000008007fec                rcu_periph_reset_enable
 *fill*         0x0000000008008006        0x2 
 .text.rcu_periph_reset_disable
                0x0000000008008008       0x1e ./nuclei_sdk/SoC/gd32vf103/Common/Source/Drivers/gd32vf103_rcu.o
                0x0000000008008008                rcu_periph_reset_disable
 *fill*         0x0000000008008026        0x2 
 .text.rcu_clock_freq_get
                0x0000000008008028      0x138 ./nuclei_sdk/SoC/gd32vf103/Common/Source/Drivers/gd32vf103_rcu.o
                0x0000000008008028                rcu_clock_freq_get
 .text.usart_deinit
                0x0000000008008160       0xa4 ./nuclei_sdk/SoC/gd32vf103/Common/Source/Drivers/gd32vf103_usart.o
                0x0000000008008160                usart_deinit
 .text.usart_baudrate_set
                0x0000000008008204       0x84 ./nuclei_sdk/SoC/gd32vf103/Common/Source/Drivers/gd32vf103_usart.o
                0x0000000008008204                usart_baudrate_set
 .text.usart_parity_config
                0x0000000008008288       0x12 ./nuclei_sdk/SoC/gd32vf103/Common/Source/Drivers/gd32vf103_usart.o
                0x0000000008008288                usart_parity_config
 *fill*         0x000000000800829a        0x2 
 .text.usart_word_length_set
                0x000000000800829c       0x12 ./nuclei_sdk/SoC/gd32vf103/Common/Source/Drivers/gd32vf103_usart.o
                0x000000000800829c                usart_word_length_set
 *fill*         0x00000000080082ae        0x2 
 .text.usart_stop_bit_set
                0x00000000080082b0       0x12 ./nuclei_sdk/SoC/gd32vf103/Common/Source/Drivers/gd32vf103_usart.o
                0x00000000080082b0                usart_stop_bit_set
 *fill*         0x00000000080082c2        0x2 
 .text.usart_enable
                0x00000000080082c4        0xa ./nuclei_sdk/SoC/gd32vf103/Common/Source/Drivers/gd32vf103_usart.o
                0x00000000080082c4                usart_enable
 *fill*         0x00000000080082ce        0x2 
 .text.usart_transmit_config
                0x00000000080082d0        0xa ./nuclei_sdk/SoC/gd32vf103/Common/Source/Drivers/gd32vf103_usart.o
                0x00000000080082d0                usart_transmit_config
 *fill*         0x00000000080082da        0x2 
 .text.usart_receive_config
                0x00000000080082dc        0xa ./nuclei_sdk/SoC/gd32vf103/Common/Source/Drivers/gd32vf103_usart.o
                0x00000000080082dc                usart_receive_config
 *fill*         0x00000000080082e6        0x2 
 .text.usart_hardware_flow_rts_config
                0x00000000080082e8        0xe ./nuclei_sdk/SoC/gd32vf103/Common/Source/Drivers/gd32vf103_usart.o
                0x00000000080082e8                usart_hardware_flow_rts_config
 *fill*         0x00000000080082f6        0x2 
 .text.usart_hardware_flow_cts_config
                0x00000000080082f8        0xe ./nuclei_sdk/SoC/gd32vf103/Common/Source/Drivers/gd32vf103_usart.o
                0x00000000080082f8                usart_hardware_flow_cts_config
 *fill*         0x0000000008008306        0x2 
 .text.usart_flag_get
                0x0000000008008308       0x16 ./nuclei_sdk/SoC/gd32vf103/Common/Source/Drivers/gd32vf103_usart.o
                0x0000000008008308                usart_flag_get
 *fill*         0x000000000800831e        0x2 
 .text.usart_flag_clear
                0x0000000008008320       0x1e ./nuclei_sdk/SoC/gd32vf103/Common/Source/Drivers/gd32vf103_usart.o
                0x0000000008008320                usart_flag_clear
 *fill*         0x000000000800833e        0x2 
 .text.usart_interrupt_flag_get
                0x0000000008008340       0x2e ./nuclei_sdk/SoC/gd32vf103/Common/Source/Drivers/gd32vf103_usart.o
                0x0000000008008340                usart_interrupt_flag_get
 *fill*         0x000000000800836e        0x2 
 .text.usart_interrupt_flag_clear
                0x0000000008008370       0x1a ./nuclei_sdk/SoC/gd32vf103/Common/Source/Drivers/gd32vf103_usart.o
                0x0000000008008370                usart_interrupt_flag_clear
 *fill*         0x000000000800838a        0x2 
 .text.usart_write
                0x000000000800838c       0x4e ./nuclei_sdk/SoC/gd32vf103/Common/Source/Drivers/gd32vf103_usart.o
                0x000000000800838c                usart_write
 *fill*         0x00000000080083da        0x2 
 .text.usart_read
                0x00000000080083dc       0x4c ./nuclei_sdk/SoC/gd32vf103/Common/Source/Drivers/gd32vf103_usart.o
                0x00000000080083dc                usart_read
 .text.get_cpu_freq
                0x0000000008008428      0x148 ./nuclei_sdk/SoC/gd32vf103/Common/Source/gd32vf103_soc.o
                0x0000000008008428                get_cpu_freq
 .text.SystemInit
                0x0000000008008570      0x222 ./nuclei_sdk/SoC/gd32vf103/Common/Source/system_gd32vf103.o
                0x0000000008008570                SystemInit
 *fill*         0x0000000008008792        0x2 
 .text.core_exception_handler
                0x0000000008008794       0x50 ./nuclei_sdk/SoC/gd32vf103/Common/Source/system_gd32vf103.o
                0x0000000008008794                core_exception_handler
 .text.Exception_DumpFrame
                0x00000000080087e4       0x76 ./nuclei_sdk/SoC/gd32vf103/Common/Source/system_gd32vf103.o
                0x00000000080087e4                Exception_DumpFrame
 *fill*         0x000000000800885a        0x2 
 .text.system_default_exception_handler
                0x000000000800885c       0x42 ./nuclei_sdk/SoC/gd32vf103/Common/Source/system_gd32vf103.o
 *fill*         0x000000000800889e        0x2 
 .text._premain_init
                0x00000000080088a0       0xa4 ./nuclei_sdk/SoC/gd32vf103/Common/Source/system_gd32vf103.o
                0x00000000080088a0                _premain_init
 *fill*         0x0000000008008944        0x0 
 .text._postmain_fini
                0x0000000008008944        0x2 ./nuclei_sdk/SoC/gd32vf103/Common/Source/system_gd32vf103.o
                0x0000000008008944                _postmain_fini
 *fill*         0x0000000008008946        0x2 
 .text._init    0x0000000008008948        0x2 ./nuclei_sdk/SoC/gd32vf103/Common/Source/system_gd32vf103.o
                0x0000000008008948                _init
 *fill*         0x000000000800894a        0x2 
 .text._fini    0x000000000800894c        0x2 ./nuclei_sdk/SoC/gd32vf103/Common/Source/system_gd32vf103.o
                0x000000000800894c                _fini
 *fill*         0x000000000800894e        0x2 
 .text.gd_com_init
                0x0000000008008950       0x96 ./nuclei_sdk/SoC/gd32vf103/Board/gd32vf103v_rvstar/Source/gd32vf103v_rvstar.o
                0x0000000008008950                gd_com_init
 *fill*         0x00000000080089e6        0x2 
 .text.rt_hw_pin_init
                0x00000000080089e8       0x4e ./libraries/gd32vf103/HAL_Drivers/drv_gpio.o
                0x00000000080089e8                rt_hw_pin_init
 *fill*         0x0000000008008a36        0x2 
 .text.gd32_pin_dettach_irq
                0x0000000008008a38       0xf0 ./libraries/gd32vf103/HAL_Drivers/drv_gpio.o
 .text.gd32_pin_attach_irq
                0x0000000008008b28      0x138 ./libraries/gd32vf103/HAL_Drivers/drv_gpio.o
 .text.gd32_pin_irq_enable
                0x0000000008008c60      0x2c2 ./libraries/gd32vf103/HAL_Drivers/drv_gpio.o
 *fill*         0x0000000008008f22        0x2 
 .text.gd32_pin_read
                0x0000000008008f24       0x3a ./libraries/gd32vf103/HAL_Drivers/drv_gpio.o
 *fill*         0x0000000008008f5e        0x2 
 .text.gd32_pin_write
                0x0000000008008f60       0x36 ./libraries/gd32vf103/HAL_Drivers/drv_gpio.o
 *fill*         0x0000000008008f96        0x2 
 .text.gd32_pin_mode
                0x0000000008008f98       0x6a ./libraries/gd32vf103/HAL_Drivers/drv_gpio.o
 *fill*         0x0000000008009002        0x2 
 .text.EXTI0_IRQHandler
                0x0000000008009004       0x2e ./libraries/gd32vf103/HAL_Drivers/drv_gpio.o
                0x0000000008009004                EXTI0_IRQHandler
 *fill*         0x0000000008009032        0x2 
 .text.EXTI1_IRQHandler
                0x0000000008009034       0x2e ./libraries/gd32vf103/HAL_Drivers/drv_gpio.o
                0x0000000008009034                EXTI1_IRQHandler
 *fill*         0x0000000008009062        0x2 
 .text.EXTI2_IRQHandler
                0x0000000008009064       0x2e ./libraries/gd32vf103/HAL_Drivers/drv_gpio.o
                0x0000000008009064                EXTI2_IRQHandler
 *fill*         0x0000000008009092        0x2 
 .text.EXTI3_IRQHandler
                0x0000000008009094       0x2e ./libraries/gd32vf103/HAL_Drivers/drv_gpio.o
                0x0000000008009094                EXTI3_IRQHandler
 *fill*         0x00000000080090c2        0x2 
 .text.EXTI4_IRQHandler
                0x00000000080090c4       0x2e ./libraries/gd32vf103/HAL_Drivers/drv_gpio.o
                0x00000000080090c4                EXTI4_IRQHandler
 *fill*         0x00000000080090f2        0x2 
 .text.EXTI5_9_IRQHandler
                0x00000000080090f4       0xba ./libraries/gd32vf103/HAL_Drivers/drv_gpio.o
                0x00000000080090f4                EXTI5_9_IRQHandler
 *fill*         0x00000000080091ae        0x2 
 .text.EXTI10_15_IRQHandler
                0x00000000080091b0       0xe6 ./libraries/gd32vf103/HAL_Drivers/drv_gpio.o
                0x00000000080091b0                EXTI10_15_IRQHandler
 *fill*         0x0000000008009296        0x2 
 .text.USART0_IRQHandler
                0x0000000008009298       0xba ./libraries/gd32vf103/HAL_Drivers/drv_usart.o
                0x0000000008009298                USART0_IRQHandler
 *fill*         0x0000000008009352        0x2 
 .text.thread1_entry
                0x0000000008009354       0xa8 ./application/main.o
 .text          0x00000000080093fc      0x360 d:/design/nucleistudio/toolchain/gcc/bin/../lib/gcc/riscv-nuclei-elf/10.2.0/rv32imac/ilp32\libgcc.a(_udivdi3.o)
                0x00000000080093fc                __udivdi3
 .text.atexit   0x000000000800975c        0xc d:/design/nucleistudio/toolchain/gcc/bin/../lib/gcc/riscv-nuclei-elf/10.2.0/../../../../riscv-nuclei-elf/lib/rv32imac/ilp32\libg_nano.a(lib_a-atexit.o)
                0x000000000800975c                atexit
 .text.__libc_fini_array
                0x0000000008009768       0x36 d:/design/nucleistudio/toolchain/gcc/bin/../lib/gcc/riscv-nuclei-elf/10.2.0/../../../../riscv-nuclei-elf/lib/rv32imac/ilp32\libg_nano.a(lib_a-fini.o)
                0x0000000008009768                __libc_fini_array
 .text.__libc_init_array
                0x000000000800979e       0x5e d:/design/nucleistudio/toolchain/gcc/bin/../lib/gcc/riscv-nuclei-elf/10.2.0/../../../../riscv-nuclei-elf/lib/rv32imac/ilp32\libg_nano.a(lib_a-init.o)
                0x000000000800979e                __libc_init_array
 .text.memcmp   0x00000000080097fc       0x26 d:/design/nucleistudio/toolchain/gcc/bin/../lib/gcc/riscv-nuclei-elf/10.2.0/../../../../riscv-nuclei-elf/lib/rv32imac/ilp32\libg_nano.a(lib_a-memcmp.o)
                0x00000000080097fc                memcmp
 .text.memcpy   0x0000000008009822       0xdc d:/design/nucleistudio/toolchain/gcc/bin/../lib/gcc/riscv-nuclei-elf/10.2.0/../../../../riscv-nuclei-elf/lib/rv32imac/ilp32\libg_nano.a(lib_a-memcpy.o)
                0x0000000008009822                memcpy
 .text          0x00000000080098fe       0xa8 d:/design/nucleistudio/toolchain/gcc/bin/../lib/gcc/riscv-nuclei-elf/10.2.0/../../../../riscv-nuclei-elf/lib/rv32imac/ilp32\libg_nano.a(lib_a-memset.o)
                0x00000000080098fe                memset
 .text.__cvt    0x00000000080099a6       0xec d:/design/nucleistudio/toolchain/gcc/bin/../lib/gcc/riscv-nuclei-elf/10.2.0/../../../../riscv-nuclei-elf/lib/rv32imac/ilp32\libg_nano.a(lib_a-nano-vfprintf_float.o)
                0x00000000080099a6                __cvt
 .text.__exponent
                0x0000000008009a92       0x9c d:/design/nucleistudio/toolchain/gcc/bin/../lib/gcc/riscv-nuclei-elf/10.2.0/../../../../riscv-nuclei-elf/lib/rv32imac/ilp32\libg_nano.a(lib_a-nano-vfprintf_float.o)
                0x0000000008009a92                __exponent
 .text._printf_float
                0x0000000008009b2e      0x4d8 d:/design/nucleistudio/toolchain/gcc/bin/../lib/gcc/riscv-nuclei-elf/10.2.0/../../../../riscv-nuclei-elf/lib/rv32imac/ilp32\libg_nano.a(lib_a-nano-vfprintf_float.o)
                0x0000000008009b2e                _printf_float
 .text._printf_common
                0x000000000800a006      0x10c d:/design/nucleistudio/toolchain/gcc/bin/../lib/gcc/riscv-nuclei-elf/10.2.0/../../../../riscv-nuclei-elf/lib/rv32imac/ilp32\libg_nano.a(lib_a-nano-vfprintf_i.o)
                0x000000000800a006                _printf_common
 .text._printf_i
                0x000000000800a112      0x274 d:/design/nucleistudio/toolchain/gcc/bin/../lib/gcc/riscv-nuclei-elf/10.2.0/../../../../riscv-nuclei-elf/lib/rv32imac/ilp32\libg_nano.a(lib_a-nano-vfprintf_i.o)
                0x000000000800a112                _printf_i
 .text.printf   0x000000000800a386       0x3c d:/design/nucleistudio/toolchain/gcc/bin/../lib/gcc/riscv-nuclei-elf/10.2.0/../../../../riscv-nuclei-elf/lib/rv32imac/ilp32\libg_nano.a(lib_a-printf.o)
                0x000000000800a386                iprintf
                0x000000000800a386                printf
 .text.strlen   0x000000000800a3c2       0x12 d:/design/nucleistudio/toolchain/gcc/bin/../lib/gcc/riscv-nuclei-elf/10.2.0/../../../../riscv-nuclei-elf/lib/rv32imac/ilp32\libg_nano.a(lib_a-strlen.o)
                0x000000000800a3c2                strlen
 .text.strncmp  0x000000000800a3d4       0x2e d:/design/nucleistudio/toolchain/gcc/bin/../lib/gcc/riscv-nuclei-elf/10.2.0/../../../../riscv-nuclei-elf/lib/rv32imac/ilp32\libg_nano.a(lib_a-strncmp.o)
                0x000000000800a3d4                strncmp
 .text.isatty   0x000000000800a402        0x4 d:/design/nucleistudio/toolchain/gcc/bin/../lib/gcc/riscv-nuclei-elf/10.2.0/../../../../riscv-nuclei-elf/lib/rv32imac/ilp32\libg_nano.a(lib_a-sysisatty.o)
                0x000000000800a402                isatty
 .text.__register_exitproc
                0x000000000800a406       0x74 d:/design/nucleistudio/toolchain/gcc/bin/../lib/gcc/riscv-nuclei-elf/10.2.0/../../../../riscv-nuclei-elf/lib/rv32imac/ilp32\libg_nano.a(lib_a-__atexit.o)
                0x000000000800a406                __register_exitproc
 .text.quorem   0x000000000800a47a      0x12c d:/design/nucleistudio/toolchain/gcc/bin/../lib/gcc/riscv-nuclei-elf/10.2.0/../../../../riscv-nuclei-elf/lib/rv32imac/ilp32\libg_nano.a(lib_a-dtoa.o)
 .text._dtoa_r  0x000000000800a5a6      0xc40 d:/design/nucleistudio/toolchain/gcc/bin/../lib/gcc/riscv-nuclei-elf/10.2.0/../../../../riscv-nuclei-elf/lib/rv32imac/ilp32\libg_nano.a(lib_a-dtoa.o)
                0x000000000800a5a6                _dtoa_r
 .text.std      0x000000000800b1e6       0x6a d:/design/nucleistudio/toolchain/gcc/bin/../lib/gcc/riscv-nuclei-elf/10.2.0/../../../../riscv-nuclei-elf/lib/rv32imac/ilp32\libg_nano.a(lib_a-findfp.o)
 .text._cleanup_r
                0x000000000800b250        0xa d:/design/nucleistudio/toolchain/gcc/bin/../lib/gcc/riscv-nuclei-elf/10.2.0/../../../../riscv-nuclei-elf/lib/rv32imac/ilp32\libg_nano.a(lib_a-findfp.o)
                0x000000000800b250                _cleanup_r
 .text.__sfmoreglue
                0x000000000800b25a       0x48 d:/design/nucleistudio/toolchain/gcc/bin/../lib/gcc/riscv-nuclei-elf/10.2.0/../../../../riscv-nuclei-elf/lib/rv32imac/ilp32\libg_nano.a(lib_a-findfp.o)
                0x000000000800b25a                __sfmoreglue
 .text.__sinit  0x000000000800b2a2       0x70 d:/design/nucleistudio/toolchain/gcc/bin/../lib/gcc/riscv-nuclei-elf/10.2.0/../../../../riscv-nuclei-elf/lib/rv32imac/ilp32\libg_nano.a(lib_a-findfp.o)
                0x000000000800b2a2                __sinit
 .text.__sfp    0x000000000800b312       0xa2 d:/design/nucleistudio/toolchain/gcc/bin/../lib/gcc/riscv-nuclei-elf/10.2.0/../../../../riscv-nuclei-elf/lib/rv32imac/ilp32\libg_nano.a(lib_a-findfp.o)
                0x000000000800b312                __sfp
 .text._fwalk_reent
                0x000000000800b3b4       0x6a d:/design/nucleistudio/toolchain/gcc/bin/../lib/gcc/riscv-nuclei-elf/10.2.0/../../../../riscv-nuclei-elf/lib/rv32imac/ilp32\libg_nano.a(lib_a-fwalk.o)
                0x000000000800b3b4                _fwalk_reent
 .text._localeconv_r
                0x000000000800b41e        0xa d:/design/nucleistudio/toolchain/gcc/bin/../lib/gcc/riscv-nuclei-elf/10.2.0/../../../../riscv-nuclei-elf/lib/rv32imac/ilp32\libg_nano.a(lib_a-localeconv.o)
                0x000000000800b41e                _localeconv_r
 .text.malloc   0x000000000800b428        0xa d:/design/nucleistudio/toolchain/gcc/bin/../lib/gcc/riscv-nuclei-elf/10.2.0/../../../../riscv-nuclei-elf/lib/rv32imac/ilp32\libg_nano.a(lib_a-malloc.o)
                0x000000000800b428                malloc
 .text.memchr   0x000000000800b432       0x1a d:/design/nucleistudio/toolchain/gcc/bin/../lib/gcc/riscv-nuclei-elf/10.2.0/../../../../riscv-nuclei-elf/lib/rv32imac/ilp32\libg_nano.a(lib_a-memchr.o)
                0x000000000800b432                memchr
 .text._Balloc  0x000000000800b44c       0xae d:/design/nucleistudio/toolchain/gcc/bin/../lib/gcc/riscv-nuclei-elf/10.2.0/../../../../riscv-nuclei-elf/lib/rv32imac/ilp32\libg_nano.a(lib_a-mprec.o)
                0x000000000800b44c                _Balloc
 .text._Bfree   0x000000000800b4fa       0x62 d:/design/nucleistudio/toolchain/gcc/bin/../lib/gcc/riscv-nuclei-elf/10.2.0/../../../../riscv-nuclei-elf/lib/rv32imac/ilp32\libg_nano.a(lib_a-mprec.o)
                0x000000000800b4fa                _Bfree
 .text.__multadd
                0x000000000800b55c       0xc0 d:/design/nucleistudio/toolchain/gcc/bin/../lib/gcc/riscv-nuclei-elf/10.2.0/../../../../riscv-nuclei-elf/lib/rv32imac/ilp32\libg_nano.a(lib_a-mprec.o)
                0x000000000800b55c                __multadd
 .text.__hi0bits
                0x000000000800b61c       0x46 d:/design/nucleistudio/toolchain/gcc/bin/../lib/gcc/riscv-nuclei-elf/10.2.0/../../../../riscv-nuclei-elf/lib/rv32imac/ilp32\libg_nano.a(lib_a-mprec.o)
                0x000000000800b61c                __hi0bits
 .text.__lo0bits
                0x000000000800b662       0x6a d:/design/nucleistudio/toolchain/gcc/bin/../lib/gcc/riscv-nuclei-elf/10.2.0/../../../../riscv-nuclei-elf/lib/rv32imac/ilp32\libg_nano.a(lib_a-mprec.o)
                0x000000000800b662                __lo0bits
 .text.__i2b    0x000000000800b6cc       0x38 d:/design/nucleistudio/toolchain/gcc/bin/../lib/gcc/riscv-nuclei-elf/10.2.0/../../../../riscv-nuclei-elf/lib/rv32imac/ilp32\libg_nano.a(lib_a-mprec.o)
                0x000000000800b6cc                __i2b
 .text.__multiply
                0x000000000800b704      0x180 d:/design/nucleistudio/toolchain/gcc/bin/../lib/gcc/riscv-nuclei-elf/10.2.0/../../../../riscv-nuclei-elf/lib/rv32imac/ilp32\libg_nano.a(lib_a-mprec.o)
                0x000000000800b704                __multiply
 .text.__pow5mult
                0x000000000800b884       0xda d:/design/nucleistudio/toolchain/gcc/bin/../lib/gcc/riscv-nuclei-elf/10.2.0/../../../../riscv-nuclei-elf/lib/rv32imac/ilp32\libg_nano.a(lib_a-mprec.o)
                0x000000000800b884                __pow5mult
 .text.__lshift
                0x000000000800b95e      0x104 d:/design/nucleistudio/toolchain/gcc/bin/../lib/gcc/riscv-nuclei-elf/10.2.0/../../../../riscv-nuclei-elf/lib/rv32imac/ilp32\libg_nano.a(lib_a-mprec.o)
                0x000000000800b95e                __lshift
 .text.__mcmp   0x000000000800ba62       0x36 d:/design/nucleistudio/toolchain/gcc/bin/../lib/gcc/riscv-nuclei-elf/10.2.0/../../../../riscv-nuclei-elf/lib/rv32imac/ilp32\libg_nano.a(lib_a-mprec.o)
                0x000000000800ba62                __mcmp
 .text.__mdiff  0x000000000800ba98      0x15e d:/design/nucleistudio/toolchain/gcc/bin/../lib/gcc/riscv-nuclei-elf/10.2.0/../../../../riscv-nuclei-elf/lib/rv32imac/ilp32\libg_nano.a(lib_a-mprec.o)
                0x000000000800ba98                __mdiff
 .text.__d2b    0x000000000800bbf6       0xf0 d:/design/nucleistudio/toolchain/gcc/bin/../lib/gcc/riscv-nuclei-elf/10.2.0/../../../../riscv-nuclei-elf/lib/rv32imac/ilp32\libg_nano.a(lib_a-mprec.o)
                0x000000000800bbf6                __d2b
 .text._calloc_r
                0x000000000800bce6       0x36 d:/design/nucleistudio/toolchain/gcc/bin/../lib/gcc/riscv-nuclei-elf/10.2.0/../../../../riscv-nuclei-elf/lib/rv32imac/ilp32\libg_nano.a(lib_a-nano-callocr.o)
                0x000000000800bce6                _calloc_r
 .text._free_r  0x000000000800bd1c       0xa2 d:/design/nucleistudio/toolchain/gcc/bin/../lib/gcc/riscv-nuclei-elf/10.2.0/../../../../riscv-nuclei-elf/lib/rv32imac/ilp32\libg_nano.a(lib_a-nano-freer.o)
                0x000000000800bd1c                _free_r
 .text._malloc_r
                0x000000000800bdbe       0xd6 d:/design/nucleistudio/toolchain/gcc/bin/../lib/gcc/riscv-nuclei-elf/10.2.0/../../../../riscv-nuclei-elf/lib/rv32imac/ilp32\libg_nano.a(lib_a-nano-mallocr.o)
                0x000000000800bdbe                _malloc_r
 .text.__sfputc_r
                0x000000000800be94       0x28 d:/design/nucleistudio/toolchain/gcc/bin/../lib/gcc/riscv-nuclei-elf/10.2.0/../../../../riscv-nuclei-elf/lib/rv32imac/ilp32\libg_nano.a(lib_a-nano-vfprintf.o)
 .text.__sfputs_r
                0x000000000800bebc       0x44 d:/design/nucleistudio/toolchain/gcc/bin/../lib/gcc/riscv-nuclei-elf/10.2.0/../../../../riscv-nuclei-elf/lib/rv32imac/ilp32\libg_nano.a(lib_a-nano-vfprintf.o)
                0x000000000800bebc                __sfputs_r
 .text._vfprintf_r
                0x000000000800bf00      0x29e d:/design/nucleistudio/toolchain/gcc/bin/../lib/gcc/riscv-nuclei-elf/10.2.0/../../../../riscv-nuclei-elf/lib/rv32imac/ilp32\libg_nano.a(lib_a-nano-vfprintf.o)
                0x000000000800bf00                _vfprintf_r
                0x000000000800bf00                _vfiprintf_r
 .text._sbrk_r  0x000000000800c19e       0x28 d:/design/nucleistudio/toolchain/gcc/bin/../lib/gcc/riscv-nuclei-elf/10.2.0/../../../../riscv-nuclei-elf/lib/rv32imac/ilp32\libg_nano.a(lib_a-sbrkr.o)
                0x000000000800c19e                _sbrk_r
 .text.__sread  0x000000000800c1c6       0x30 d:/design/nucleistudio/toolchain/gcc/bin/../lib/gcc/riscv-nuclei-elf/10.2.0/../../../../riscv-nuclei-elf/lib/rv32imac/ilp32\libg_nano.a(lib_a-stdio.o)
                0x000000000800c1c6                __sread
 .text.__swrite
                0x000000000800c1f6       0x4e d:/design/nucleistudio/toolchain/gcc/bin/../lib/gcc/riscv-nuclei-elf/10.2.0/../../../../riscv-nuclei-elf/lib/rv32imac/ilp32\libg_nano.a(lib_a-stdio.o)
                0x000000000800c1f6                __swrite
 .text.__sseek  0x000000000800c244       0x36 d:/design/nucleistudio/toolchain/gcc/bin/../lib/gcc/riscv-nuclei-elf/10.2.0/../../../../riscv-nuclei-elf/lib/rv32imac/ilp32\libg_nano.a(lib_a-stdio.o)
                0x000000000800c244                __sseek
 .text.__sclose
                0x000000000800c27a        0x6 d:/design/nucleistudio/toolchain/gcc/bin/../lib/gcc/riscv-nuclei-elf/10.2.0/../../../../riscv-nuclei-elf/lib/rv32imac/ilp32\libg_nano.a(lib_a-stdio.o)
                0x000000000800c27a                __sclose
 .text.__swbuf_r
                0x000000000800c280       0xc2 d:/design/nucleistudio/toolchain/gcc/bin/../lib/gcc/riscv-nuclei-elf/10.2.0/../../../../riscv-nuclei-elf/lib/rv32imac/ilp32\libg_nano.a(lib_a-wbuf.o)
                0x000000000800c280                __swbuf_r
 .text._write_r
                0x000000000800c342       0x2c d:/design/nucleistudio/toolchain/gcc/bin/../lib/gcc/riscv-nuclei-elf/10.2.0/../../../../riscv-nuclei-elf/lib/rv32imac/ilp32\libg_nano.a(lib_a-writer.o)
                0x000000000800c342                _write_r
 .text.__swsetup_r
                0x000000000800c36e      0x10a d:/design/nucleistudio/toolchain/gcc/bin/../lib/gcc/riscv-nuclei-elf/10.2.0/../../../../riscv-nuclei-elf/lib/rv32imac/ilp32\libg_nano.a(lib_a-wsetup.o)
                0x000000000800c36e                __swsetup_r
 .text.__assert_func
                0x000000000800c478       0x36 d:/design/nucleistudio/toolchain/gcc/bin/../lib/gcc/riscv-nuclei-elf/10.2.0/../../../../riscv-nuclei-elf/lib/rv32imac/ilp32\libg_nano.a(lib_a-assert.o)
                0x000000000800c478                __assert_func
 .text._close_r
                0x000000000800c4ae       0x28 d:/design/nucleistudio/toolchain/gcc/bin/../lib/gcc/riscv-nuclei-elf/10.2.0/../../../../riscv-nuclei-elf/lib/rv32imac/ilp32\libg_nano.a(lib_a-closer.o)
                0x000000000800c4ae                _close_r
 .text.__sflush_r
                0x000000000800c4d6      0x148 d:/design/nucleistudio/toolchain/gcc/bin/../lib/gcc/riscv-nuclei-elf/10.2.0/../../../../riscv-nuclei-elf/lib/rv32imac/ilp32\libg_nano.a(lib_a-fflush.o)
                0x000000000800c4d6                __sflush_r
 .text._fflush_r
                0x000000000800c61e       0x68 d:/design/nucleistudio/toolchain/gcc/bin/../lib/gcc/riscv-nuclei-elf/10.2.0/../../../../riscv-nuclei-elf/lib/rv32imac/ilp32\libg_nano.a(lib_a-fflush.o)
                0x000000000800c61e                _fflush_r
 .text.fprintf  0x000000000800c686       0x26 d:/design/nucleistudio/toolchain/gcc/bin/../lib/gcc/riscv-nuclei-elf/10.2.0/../../../../riscv-nuclei-elf/lib/rv32imac/ilp32\libg_nano.a(lib_a-fprintf.o)
                0x000000000800c686                fiprintf
                0x000000000800c686                fprintf
 .text._lseek_r
                0x000000000800c6ac       0x2c d:/design/nucleistudio/toolchain/gcc/bin/../lib/gcc/riscv-nuclei-elf/10.2.0/../../../../riscv-nuclei-elf/lib/rv32imac/ilp32\libg_nano.a(lib_a-lseekr.o)
                0x000000000800c6ac                _lseek_r
 .text.__swhatbuf_r
                0x000000000800c6d8       0x5a d:/design/nucleistudio/toolchain/gcc/bin/../lib/gcc/riscv-nuclei-elf/10.2.0/../../../../riscv-nuclei-elf/lib/rv32imac/ilp32\libg_nano.a(lib_a-makebuf.o)
                0x000000000800c6d8                __swhatbuf_r
 .text.__smakebuf_r
                0x000000000800c732       0xa0 d:/design/nucleistudio/toolchain/gcc/bin/../lib/gcc/riscv-nuclei-elf/10.2.0/../../../../riscv-nuclei-elf/lib/rv32imac/ilp32\libg_nano.a(lib_a-makebuf.o)
                0x000000000800c732                __smakebuf_r
 .text.__ascii_mbtowc
                0x000000000800c7d2       0x3a d:/design/nucleistudio/toolchain/gcc/bin/../lib/gcc/riscv-nuclei-elf/10.2.0/../../../../riscv-nuclei-elf/lib/rv32imac/ilp32\libg_nano.a(lib_a-mbtowc_r.o)
                0x000000000800c7d2                __ascii_mbtowc
 .text.__malloc_lock
                0x000000000800c80c        0x2 d:/design/nucleistudio/toolchain/gcc/bin/../lib/gcc/riscv-nuclei-elf/10.2.0/../../../../riscv-nuclei-elf/lib/rv32imac/ilp32\libg_nano.a(lib_a-mlock.o)
                0x000000000800c80c                __malloc_lock
 .text.__malloc_unlock
                0x000000000800c80e        0x2 d:/design/nucleistudio/toolchain/gcc/bin/../lib/gcc/riscv-nuclei-elf/10.2.0/../../../../riscv-nuclei-elf/lib/rv32imac/ilp32\libg_nano.a(lib_a-mlock.o)
                0x000000000800c80e                __malloc_unlock
 .text._read_r  0x000000000800c810       0x2c d:/design/nucleistudio/toolchain/gcc/bin/../lib/gcc/riscv-nuclei-elf/10.2.0/../../../../riscv-nuclei-elf/lib/rv32imac/ilp32\libg_nano.a(lib_a-readr.o)
                0x000000000800c810                _read_r
 .text.__ascii_wctomb
                0x000000000800c83c       0x20 d:/design/nucleistudio/toolchain/gcc/bin/../lib/gcc/riscv-nuclei-elf/10.2.0/../../../../riscv-nuclei-elf/lib/rv32imac/ilp32\libg_nano.a(lib_a-wctomb_r.o)
                0x000000000800c83c                __ascii_wctomb
 .text.abort    0x000000000800c85c        0xe d:/design/nucleistudio/toolchain/gcc/bin/../lib/gcc/riscv-nuclei-elf/10.2.0/../../../../riscv-nuclei-elf/lib/rv32imac/ilp32\libg_nano.a(lib_a-abort.o)
                0x000000000800c85c                abort
 .text._fstat_r
                0x000000000800c86a       0x2a d:/design/nucleistudio/toolchain/gcc/bin/../lib/gcc/riscv-nuclei-elf/10.2.0/../../../../riscv-nuclei-elf/lib/rv32imac/ilp32\libg_nano.a(lib_a-fstatr.o)
                0x000000000800c86a                _fstat_r
 .text._isatty_r
                0x000000000800c894       0x28 d:/design/nucleistudio/toolchain/gcc/bin/../lib/gcc/riscv-nuclei-elf/10.2.0/../../../../riscv-nuclei-elf/lib/rv32imac/ilp32\libg_nano.a(lib_a-isattyr.o)
                0x000000000800c894                _isatty_r
 .text._raise_r
                0x000000000800c8bc       0x62 d:/design/nucleistudio/toolchain/gcc/bin/../lib/gcc/riscv-nuclei-elf/10.2.0/../../../../riscv-nuclei-elf/lib/rv32imac/ilp32\libg_nano.a(lib_a-signal.o)
                0x000000000800c8bc                _raise_r
 .text.raise    0x000000000800c91e        0xa d:/design/nucleistudio/toolchain/gcc/bin/../lib/gcc/riscv-nuclei-elf/10.2.0/../../../../riscv-nuclei-elf/lib/rv32imac/ilp32\libg_nano.a(lib_a-signal.o)
                0x000000000800c91e                raise
 .text._kill_r  0x000000000800c928       0x2a d:/design/nucleistudio/toolchain/gcc/bin/../lib/gcc/riscv-nuclei-elf/10.2.0/../../../../riscv-nuclei-elf/lib/rv32imac/ilp32\libg_nano.a(lib_a-signalr.o)
                0x000000000800c928                _kill_r
 .text._getpid_r
                0x000000000800c952        0x4 d:/design/nucleistudio/toolchain/gcc/bin/../lib/gcc/riscv-nuclei-elf/10.2.0/../../../../riscv-nuclei-elf/lib/rv32imac/ilp32\libg_nano.a(lib_a-signalr.o)
                0x000000000800c952                _getpid_r
 .text          0x000000000800c956      0x60a d:/design/nucleistudio/toolchain/gcc/bin/../lib/gcc/riscv-nuclei-elf/10.2.0/rv32imac/ilp32\libgcc.a(adddf3.o)
                0x000000000800c956                __adddf3
 .text          0x000000000800cf60      0x540 d:/design/nucleistudio/toolchain/gcc/bin/../lib/gcc/riscv-nuclei-elf/10.2.0/rv32imac/ilp32\libgcc.a(divdf3.o)
                0x000000000800cf60                __divdf3
 .text          0x000000000800d4a0       0x6a d:/design/nucleistudio/toolchain/gcc/bin/../lib/gcc/riscv-nuclei-elf/10.2.0/rv32imac/ilp32\libgcc.a(eqdf2.o)
                0x000000000800d4a0                __nedf2
                0x000000000800d4a0                __eqdf2
 .text          0x000000000800d50a       0xa6 d:/design/nucleistudio/toolchain/gcc/bin/../lib/gcc/riscv-nuclei-elf/10.2.0/rv32imac/ilp32\libgcc.a(gedf2.o)
                0x000000000800d50a                __gedf2
                0x000000000800d50a                __gtdf2
 .text          0x000000000800d5b0       0xa6 d:/design/nucleistudio/toolchain/gcc/bin/../lib/gcc/riscv-nuclei-elf/10.2.0/rv32imac/ilp32\libgcc.a(ledf2.o)
                0x000000000800d5b0                __ledf2
                0x000000000800d5b0                __ltdf2
 .text          0x000000000800d656      0x442 d:/design/nucleistudio/toolchain/gcc/bin/../lib/gcc/riscv-nuclei-elf/10.2.0/rv32imac/ilp32\libgcc.a(muldf3.o)
                0x000000000800d656                __muldf3
 .text          0x000000000800da98      0x618 d:/design/nucleistudio/toolchain/gcc/bin/../lib/gcc/riscv-nuclei-elf/10.2.0/rv32imac/ilp32\libgcc.a(subdf3.o)
                0x000000000800da98                __subdf3
 .text          0x000000000800e0b0       0x3a d:/design/nucleistudio/toolchain/gcc/bin/../lib/gcc/riscv-nuclei-elf/10.2.0/rv32imac/ilp32\libgcc.a(unorddf2.o)
                0x000000000800e0b0                __unorddf2
 .text          0x000000000800e0ea       0x64 d:/design/nucleistudio/toolchain/gcc/bin/../lib/gcc/riscv-nuclei-elf/10.2.0/rv32imac/ilp32\libgcc.a(fixdfsi.o)
                0x000000000800e0ea                __fixdfsi
 .text          0x000000000800e14e       0x66 d:/design/nucleistudio/toolchain/gcc/bin/../lib/gcc/riscv-nuclei-elf/10.2.0/rv32imac/ilp32\libgcc.a(floatsidf.o)
                0x000000000800e14e                __floatsidf
 .text          0x000000000800e1b4       0x4e d:/design/nucleistudio/toolchain/gcc/bin/../lib/gcc/riscv-nuclei-elf/10.2.0/rv32imac/ilp32\libgcc.a(floatunsidf.o)
                0x000000000800e1b4                __floatunsidf
 .text          0x000000000800e202      0x23c d:/design/nucleistudio/toolchain/gcc/bin/../lib/gcc/riscv-nuclei-elf/10.2.0/rv32imac/ilp32\libgcc.a(trunctfdf2.o)
                0x000000000800e202                __trunctfdf2
 .text          0x000000000800e43e       0x3c d:/design/nucleistudio/toolchain/gcc/bin/../lib/gcc/riscv-nuclei-elf/10.2.0/rv32imac/ilp32\libgcc.a(_clzsi2.o)
                0x000000000800e43e                __clzsi2
 *(.gnu.linkonce.t.*)

.rodata         0x000000000800e480     0x271c
                0x000000000800e480                . = ALIGN (0x4)
 *(.rdata)
 *(.rodata .rodata.*)
 .rodata.rt_device_register.str1.4
                0x000000000800e480       0x17 ./rt-thread/src/device.o
 *fill*         0x000000000800e497        0x1 
 .rodata.rt_device_unregister.str1.4
                0x000000000800e498       0x74 ./rt-thread/src/device.o
 .rodata.rt_device_init.str1.4
                0x000000000800e50c       0x36 ./rt-thread/src/device.o
 *fill*         0x000000000800e542        0x2 
 .rodata.rt_device_open.str1.4
                0x000000000800e544       0x14 ./rt-thread/src/device.o
 .rodata.__FUNCTION__.1
                0x000000000800e558       0x1a ./rt-thread/src/device.o
 *fill*         0x000000000800e572        0x2 
 .rodata.__FUNCTION__.3
                0x000000000800e574       0x10 ./rt-thread/src/device.o
 .rodata.__FUNCTION__.4
                0x000000000800e584        0xf ./rt-thread/src/device.o
 *fill*         0x000000000800e593        0x1 
 .rodata.__FUNCTION__.5
                0x000000000800e594       0x10 ./rt-thread/src/device.o
 .rodata.__FUNCTION__.6
                0x000000000800e5a4        0xf ./rt-thread/src/device.o
 *fill*         0x000000000800e5b3        0x1 
 .rodata.__FUNCTION__.9
                0x000000000800e5b4        0xf ./rt-thread/src/device.o
 *fill*         0x000000000800e5c3        0x1 
 .rodata.rt_sem_init.str1.4
                0x000000000800e5c4        0xf ./rt-thread/src/ipc.o
 *fill*         0x000000000800e5d3        0x1 
 .rodata.rt_sem_detach.str1.4
                0x000000000800e5d4       0x77 ./rt-thread/src/ipc.o
 *fill*         0x000000000800e64b        0x1 
 .rodata.rt_sem_create.str1.4
                0x000000000800e64c       0x27 ./rt-thread/src/ipc.o
                                         0x2a (size before relaxing)
 *fill*         0x000000000800e673        0x1 
 .rodata.rt_sem_take.str1.4
                0x000000000800e674       0x37 ./rt-thread/src/ipc.o
 *fill*         0x000000000800e6ab        0x1 
 .rodata.__FUNCTION__.30
                0x000000000800e6ac        0xf ./rt-thread/src/ipc.o
 *fill*         0x000000000800e6bb        0x1 
 .rodata.__FUNCTION__.31
                0x000000000800e6bc        0xc ./rt-thread/src/ipc.o
 .rodata.__FUNCTION__.35
                0x000000000800e6c8        0xc ./rt-thread/src/ipc.o
 .rodata.rt_vsnprintf.str1.4
                0x000000000800e6d4        0x7 ./rt-thread/src/kservice.o
 *fill*         0x000000000800e6db        0x1 
 .rodata.rt_vsnprintf
                0x000000000800e6dc       0x84 ./rt-thread/src/kservice.o
 .rodata.rt_show_version.str1.4
                0x000000000800e760       0x86 ./rt-thread/src/kservice.o
 *fill*         0x000000000800e7e6        0x2 
 .rodata.rt_assert_handler.str1.4
                0x000000000800e7e8       0x37 ./rt-thread/src/kservice.o
 *fill*         0x000000000800e81f        0x1 
 .rodata.__lowest_bit_bitmap
                0x000000000800e820      0x100 ./rt-thread/src/kservice.o
                0x000000000800e820                __lowest_bit_bitmap
 .rodata.large_digits.2
                0x000000000800e920       0x11 ./rt-thread/src/kservice.o
 *fill*         0x000000000800e931        0x3 
 .rodata.small_digits.1
                0x000000000800e934       0x11 ./rt-thread/src/kservice.o
 *fill*         0x000000000800e945        0x3 
 .rodata.list_mem.str1.4
                0x000000000800e948       0x46 ./rt-thread/src/mem.o
 *fill*         0x000000000800e98e        0x2 
 .rodata.rt_system_heap_init.str1.4
                0x000000000800e990       0x42 ./rt-thread/src/mem.o
                                         0x6e (size before relaxing)
 *fill*         0x000000000800e9d2        0x2 
 .rodata.rt_malloc.str1.4
                0x000000000800e9d4       0xc4 ./rt-thread/src/mem.o
 .rodata.rt_free.str1.4
                0x000000000800ea98      0x15f ./rt-thread/src/mem.o
 *fill*         0x000000000800ebf7        0x1 
 .rodata.__FUNCTION__.1
                0x000000000800ebf8        0xa ./rt-thread/src/mem.o
 *fill*         0x000000000800ec02        0x2 
 .rodata.__FUNCTION__.2
                0x000000000800ec04        0xb ./rt-thread/src/mem.o
 *fill*         0x000000000800ec0f        0x1 
 .rodata.__FUNCTION__.4
                0x000000000800ec10        0xa ./rt-thread/src/mem.o
 *fill*         0x000000000800ec1a        0x2 
 .rodata.name   0x000000000800ec1c       0x29 ./rt-thread/src/mem.o
                0x000000000800ec1c                __fsym_list_mem_desc
                0x000000000800ec3c                __fsym_list_mem_name
 .rodata.rt_object_init.str1.4
                0x000000000800ec45       0x17 ./rt-thread/src/object.o
 *fill*         0x000000000800ec45        0x3 
 .rodata.rt_object_detach.str1.4
                0x000000000800ec48       0x12 ./rt-thread/src/object.o
 .rodata.rt_object_allocate.str1.4
                0x000000000800ec5a       0x2a ./rt-thread/src/object.o
 *fill*         0x000000000800ec5a        0x2 
 .rodata.rt_object_delete.str1.4
                0x000000000800ec5c       0x29 ./rt-thread/src/object.o
 *fill*         0x000000000800ec85        0x3 
 .rodata.__FUNCTION__.1
                0x000000000800ec88       0x13 ./rt-thread/src/object.o
 *fill*         0x000000000800ec9b        0x1 
 .rodata.__FUNCTION__.2
                0x000000000800ec9c       0x1a ./rt-thread/src/object.o
 *fill*         0x000000000800ecb6        0x2 
 .rodata.__FUNCTION__.3
                0x000000000800ecb8       0x11 ./rt-thread/src/object.o
 *fill*         0x000000000800ecc9        0x3 
 .rodata.__FUNCTION__.4
                0x000000000800eccc       0x13 ./rt-thread/src/object.o
 *fill*         0x000000000800ecdf        0x1 
 .rodata.__FUNCTION__.5
                0x000000000800ece0       0x11 ./rt-thread/src/object.o
 *fill*         0x000000000800ecf1        0x3 
 .rodata.__FUNCTION__.6
                0x000000000800ecf4        0xf ./rt-thread/src/object.o
 *fill*         0x000000000800ed03        0x1 
 .rodata.rt_schedule.str1.4
                0x000000000800ed04       0x65 ./rt-thread/src/scheduler.o
 *fill*         0x000000000800ed69        0x3 
 .rodata.__FUNCTION__.0
                0x000000000800ed6c       0x1a ./rt-thread/src/scheduler.o
 *fill*         0x000000000800ed86        0x2 
 .rodata.__FUNCTION__.1
                0x000000000800ed88       0x1a ./rt-thread/src/scheduler.o
 *fill*         0x000000000800eda2        0x2 
 .rodata.__FUNCTION__.2
                0x000000000800eda4       0x1a ./rt-thread/src/scheduler.o
 *fill*         0x000000000800edbe        0x2 
 .rodata.rt_thread_timeout.str1.4
                0x000000000800edc0       0x7e ./rt-thread/src/thread.o
                                         0x92 (size before relaxing)
 *fill*         0x000000000800ee3e        0x2 
 .rodata.rt_thread_init.str1.4
                0x000000000800ee40       0x3a ./rt-thread/src/thread.o
 *fill*         0x000000000800ee7a        0x2 
 .rodata.rt_thread_startup.str1.4
                0x000000000800ee7c       0x37 ./rt-thread/src/thread.o
 *fill*         0x000000000800eeb3        0x1 
 .rodata.__FUNCTION__.1
                0x000000000800eeb4       0x12 ./rt-thread/src/thread.o
 *fill*         0x000000000800eec6        0x2 
 .rodata.__FUNCTION__.2
                0x000000000800eec8       0x11 ./rt-thread/src/thread.o
 *fill*         0x000000000800eed9        0x3 
 .rodata.__FUNCTION__.3
                0x000000000800eedc       0x12 ./rt-thread/src/thread.o
 *fill*         0x000000000800eeee        0x2 
 .rodata.__FUNCTION__.5
                0x000000000800eef0       0x10 ./rt-thread/src/thread.o
 .rodata.__FUNCTION__.8
                0x000000000800ef00       0x12 ./rt-thread/src/thread.o
 *fill*         0x000000000800ef12        0x2 
 .rodata.__FUNCTION__.9
                0x000000000800ef14       0x10 ./rt-thread/src/thread.o
 .rodata.rt_timer_init.str1.4
                0x000000000800ef24       0x11 ./rt-thread/src/timer.o
 *fill*         0x000000000800ef35        0x3 
 .rodata.rt_timer_detach.str1.4
                0x000000000800ef38       0x66 ./rt-thread/src/timer.o
 *fill*         0x000000000800ef9e        0x2 
 .rodata.rt_timer_start.str1.4
                0x000000000800efa0       0x23 ./rt-thread/src/timer.o
 *fill*         0x000000000800efc3        0x1 
 .rodata.__FUNCTION__.0
                0x000000000800efc4       0x11 ./rt-thread/src/timer.o
 *fill*         0x000000000800efd5        0x3 
 .rodata.__FUNCTION__.1
                0x000000000800efd8        0xe ./rt-thread/src/timer.o
 *fill*         0x000000000800efe6        0x2 
 .rodata.__FUNCTION__.3
                0x000000000800efe8        0xf ./rt-thread/src/timer.o
 *fill*         0x000000000800eff7        0x1 
 .rodata.__FUNCTION__.5
                0x000000000800eff8       0x10 ./rt-thread/src/timer.o
 .rodata.__FUNCTION__.6
                0x000000000800f008        0xe ./rt-thread/src/timer.o
 *fill*         0x000000000800f016        0x2 
 .rodata.str1.4
                0x000000000800f018      0x11c ./rt-thread/components/finsh/cmd.o
 .rodata.hello.str1.4
                0x000000000800f134       0x12 ./rt-thread/components/finsh/cmd.o
 *fill*         0x000000000800f146        0x2 
 .rodata.list_device.str1.4
                0x000000000800f148       0x6b ./rt-thread/components/finsh/cmd.o
 *fill*         0x000000000800f1b3        0x1 
 .rodata.list_mempool.str1.4
                0x000000000800f1b4       0x94 ./rt-thread/components/finsh/cmd.o
                                         0x98 (size before relaxing)
 .rodata.list_memheap.str1.4
                0x000000000800f248       0x80 ./rt-thread/components/finsh/cmd.o
 .rodata.list_msgqueue.str1.4
                0x000000000800f2c8       0x65 ./rt-thread/components/finsh/cmd.o
 *fill*         0x000000000800f32d        0x3 
 .rodata.list_mailbox.str1.4
                0x000000000800f330       0x76 ./rt-thread/components/finsh/cmd.o
 *fill*         0x000000000800f3a6        0x2 
 .rodata.list_mutex.str1.4
                0x000000000800f3a8       0x63 ./rt-thread/components/finsh/cmd.o
 *fill*         0x000000000800f40b        0x1 
 .rodata.list_event.str1.4
                0x000000000800f40c       0x76 ./rt-thread/components/finsh/cmd.o
 *fill*         0x000000000800f482        0x2 
 .rodata.list_sem.str1.4
                0x000000000800f484       0x60 ./rt-thread/components/finsh/cmd.o
 .rodata.list_thread.str1.4
                0x000000000800f4e4       0xf0 ./rt-thread/components/finsh/cmd.o
 .rodata.list_timer.str1.4
                0x000000000800f5d4       0x9d ./rt-thread/components/finsh/cmd.o
 *fill*         0x000000000800f671        0x3 
 .rodata.list.str1.4
                0x000000000800f674       0x21 ./rt-thread/components/finsh/cmd.o
 *fill*         0x000000000800f695        0x3 
 .rodata        0x000000000800f698       0x50 ./rt-thread/components/finsh/cmd.o
 .rodata.name   0x000000000800f6e8      0x3d6 ./rt-thread/components/finsh/cmd.o
                0x000000000800f6e8                __fsym_list_desc
                0x000000000800f704                __fsym_list_name
                0x000000000800f70c                __fsym___cmd_list_device_desc
                0x000000000800f724                __fsym___cmd_list_device_name
                0x000000000800f738                __fsym_list_device_desc
                0x000000000800f750                __fsym_list_device_name
                0x000000000800f75c                __fsym___cmd_list_timer_desc
                0x000000000800f774                __fsym___cmd_list_timer_name
                0x000000000800f788                __fsym_list_timer_desc
                0x000000000800f7a0                __fsym_list_timer_name
                0x000000000800f7ac                __fsym___cmd_list_mempool_desc
                0x000000000800f7c8                __fsym___cmd_list_mempool_name
                0x000000000800f7dc                __fsym_list_mempool_desc
                0x000000000800f7f8                __fsym_list_mempool_name
                0x000000000800f808                __fsym___cmd_list_memheap_desc
                0x000000000800f824                __fsym___cmd_list_memheap_name
                0x000000000800f838                __fsym_list_memheap_desc
                0x000000000800f854                __fsym_list_memheap_name
                0x000000000800f864                __fsym___cmd_list_msgqueue_desc
                0x000000000800f884                __fsym___cmd_list_msgqueue_name
                0x000000000800f898                __fsym_list_msgqueue_desc
                0x000000000800f8b8                __fsym_list_msgqueue_name
                0x000000000800f8c8                __fsym___cmd_list_mailbox_desc
                0x000000000800f8e0                __fsym___cmd_list_mailbox_name
                0x000000000800f8f4                __fsym_list_mailbox_desc
                0x000000000800f90c                __fsym_list_mailbox_name
                0x000000000800f91c                __fsym___cmd_list_mutex_desc
                0x000000000800f934                __fsym___cmd_list_mutex_name
                0x000000000800f948                __fsym_list_mutex_desc
                0x000000000800f960                __fsym_list_mutex_name
                0x000000000800f96c                __fsym___cmd_list_event_desc
                0x000000000800f984                __fsym___cmd_list_event_name
                0x000000000800f998                __fsym_list_event_desc
                0x000000000800f9b0                __fsym_list_event_name
                0x000000000800f9bc                __fsym___cmd_list_sem_desc
                0x000000000800f9d8                __fsym___cmd_list_sem_name
                0x000000000800f9e8                __fsym_list_sem_desc
                0x000000000800fa04                __fsym_list_sem_name
                0x000000000800fa10                __fsym___cmd_list_thread_desc
                0x000000000800fa1c                __fsym___cmd_list_thread_name
                0x000000000800fa30                __fsym_list_thread_desc
                0x000000000800fa3c                __fsym_list_thread_name
                0x000000000800fa48                __fsym___cmd_version_desc
                0x000000000800fa6c                __fsym___cmd_version_name
                0x000000000800fa7c                __fsym_version_desc
                0x000000000800faa0                __fsym_version_name
                0x000000000800faa8                __fsym_hello_desc
                0x000000000800fab8                __fsym_hello_name
 *fill*         0x000000000800fabe        0x2 
 .rodata.msh_help.str1.4
                0x000000000800fac0       0x30 ./rt-thread/components/finsh/msh.o
                                         0x34 (size before relaxing)
 .rodata.msh_exec.str1.4
                0x000000000800faf0       0x40 ./rt-thread/components/finsh/msh.o
 .rodata.msh_auto_complete.str1.4
                0x000000000800fb30       0x40 ./rt-thread/components/finsh/msh.o
                                          0x4 (size before relaxing)
 .rodata.__FUNCTION__.0
                0x000000000800fb30        0xe ./rt-thread/components/finsh/msh.o
 *fill*         0x000000000800fb3e        0x2 
 .rodata.name   0x000000000800fb40       0x23 ./rt-thread/components/finsh/msh.o
                0x000000000800fb40                __fsym___cmd_help_desc
                0x000000000800fb58                __fsym___cmd_help_name
 *fill*         0x000000000800fb63        0x1 
 .rodata.name   0x000000000800fb64       0x81 ./rt-thread/components/finsh/msh_cmd.o
                0x000000000800fb64                __fsym___cmd_free_desc
                0x000000000800fb8c                __fsym___cmd_free_name
                0x000000000800fb98                __fsym___cmd_time_desc
                0x000000000800fbb4                __fsym___cmd_time_name
                0x000000000800fbc0                __fsym___cmd_ps_desc
                0x000000000800fbdc                __fsym___cmd_ps_name
 *fill*         0x000000000800fbe5        0x3 
 .rodata.finsh_rx_ind.str1.4
                0x000000000800fbe8       0x11 ./rt-thread/components/finsh/shell.o
 *fill*         0x000000000800fbf9        0x3 
 .rodata.finsh_system_init.str1.4
                0x000000000800fbfc       0x25 ./rt-thread/components/finsh/shell.o
 *fill*         0x000000000800fc21        0x3 
 .rodata.finsh_set_device.str1.4
                0x000000000800fc24       0x20 ./rt-thread/components/finsh/shell.o
 .rodata.finsh_thread_entry.str1.4
                0x000000000800fc44       0x24 ./rt-thread/components/finsh/shell.o
                                         0x2b (size before relaxing)
 .rodata.__FUNCTION__.0
                0x000000000800fc68        0xe ./rt-thread/components/finsh/shell.o
 *fill*         0x000000000800fc76        0x2 
 .rodata.__FUNCTION__.4
                0x000000000800fc78        0xd ./rt-thread/components/finsh/shell.o
 *fill*         0x000000000800fc85        0x3 
 .rodata.__FUNCTION__.5
                0x000000000800fc88       0x11 ./rt-thread/components/finsh/shell.o
 *fill*         0x000000000800fc99        0x3 
 .rodata.rt_serial_read.str1.4
                0x000000000800fc9c       0x13 ./rt-thread/components/drivers/serial/serial.o
 *fill*         0x000000000800fcaf        0x1 
 .rodata.__FUNCTION__.0
                0x000000000800fcb0       0x11 ./rt-thread/components/drivers/serial/serial.o
 *fill*         0x000000000800fcc1        0x3 
 .rodata.rt_pin_read.str1.4
                0x000000000800fcc4       0x17 ./rt-thread/components/drivers/misc/pin.o
 *fill*         0x000000000800fcdb        0x1 
 .rodata._pin_control.str1.4
                0x000000000800fcdc        0xf ./rt-thread/components/drivers/misc/pin.o
 *fill*         0x000000000800fceb        0x1 
 .rodata.__FUNCTION__.0
                0x000000000800fcec        0xc ./rt-thread/components/drivers/misc/pin.o
 .rodata.__FUNCTION__.1
                0x000000000800fcf8        0xd ./rt-thread/components/drivers/misc/pin.o
 *fill*         0x000000000800fd05        0x3 
 .rodata.__FUNCTION__.2
                0x000000000800fd08        0xc ./rt-thread/components/drivers/misc/pin.o
 .rodata.__FUNCTION__.6
                0x000000000800fd14        0xa ./rt-thread/components/drivers/misc/pin.o
 *fill*         0x000000000800fd1e        0x2 
 .rodata.__FUNCTION__.7
                0x000000000800fd20        0xb ./rt-thread/components/drivers/misc/pin.o
 *fill*         0x000000000800fd2b        0x1 
 .rodata.__FUNCTION__.8
                0x000000000800fd2c        0xd ./rt-thread/components/drivers/misc/pin.o
 *fill*         0x000000000800fd39        0x3 
 .rodata.name   0x000000000800fd3c       0x70 ./rt-thread/components/drivers/misc/pin.o
                0x000000000800fd3c                __fsym_pinRead_desc
                0x000000000800fd5c                __fsym_pinRead_name
                0x000000000800fd64                __fsym_pinWrite_desc
                0x000000000800fd80                __fsym_pinWrite_name
                0x000000000800fd8c                __fsym_pinMode_desc
                0x000000000800fda4                __fsym_pinMode_name
 .rodata        0x000000000800fdac       0x10 ./nuclei_sdk/SoC/gd32vf103/Common/Source/Drivers/gd32vf103_rcu.o
 .rodata.SystemBannerPrint.str1.4
                0x000000000800fdbc       0x62 ./nuclei_sdk/SoC/gd32vf103/Common/Source/system_gd32vf103.o
                                         0x6e (size before relaxing)
 *fill*         0x000000000800fe1e        0x2 
 .rodata.Exception_DumpFrame.str1.4
                0x000000000800fe20       0xe3 ./nuclei_sdk/SoC/gd32vf103/Common/Source/system_gd32vf103.o
 *fill*         0x000000000800ff03        0x1 
 .rodata.system_default_exception_handler.str1.4
                0x000000000800ff04       0x30 ./nuclei_sdk/SoC/gd32vf103/Common/Source/system_gd32vf103.o
 .rodata.rt_hw_pin_init.str1.4
                0x000000000800ff34        0x4 ./libraries/gd32vf103/HAL_Drivers/drv_gpio.o
 .rodata.CSWTCH.27
                0x000000000800ff38       0x10 ./libraries/gd32vf103/HAL_Drivers/drv_gpio.o
 .rodata._gd32_pin_ops
                0x000000000800ff48       0x18 ./libraries/gd32vf103/HAL_Drivers/drv_gpio.o
 .rodata.pin_irq_map
                0x000000000800ff60       0x80 ./libraries/gd32vf103/HAL_Drivers/drv_gpio.o
 .rodata.pins   0x000000000800ffe0      0x3c0 ./libraries/gd32vf103/HAL_Drivers/drv_gpio.o
 .rodata.gd32_getc.str1.4
                0x00000000080103a0       0x25 ./libraries/gd32vf103/HAL_Drivers/drv_usart.o
 *fill*         0x00000000080103c5        0x3 
 .rodata.__FUNCTION__.5
                0x00000000080103c8        0xa ./libraries/gd32vf103/HAL_Drivers/drv_usart.o
 *fill*         0x00000000080103d2        0x2 
 .rodata.thread1_entry.str1.4
                0x00000000080103d4       0x13 ./application/main.o
 *fill*         0x00000000080103e7        0x1 
 .rodata.main.str1.4
                0x00000000080103e8        0x8 ./application/main.o
 .rodata        0x00000000080103f0      0x100 d:/design/nucleistudio/toolchain/gcc/bin/../lib/gcc/riscv-nuclei-elf/10.2.0/rv32imac/ilp32\libgcc.a(_clz.o)
                0x00000000080103f0                __clz_tab
 .rodata._printf_float.str1.4
                0x00000000080104f0       0x10 d:/design/nucleistudio/toolchain/gcc/bin/../lib/gcc/riscv-nuclei-elf/10.2.0/../../../../riscv-nuclei-elf/lib/rv32imac/ilp32\libg_nano.a(lib_a-nano-vfprintf_float.o)
                                         0x12 (size before relaxing)
 .rodata._printf_i.str1.4
                0x0000000008010500       0x25 d:/design/nucleistudio/toolchain/gcc/bin/../lib/gcc/riscv-nuclei-elf/10.2.0/../../../../riscv-nuclei-elf/lib/rv32imac/ilp32\libg_nano.a(lib_a-nano-vfprintf_i.o)
 *fill*         0x0000000008010525        0x3 
 .rodata._printf_i
                0x0000000008010528       0x58 d:/design/nucleistudio/toolchain/gcc/bin/../lib/gcc/riscv-nuclei-elf/10.2.0/../../../../riscv-nuclei-elf/lib/rv32imac/ilp32\libg_nano.a(lib_a-nano-vfprintf_i.o)
 .rodata._dtoa_r.str1.4
                0x0000000008010580       0x8d d:/design/nucleistudio/toolchain/gcc/bin/../lib/gcc/riscv-nuclei-elf/10.2.0/../../../../riscv-nuclei-elf/lib/rv32imac/ilp32\libg_nano.a(lib_a-dtoa.o)
                                         0x91 (size before relaxing)
 *fill*         0x000000000801060d        0x3 
 .rodata.__sf_fake_stderr
                0x0000000008010610       0x20 d:/design/nucleistudio/toolchain/gcc/bin/../lib/gcc/riscv-nuclei-elf/10.2.0/../../../../riscv-nuclei-elf/lib/rv32imac/ilp32\libg_nano.a(lib_a-findfp.o)
                0x0000000008010610                __sf_fake_stderr
 .rodata.__sf_fake_stdin
                0x0000000008010630       0x20 d:/design/nucleistudio/toolchain/gcc/bin/../lib/gcc/riscv-nuclei-elf/10.2.0/../../../../riscv-nuclei-elf/lib/rv32imac/ilp32\libg_nano.a(lib_a-findfp.o)
                0x0000000008010630                __sf_fake_stdin
 .rodata.__sf_fake_stdout
                0x0000000008010650       0x20 d:/design/nucleistudio/toolchain/gcc/bin/../lib/gcc/riscv-nuclei-elf/10.2.0/../../../../riscv-nuclei-elf/lib/rv32imac/ilp32\libg_nano.a(lib_a-findfp.o)
                0x0000000008010650                __sf_fake_stdout
 .rodata._Balloc.str1.4
                0x0000000008010670       0x52 d:/design/nucleistudio/toolchain/gcc/bin/../lib/gcc/riscv-nuclei-elf/10.2.0/../../../../riscv-nuclei-elf/lib/rv32imac/ilp32\libg_nano.a(lib_a-mprec.o)
                                         0x6a (size before relaxing)
 .rodata.__multadd.str1.4
                0x00000000080106c2       0x11 d:/design/nucleistudio/toolchain/gcc/bin/../lib/gcc/riscv-nuclei-elf/10.2.0/../../../../riscv-nuclei-elf/lib/rv32imac/ilp32\libg_nano.a(lib_a-mprec.o)
 *fill*         0x00000000080106c2        0x6 
 .rodata.__mprec_bigtens
                0x00000000080106c8       0x28 d:/design/nucleistudio/toolchain/gcc/bin/../lib/gcc/riscv-nuclei-elf/10.2.0/../../../../riscv-nuclei-elf/lib/rv32imac/ilp32\libg_nano.a(lib_a-mprec.o)
                0x00000000080106c8                __mprec_bigtens
 .rodata.__mprec_tens
                0x00000000080106f0       0xc8 d:/design/nucleistudio/toolchain/gcc/bin/../lib/gcc/riscv-nuclei-elf/10.2.0/../../../../riscv-nuclei-elf/lib/rv32imac/ilp32\libg_nano.a(lib_a-mprec.o)
                0x00000000080106f0                __mprec_tens
 .rodata.p05.0  0x00000000080107b8        0xc d:/design/nucleistudio/toolchain/gcc/bin/../lib/gcc/riscv-nuclei-elf/10.2.0/../../../../riscv-nuclei-elf/lib/rv32imac/ilp32\libg_nano.a(lib_a-mprec.o)
 .rodata._vfprintf_r.str1.4
                0x00000000080107c4       0x13 d:/design/nucleistudio/toolchain/gcc/bin/../lib/gcc/riscv-nuclei-elf/10.2.0/../../../../riscv-nuclei-elf/lib/rv32imac/ilp32\libg_nano.a(lib_a-nano-vfprintf.o)
 *fill*         0x00000000080107d7        0x1 
 .rodata.__assert_func.str1.4
                0x00000000080107d8       0x3f d:/design/nucleistudio/toolchain/gcc/bin/../lib/gcc/riscv-nuclei-elf/10.2.0/../../../../riscv-nuclei-elf/lib/rv32imac/ilp32\libg_nano.a(lib_a-assert.o)
                                         0x43 (size before relaxing)
 *fill*         0x0000000008010817        0x1 
 .rodata._setlocale_r.str1.4
                0x0000000008010818        0xa d:/design/nucleistudio/toolchain/gcc/bin/../lib/gcc/riscv-nuclei-elf/10.2.0/../../../../riscv-nuclei-elf/lib/rv32imac/ilp32\libg_nano.a(lib_a-locale.o)
                                          0xd (size before relaxing)
 *fill*         0x0000000008010822        0x2 
 .rodata.str1.4
                0x0000000008010824        0x2 d:/design/nucleistudio/toolchain/gcc/bin/../lib/gcc/riscv-nuclei-elf/10.2.0/../../../../riscv-nuclei-elf/lib/rv32imac/ilp32\libg_nano.a(lib_a-locale.o)
 *fill*         0x0000000008010826        0x2 
 .rodata._ctype_
                0x0000000008010828      0x101 d:/design/nucleistudio/toolchain/gcc/bin/../lib/gcc/riscv-nuclei-elf/10.2.0/../../../../riscv-nuclei-elf/lib/rv32imac/ilp32\libg_nano.a(lib_a-ctype_.o)
                0x0000000008010828                _ctype_
 *fill*         0x0000000008010929        0x3 
 .rodata        0x000000000801092c       0x3c d:/design/nucleistudio/toolchain/gcc/bin/../lib/gcc/riscv-nuclei-elf/10.2.0/rv32imac/ilp32\libgcc.a(divdf3.o)
 .rodata        0x0000000008010968       0x3c d:/design/nucleistudio/toolchain/gcc/bin/../lib/gcc/riscv-nuclei-elf/10.2.0/rv32imac/ilp32\libgcc.a(muldf3.o)
                0x00000000080109a4                . = ALIGN (0x4)
                0x00000000080109a4                __rt_init_start = .
 *(SORT_BY_NAME(.rti_fn*))
 .rti_fn.0      0x00000000080109a4        0x4 ./rt-thread/src/components.o
                0x00000000080109a4                __rt_init_rti_start
 .rti_fn.0.end  0x00000000080109a8        0x4 ./rt-thread/src/components.o
                0x00000000080109a8                __rt_init_rti_board_start
 .rti_fn.1      0x00000000080109ac        0x4 ./libraries/gd32vf103/HAL_Drivers/drv_gpio.o
                0x00000000080109ac                __rt_init_rt_hw_pin_init
 .rti_fn.1.end  0x00000000080109b0        0x4 ./rt-thread/src/components.o
                0x00000000080109b0                __rt_init_rti_board_end
 .rti_fn.6      0x00000000080109b4        0x4 ./rt-thread/components/finsh/shell.o
                0x00000000080109b4                __rt_init_finsh_system_init
 .rti_fn.6.end  0x00000000080109b8        0x4 ./rt-thread/src/components.o
                0x00000000080109b8                __rt_init_rti_end
                0x00000000080109bc                __rt_init_end = .
                0x00000000080109bc                . = ALIGN (0x4)
                0x00000000080109bc                __fsymtab_start = .
 *(FSymTab)
 FSymTab        0x00000000080109bc        0xc ./rt-thread/src/mem.o
                0x00000000080109bc                __fsym_list_mem
 FSymTab        0x00000000080109c8      0x120 ./rt-thread/components/finsh/cmd.o
                0x00000000080109c8                __fsym_list
                0x00000000080109d4                __fsym___cmd_list_device
                0x00000000080109e0                __fsym_list_device
                0x00000000080109ec                __fsym___cmd_list_timer
                0x00000000080109f8                __fsym_list_timer